[33mNextflow 25.10.2 is available - Please consider updating your version to it(B[m

 N E X T F L O W   ~  version 25.04.6

WARN: It appears you have never run this project before -- Option `-resume` is ignored
Launching `/data/ucct/bi/pipelines/nf-core-taxprofiler/nf-core-taxprofiler-1.2.4/main.nf` [stupefied_banach] DSL2 - revision: bba6c867d1


------------------------------------------------------
                                        ,--./,-.
        ___     __   __   __   ___     /,-._.--~'
  |\ | |__  __ /  ` /  \ |__) |__         }  {
  | \| |       \__, \__/ |  \ |___     \`-._,-`-,
                                        `._,._,'
  nf-core/taxprofiler 1.2.4
------------------------------------------------------
Input/output options
  input                             : samplesheet.csv
  databases                         : ../../DOC/databasesheet.csv
  outdir                            : ./results
  multiqc_title                     : ERP015409

Preprocessing short-read QC options
  perform_shortread_qc              : true
  shortread_qc_minlength            : 50
  perform_shortread_complexityfilter: true
  shortread_complexityfilter_entropy: 0.5
  save_complexityfiltered_reads     : true

Preprocessing host removal options
  perform_shortread_hostremoval     : true
  hostremoval_reference             : /data/ucct/bi/references/eukaria/homo_sapiens/hg38/NCBI/genome/GCF_000001405.40_GRCh38.p14/GCF_000001405.40_GRCh38.p14_genomic.fna.gz
  shortread_hostremoval_index       : ../../REFERENCES/bowtie2/

Profiling options
  run_diamond                       : true
  kaiju_taxon_rank                  : genus
  ganon_report_rank                 : genus

Postprocessing and visualisation options
  run_profile_standardisation       : true
  run_krona                         : true
  krona_taxonomy_directory          : /data/ucct/bi/research/20250625_TFM_CIBORRA_IC-SM_T/REFERENCES/krona/taxonomy_db
  taxpasta_taxonomy_dir             : ../../REFERENCES/taxdump/2025-09-01_taxdump/
  taxpasta_add_name                 : true
  taxpasta_add_rank                 : true

Generic options
  trace_report_suffix               : 2026-01-05_09-19-02

Core Nextflow options
  runName                           : stupefied_banach
  containerEngine                   : singularity
  launchDir                         : /data/ucct/bi/research/20250625_TFM_CIBORRA_IC-SM_T/ANALYSIS/20251217_ANALYSIS23_diamond6.2
  workDir                           : /data/ucct/bi/research/20250625_TFM_CIBORRA_IC-SM_T/ANALYSIS/20251217_ANALYSIS23_diamond6.2/work
  projectDir                        : /data/ucct/bi/pipelines/nf-core-taxprofiler/nf-core-taxprofiler-1.2.4
  userName                          : carmen.iborra
  profile                           : singularity
  configFiles                       : /data/ucct/bi/pipelines/nf-core-taxprofiler/nf-core-taxprofiler-1.2.4/nextflow.config, /data/ucct/bi/research/20250625_TFM_CIBORRA_IC-SM_T/ANALYSIS/20251217_ANALYSIS23_diamond6.2/../../DOC/taxprofiler.config

!! Only displaying parameters that differ from the pipeline defaults !!
------------------------------------------------------
* The pipeline
    https://doi.org/10.1101/2023.10.20.563221

* The nf-core framework
    https://doi.org/10.1038/s41587-020-0439-x

* Software dependencies
    https://github.com/nf-core/taxprofiler/blob/master/CITATIONS.md

WARN: The following invalid input values have been detected:

* --max_cpus: 32
* --max_time: 24.h
* --run_krona_combined: true
* --max_memory: 376 GB


[-        ] NFC…PROFILER:TAXPROFILER:UNTAR -
[-        ] NFC…ROFILER:TAXPROFILER:FASTQC -
[-        ] NFC…ORTREAD_FASTP:FASTP_SINGLE -
[-        ] NFC…ORTREAD_FASTP:FASTP_PAIRED -

[-        ] NFC…PROFILER:TAXPROFILER:UNTAR -
[-        ] NFC…ROFILER:TAXPROFILER:FASTQC -
[-        ] NFC…ORTREAD_FASTP:FASTP_SINGLE -
[-        ] NFC…ORTREAD_FASTP:FASTP_PAIRED -
[-        ] NFC…ROCESSING:FASTQC_PROCESSED -
[-        ] NFC…EXITYFILTERING:BBMAP_BBDUK -
[-        ] NFC…_HOSTREMOVAL:BOWTIE2_ALIGN -
[-        ] NFC…HOSTREMOVAL:SAMTOOLS_INDEX -
[-        ] NFC…HOSTREMOVAL:SAMTOOLS_STATS -
[-        ] NFC…R:PROFILING:DIAMOND_BLASTX -
[-        ] NFC…:KRAKENTOOLS_KREPORT2KRONA -
[-        ] NFC…ON_KRONA:KAIJU_KAIJU2KRONA -
[-        ] NFC…ZATION_KRONA:KRONA_CLEANUP -
[-        ] NFC…N_KRONA:KRONA_KTIMPORTTEXT -

[-        ] NFC…PROFILER:TAXPROFILER:UNTAR -
[-        ] NFC…ROFILER:TAXPROFILER:FASTQC -
[-        ] NFC…ORTREAD_FASTP:FASTP_SINGLE -
[-        ] NFC…ORTREAD_FASTP:FASTP_PAIRED -
[-        ] NFC…ROCESSING:FASTQC_PROCESSED -
[-        ] NFC…EXITYFILTERING:BBMAP_BBDUK -
[-        ] NFC…_HOSTREMOVAL:BOWTIE2_ALIGN -
[-        ] NFC…HOSTREMOVAL:SAMTOOLS_INDEX -
[-        ] NFC…HOSTREMOVAL:SAMTOOLS_STATS -
[-        ] NFC…R:PROFILING:DIAMOND_BLASTX -
[-        ] NFC…:KRAKENTOOLS_KREPORT2KRONA -
[-        ] NFC…ON_KRONA:KAIJU_KAIJU2KRONA -
[-        ] NFC…ZATION_KRONA:KRONA_CLEANUP -
[-        ] NFC…N_KRONA:KRONA_KTIMPORTTEXT -
[-        ] NFC…KRONA:MEGAN_RMA2INFO_KRONA -
[-        ] NFC…VISUALIZATION_KRONA:GUNZIP -
[-        ] NFC…ONA:KRONA_KTIMPORTTAXONOMY -
[-        ] NFC…ON_PROFILES:TAXPASTA_MERGE -
[-        ] NFC…FILES:TAXPASTA_STANDARDISE -
[-        ] NFC…CKEN_COMBINEBRACKENOUTPUTS -
Plus 4 more processes waiting for tasks…

[-        ] NFC…PROFILER:TAXPROFILER:UNTAR -
[-        ] NFC…ROFILER:TAXPROFILER:FASTQC -
[-        ] NFC…ORTREAD_FASTP:FASTP_SINGLE -
[-        ] NFC…ORTREAD_FASTP:FASTP_PAIRED -
[-        ] NFC…ROCESSING:FASTQC_PROCESSED -
[-        ] NFC…EXITYFILTERING:BBMAP_BBDUK -
[-        ] NFC…_HOSTREMOVAL:BOWTIE2_ALIGN -
[-        ] NFC…HOSTREMOVAL:SAMTOOLS_INDEX -
[-        ] NFC…HOSTREMOVAL:SAMTOOLS_STATS -
[-        ] NFC…R:PROFILING:DIAMOND_BLASTX -
[-        ] NFC…:KRAKENTOOLS_KREPORT2KRONA -
[-        ] NFC…ON_KRONA:KAIJU_KAIJU2KRONA -
[-        ] NFC…ZATION_KRONA:KRONA_CLEANUP -
[-        ] NFC…N_KRONA:KRONA_KTIMPORTTEXT -
[-        ] NFC…KRONA:MEGAN_RMA2INFO_KRONA -
[-        ] NFC…VISUALIZATION_KRONA:GUNZIP -
[-        ] NFC…ONA:KRONA_KTIMPORTTAXONOMY -
[-        ] NFC…ON_PROFILES:TAXPASTA_MERGE -
[-        ] NFC…FILES:TAXPASTA_STANDARDISE -
[-        ] NFC…CKEN_COMBINEBRACKENOUTPUTS -
Plus 7 more processes waiting for tasks…

[-        ] NFC…PROFILER:TAXPROFILER:UNTAR -
[-        ] NFC…ROFILER:TAXPROFILER:FASTQC | 0 of 5
[-        ] NFC…ORTREAD_FASTP:FASTP_SINGLE -
[-        ] NFC…ORTREAD_FASTP:FASTP_PAIRED | 0 of 5
[-        ] NFC…ROCESSING:FASTQC_PROCESSED -
[-        ] NFC…EXITYFILTERING:BBMAP_BBDUK -
[-        ] NFC…_HOSTREMOVAL:BOWTIE2_ALIGN -
[-        ] NFC…HOSTREMOVAL:SAMTOOLS_INDEX -
[-        ] NFC…HOSTREMOVAL:SAMTOOLS_STATS -
[-        ] NFC…R:PROFILING:DIAMOND_BLASTX -
[-        ] NFC…:KRAKENTOOLS_KREPORT2KRONA -
[-        ] NFC…ON_KRONA:KAIJU_KAIJU2KRONA -
[-        ] NFC…ZATION_KRONA:KRONA_CLEANUP -
[-        ] NFC…N_KRONA:KRONA_KTIMPORTTEXT -
[-        ] NFC…KRONA:MEGAN_RMA2INFO_KRONA -
[-        ] NFC…VISUALIZATION_KRONA:GUNZIP -
[-        ] NFC…ONA:KRONA_KTIMPORTTAXONOMY -
[-        ] NFC…ON_PROFILES:TAXPASTA_MERGE -
[-        ] NFC…FILES:TAXPASTA_STANDARDISE -
[-        ] NFC…CKEN_COMBINEBRACKENOUTPUTS -
Plus 7 more processes waiting for tasks…

executor >  slurm (10)
[-        ] NFC…PROFILER:TAXPROFILER:UNTAR -
[bc/8621f6] NFC…XPROFILER:FASTQC (USA.74i) | 0 of 5
[-        ] NFC…ORTREAD_FASTP:FASTP_SINGLE -
[a1/e33600] NFC…STP:FASTP_PAIRED (USA.74i) | 0 of 5
[-        ] NFC…ROCESSING:FASTQC_PROCESSED -
[-        ] NFC…EXITYFILTERING:BBMAP_BBDUK -
[-        ] NFC…_HOSTREMOVAL:BOWTIE2_ALIGN -
[-        ] NFC…HOSTREMOVAL:SAMTOOLS_INDEX -
[-        ] NFC…HOSTREMOVAL:SAMTOOLS_STATS -
[-        ] NFC…R:PROFILING:DIAMOND_BLASTX -
[-        ] NFC…:KRAKENTOOLS_KREPORT2KRONA -
[-        ] NFC…ON_KRONA:KAIJU_KAIJU2KRONA -
[-        ] NFC…ZATION_KRONA:KRONA_CLEANUP -
[-        ] NFC…N_KRONA:KRONA_KTIMPORTTEXT -
[-        ] NFC…KRONA:MEGAN_RMA2INFO_KRONA -
[-        ] NFC…VISUALIZATION_KRONA:GUNZIP -
[-        ] NFC…ONA:KRONA_KTIMPORTTAXONOMY -
[-        ] NFC…ON_PROFILES:TAXPASTA_MERGE -
[-        ] NFC…FILES:TAXPASTA_STANDARDISE -
[-        ] NFC…CKEN_COMBINEBRACKENOUTPUTS -
Plus 7 more processes waiting for tasks…

executor >  slurm (10)
[-        ] NFC…PROFILER:TAXPROFILER:UNTAR -
[bc/8621f6] NFC…XPROFILER:FASTQC (USA.74i) | 0 of 5
[-        ] NFC…ORTREAD_FASTP:FASTP_SINGLE -
[a1/e33600] NFC…STP:FASTP_PAIRED (USA.74i) | 0 of 5
[-        ] NFC…ROCESSING:FASTQC_PROCESSED -
[-        ] NFC…EXITYFILTERING:BBMAP_BBDUK -
[-        ] NFC…_HOSTREMOVAL:BOWTIE2_ALIGN -
[-        ] NFC…HOSTREMOVAL:SAMTOOLS_INDEX -
[-        ] NFC…HOSTREMOVAL:SAMTOOLS_STATS -
[-        ] NFC…R:PROFILING:DIAMOND_BLASTX -
[-        ] NFC…:KRAKENTOOLS_KREPORT2KRONA -
[-        ] NFC…ON_KRONA:KAIJU_KAIJU2KRONA -
[-        ] NFC…ZATION_KRONA:KRONA_CLEANUP -
[-        ] NFC…N_KRONA:KRONA_KTIMPORTTEXT -
[-        ] NFC…KRONA:MEGAN_RMA2INFO_KRONA -
[-        ] NFC…VISUALIZATION_KRONA:GUNZIP -
[-        ] NFC…ONA:KRONA_KTIMPORTTAXONOMY -
[-        ] NFC…ON_PROFILES:TAXPASTA_MERGE -
[-        ] NFC…FILES:TAXPASTA_STANDARDISE -
[-        ] NFC…CKEN_COMBINEBRACKENOUTPUTS -
Plus 7 more processes waiting for tasks…

executor >  slurm (11)
[-        ] NFC…PROFILER:TAXPROFILER:UNTAR -
[bc/8621f6] NFC…XPROFILER:FASTQC (USA.74i) | 0 of 5
[-        ] NFC…ORTREAD_FASTP:FASTP_SINGLE -
[c1/f7deac] NFC…STP:FASTP_PAIRED (USA.74g) | 1 of 5
[0d/86302d] NFC…FASTQC_PROCESSED (USA.74g) | 0 of 1
[-        ] NFC…EXITYFILTERING:BBMAP_BBDUK -
[-        ] NFC…_HOSTREMOVAL:BOWTIE2_ALIGN -
[-        ] NFC…HOSTREMOVAL:SAMTOOLS_INDEX -
[-        ] NFC…HOSTREMOVAL:SAMTOOLS_STATS -
[-        ] NFC…R:PROFILING:DIAMOND_BLASTX -
[-        ] NFC…:KRAKENTOOLS_KREPORT2KRONA -
[-        ] NFC…ON_KRONA:KAIJU_KAIJU2KRONA -
[-        ] NFC…ZATION_KRONA:KRONA_CLEANUP -
[-        ] NFC…N_KRONA:KRONA_KTIMPORTTEXT -
[-        ] NFC…KRONA:MEGAN_RMA2INFO_KRONA -
[-        ] NFC…VISUALIZATION_KRONA:GUNZIP -
[-        ] NFC…ONA:KRONA_KTIMPORTTAXONOMY -
[-        ] NFC…ON_PROFILES:TAXPASTA_MERGE -
[-        ] NFC…FILES:TAXPASTA_STANDARDISE -
[-        ] NFC…CKEN_COMBINEBRACKENOUTPUTS -
Plus 7 more processes waiting for tasks…

executor >  slurm (12)
[-        ] NFC…PROFILER:TAXPROFILER:UNTAR -
[bc/8621f6] NFC…XPROFILER:FASTQC (USA.74i) | 0 of 5
[-        ] NFC…ORTREAD_FASTP:FASTP_SINGLE -
[c1/f7deac] NFC…STP:FASTP_PAIRED (USA.74g) | 1 of 5
[0d/86302d] NFC…FASTQC_PROCESSED (USA.74g) | 0 of 1
[d1/adee1e] NFC…RING:BBMAP_BBDUK (USA.74g) | 0 of 1
[-        ] NFC…_HOSTREMOVAL:BOWTIE2_ALIGN -
[-        ] NFC…HOSTREMOVAL:SAMTOOLS_INDEX -
[-        ] NFC…HOSTREMOVAL:SAMTOOLS_STATS -
[-        ] NFC…R:PROFILING:DIAMOND_BLASTX -
[-        ] NFC…:KRAKENTOOLS_KREPORT2KRONA -
[-        ] NFC…ON_KRONA:KAIJU_KAIJU2KRONA -
[-        ] NFC…ZATION_KRONA:KRONA_CLEANUP -
[-        ] NFC…N_KRONA:KRONA_KTIMPORTTEXT -
[-        ] NFC…KRONA:MEGAN_RMA2INFO_KRONA -
[-        ] NFC…VISUALIZATION_KRONA:GUNZIP -
[-        ] NFC…ONA:KRONA_KTIMPORTTAXONOMY -
[-        ] NFC…ON_PROFILES:TAXPASTA_MERGE -
[-        ] NFC…FILES:TAXPASTA_STANDARDISE -
[-        ] NFC…CKEN_COMBINEBRACKENOUTPUTS -
Plus 7 more processes waiting for tasks…

executor >  slurm (12)
[-        ] NFC…PROFILER:TAXPROFILER:UNTAR -
[bc/8621f6] NFC…XPROFILER:FASTQC (USA.74i) | 0 of 5
[-        ] NFC…ORTREAD_FASTP:FASTP_SINGLE -
[c1/f7deac] NFC…STP:FASTP_PAIRED (USA.74g) | 1 of 5
[0d/86302d] NFC…FASTQC_PROCESSED (USA.74g) | 0 of 1
[d1/adee1e] NFC…RING:BBMAP_BBDUK (USA.74g) | 0 of 1
[-        ] NFC…_HOSTREMOVAL:BOWTIE2_ALIGN -
[-        ] NFC…HOSTREMOVAL:SAMTOOLS_INDEX -
[-        ] NFC…HOSTREMOVAL:SAMTOOLS_STATS -
[-        ] NFC…R:PROFILING:DIAMOND_BLASTX -
[-        ] NFC…:KRAKENTOOLS_KREPORT2KRONA -
[-        ] NFC…ON_KRONA:KAIJU_KAIJU2KRONA -
[-        ] NFC…ZATION_KRONA:KRONA_CLEANUP -
[-        ] NFC…N_KRONA:KRONA_KTIMPORTTEXT -
[-        ] NFC…KRONA:MEGAN_RMA2INFO_KRONA -
[-        ] NFC…VISUALIZATION_KRONA:GUNZIP -
[-        ] NFC…ONA:KRONA_KTIMPORTTAXONOMY -
[-        ] NFC…ON_PROFILES:TAXPASTA_MERGE -
[-        ] NFC…FILES:TAXPASTA_STANDARDISE -
[-        ] NFC…CKEN_COMBINEBRACKENOUTPUTS -
Plus 7 more processes waiting for tasks…

executor >  slurm (12)
[-        ] NFC…PROFILER:TAXPROFILER:UNTAR -
[58/53934c] NFC…XPROFILER:FASTQC (USA.74g) | 2 of 5
[-        ] NFC…ORTREAD_FASTP:FASTP_SINGLE -
[c1/f7deac] NFC…STP:FASTP_PAIRED (USA.74g) | 1 of 5
[0d/86302d] NFC…FASTQC_PROCESSED (USA.74g) | 0 of 1
[d1/adee1e] NFC…RING:BBMAP_BBDUK (USA.74g) | 0 of 1
[-        ] NFC…_HOSTREMOVAL:BOWTIE2_ALIGN -
[-        ] NFC…HOSTREMOVAL:SAMTOOLS_INDEX -
[-        ] NFC…HOSTREMOVAL:SAMTOOLS_STATS -
[-        ] NFC…R:PROFILING:DIAMOND_BLASTX -
[-        ] NFC…:KRAKENTOOLS_KREPORT2KRONA -
[-        ] NFC…ON_KRONA:KAIJU_KAIJU2KRONA -
[-        ] NFC…ZATION_KRONA:KRONA_CLEANUP -
[-        ] NFC…N_KRONA:KRONA_KTIMPORTTEXT -
[-        ] NFC…KRONA:MEGAN_RMA2INFO_KRONA -
[-        ] NFC…VISUALIZATION_KRONA:GUNZIP -
[-        ] NFC…ONA:KRONA_KTIMPORTTAXONOMY -
[-        ] NFC…ON_PROFILES:TAXPASTA_MERGE -
[-        ] NFC…FILES:TAXPASTA_STANDARDISE -
[-        ] NFC…CKEN_COMBINEBRACKENOUTPUTS -
Plus 7 more processes waiting for tasks…

executor >  slurm (12)
[-        ] NFC…PROFILER:TAXPROFILER:UNTAR -
[58/53934c] NFC…XPROFILER:FASTQC (USA.74g) | 2 of 5
[-        ] NFC…ORTREAD_FASTP:FASTP_SINGLE -
[c1/f7deac] NFC…STP:FASTP_PAIRED (USA.74g) | 1 of 5
[0d/86302d] NFC…FASTQC_PROCESSED (USA.74g) | 0 of 1
[d1/adee1e] NFC…RING:BBMAP_BBDUK (USA.74g) | 1 of 1
[-        ] NFC…_HOSTREMOVAL:BOWTIE2_ALIGN | 0 of 1
[-        ] NFC…HOSTREMOVAL:SAMTOOLS_INDEX -
[-        ] NFC…HOSTREMOVAL:SAMTOOLS_STATS -
[-        ] NFC…R:PROFILING:DIAMOND_BLASTX -
[-        ] NFC…:KRAKENTOOLS_KREPORT2KRONA -
[-        ] NFC…ON_KRONA:KAIJU_KAIJU2KRONA -
[-        ] NFC…ZATION_KRONA:KRONA_CLEANUP -
[-        ] NFC…N_KRONA:KRONA_KTIMPORTTEXT -
[-        ] NFC…KRONA:MEGAN_RMA2INFO_KRONA -
[-        ] NFC…VISUALIZATION_KRONA:GUNZIP -
[-        ] NFC…ONA:KRONA_KTIMPORTTAXONOMY -
[-        ] NFC…ON_PROFILES:TAXPASTA_MERGE -
[-        ] NFC…FILES:TAXPASTA_STANDARDISE -
[-        ] NFC…CKEN_COMBINEBRACKENOUTPUTS -
Plus 7 more processes waiting for tasks…

executor >  slurm (13)
[-        ] NFC…PROFILER:TAXPROFILER:UNTAR -
[58/53934c] NFC…XPROFILER:FASTQC (USA.74g) | 2 of 5
[-        ] NFC…ORTREAD_FASTP:FASTP_SINGLE -
[c1/f7deac] NFC…STP:FASTP_PAIRED (USA.74g) | 1 of 5
[0d/86302d] NFC…FASTQC_PROCESSED (USA.74g) | 0 of 1
[d1/adee1e] NFC…RING:BBMAP_BBDUK (USA.74g) | 1 of 1
[38/7ceecb] NFC…AL:BOWTIE2_ALIGN (USA.74g) | 0 of 1
[-        ] NFC…HOSTREMOVAL:SAMTOOLS_INDEX -
[-        ] NFC…HOSTREMOVAL:SAMTOOLS_STATS -
[-        ] NFC…R:PROFILING:DIAMOND_BLASTX -
[-        ] NFC…:KRAKENTOOLS_KREPORT2KRONA -
[-        ] NFC…ON_KRONA:KAIJU_KAIJU2KRONA -
[-        ] NFC…ZATION_KRONA:KRONA_CLEANUP -
[-        ] NFC…N_KRONA:KRONA_KTIMPORTTEXT -
[-        ] NFC…KRONA:MEGAN_RMA2INFO_KRONA -
[-        ] NFC…VISUALIZATION_KRONA:GUNZIP -
[-        ] NFC…ONA:KRONA_KTIMPORTTAXONOMY -
[-        ] NFC…ON_PROFILES:TAXPASTA_MERGE -
[-        ] NFC…FILES:TAXPASTA_STANDARDISE -
[-        ] NFC…CKEN_COMBINEBRACKENOUTPUTS -
Plus 7 more processes waiting for tasks…

executor >  slurm (15)
[-        ] NFC…PROFILER:TAXPROFILER:UNTAR -
[58/53934c] NFC…XPROFILER:FASTQC (USA.74g) | 2 of 5
[-        ] NFC…ORTREAD_FASTP:FASTP_SINGLE -
[a3/14a4f4] NFC…STP:FASTP_PAIRED (USA.74f) | 2 of 5
[b3/fd69fb] NFC…FASTQC_PROCESSED (USA.74f) | 0 of 2
[83/569e0b] NFC…RING:BBMAP_BBDUK (USA.74f) | 1 of 2
[38/7ceecb] NFC…AL:BOWTIE2_ALIGN (USA.74g) | 0 of 1
[-        ] NFC…HOSTREMOVAL:SAMTOOLS_INDEX -
[-        ] NFC…HOSTREMOVAL:SAMTOOLS_STATS -
[-        ] NFC…R:PROFILING:DIAMOND_BLASTX -
[-        ] NFC…:KRAKENTOOLS_KREPORT2KRONA -
[-        ] NFC…ON_KRONA:KAIJU_KAIJU2KRONA -
[-        ] NFC…ZATION_KRONA:KRONA_CLEANUP -
[-        ] NFC…N_KRONA:KRONA_KTIMPORTTEXT -
[-        ] NFC…KRONA:MEGAN_RMA2INFO_KRONA -
[-        ] NFC…VISUALIZATION_KRONA:GUNZIP -
[-        ] NFC…ONA:KRONA_KTIMPORTTAXONOMY -
[-        ] NFC…ON_PROFILES:TAXPASTA_MERGE -
[-        ] NFC…FILES:TAXPASTA_STANDARDISE -
[-        ] NFC…CKEN_COMBINEBRACKENOUTPUTS -
Plus 7 more processes waiting for tasks…

executor >  slurm (15)
[-        ] NFC…PROFILER:TAXPROFILER:UNTAR -
[58/53934c] NFC…XPROFILER:FASTQC (USA.74g) | 2 of 5
[-        ] NFC…ORTREAD_FASTP:FASTP_SINGLE -
[a3/14a4f4] NFC…STP:FASTP_PAIRED (USA.74f) | 2 of 5
[b3/fd69fb] NFC…FASTQC_PROCESSED (USA.74f) | 0 of 2
[83/569e0b] NFC…RING:BBMAP_BBDUK (USA.74f) | 1 of 2
[38/7ceecb] NFC…AL:BOWTIE2_ALIGN (USA.74g) | 0 of 1
[-        ] NFC…HOSTREMOVAL:SAMTOOLS_INDEX -
[-        ] NFC…HOSTREMOVAL:SAMTOOLS_STATS -
[-        ] NFC…R:PROFILING:DIAMOND_BLASTX -
[-        ] NFC…:KRAKENTOOLS_KREPORT2KRONA -
[-        ] NFC…ON_KRONA:KAIJU_KAIJU2KRONA -
[-        ] NFC…ZATION_KRONA:KRONA_CLEANUP -
[-        ] NFC…N_KRONA:KRONA_KTIMPORTTEXT -
[-        ] NFC…KRONA:MEGAN_RMA2INFO_KRONA -
[-        ] NFC…VISUALIZATION_KRONA:GUNZIP -
[-        ] NFC…ONA:KRONA_KTIMPORTTAXONOMY -
[-        ] NFC…ON_PROFILES:TAXPASTA_MERGE -
[-        ] NFC…FILES:TAXPASTA_STANDARDISE -
[-        ] NFC…CKEN_COMBINEBRACKENOUTPUTS -
Plus 7 more processes waiting for tasks…

executor >  slurm (15)
[-        ] NFC…PROFILER:TAXPROFILER:UNTAR -
[58/53934c] NFC…XPROFILER:FASTQC (USA.74g) | 2 of 5
[-        ] NFC…ORTREAD_FASTP:FASTP_SINGLE -
[a3/14a4f4] NFC…STP:FASTP_PAIRED (USA.74f) | 2 of 5
[0d/86302d] NFC…FASTQC_PROCESSED (USA.74g) | 1 of 2
[83/569e0b] NFC…RING:BBMAP_BBDUK (USA.74f) | 1 of 2
[38/7ceecb] NFC…AL:BOWTIE2_ALIGN (USA.74g) | 0 of 1
[-        ] NFC…HOSTREMOVAL:SAMTOOLS_INDEX -
[-        ] NFC…HOSTREMOVAL:SAMTOOLS_STATS -
[-        ] NFC…R:PROFILING:DIAMOND_BLASTX -
[-        ] NFC…:KRAKENTOOLS_KREPORT2KRONA -
[-        ] NFC…ON_KRONA:KAIJU_KAIJU2KRONA -
[-        ] NFC…ZATION_KRONA:KRONA_CLEANUP -
[-        ] NFC…N_KRONA:KRONA_KTIMPORTTEXT -
[-        ] NFC…KRONA:MEGAN_RMA2INFO_KRONA -
[-        ] NFC…VISUALIZATION_KRONA:GUNZIP -
[-        ] NFC…ONA:KRONA_KTIMPORTTAXONOMY -
[-        ] NFC…ON_PROFILES:TAXPASTA_MERGE -
[-        ] NFC…FILES:TAXPASTA_STANDARDISE -
[-        ] NFC…CKEN_COMBINEBRACKENOUTPUTS -
Plus 7 more processes waiting for tasks…

executor >  slurm (15)
[-        ] NFC…PROFILER:TAXPROFILER:UNTAR -
[58/53934c] NFC…XPROFILER:FASTQC (USA.74g) | 2 of 5
[-        ] NFC…ORTREAD_FASTP:FASTP_SINGLE -
[a3/14a4f4] NFC…STP:FASTP_PAIRED (USA.74f) | 2 of 5
[b3/fd69fb] NFC…FASTQC_PROCESSED (USA.74f) | 2 of 2
[83/569e0b] NFC…RING:BBMAP_BBDUK (USA.74f) | 1 of 2
[38/7ceecb] NFC…AL:BOWTIE2_ALIGN (USA.74g) | 0 of 1
[-        ] NFC…HOSTREMOVAL:SAMTOOLS_INDEX -
[-        ] NFC…HOSTREMOVAL:SAMTOOLS_STATS -
[-        ] NFC…R:PROFILING:DIAMOND_BLASTX -
[-        ] NFC…:KRAKENTOOLS_KREPORT2KRONA -
[-        ] NFC…ON_KRONA:KAIJU_KAIJU2KRONA -
[-        ] NFC…ZATION_KRONA:KRONA_CLEANUP -
[-        ] NFC…N_KRONA:KRONA_KTIMPORTTEXT -
[-        ] NFC…KRONA:MEGAN_RMA2INFO_KRONA -
[-        ] NFC…VISUALIZATION_KRONA:GUNZIP -
[-        ] NFC…ONA:KRONA_KTIMPORTTAXONOMY -
[-        ] NFC…ON_PROFILES:TAXPASTA_MERGE -
[-        ] NFC…FILES:TAXPASTA_STANDARDISE -
[-        ] NFC…CKEN_COMBINEBRACKENOUTPUTS -
Plus 7 more processes waiting for tasks…

executor >  slurm (16)
[-        ] NFC…PROFILER:TAXPROFILER:UNTAR -
[58/53934c] NFC…XPROFILER:FASTQC (USA.74g) | 2 of 5
[-        ] NFC…ORTREAD_FASTP:FASTP_SINGLE -
[a3/14a4f4] NFC…STP:FASTP_PAIRED (USA.74f) | 2 of 5
[b3/fd69fb] NFC…FASTQC_PROCESSED (USA.74f) | 2 of 2
[83/569e0b] NFC…RING:BBMAP_BBDUK (USA.74f) | 2 of 2
[a3/f21078] NFC…AL:BOWTIE2_ALIGN (USA.74f) | 0 of 2
[-        ] NFC…HOSTREMOVAL:SAMTOOLS_INDEX -
[-        ] NFC…HOSTREMOVAL:SAMTOOLS_STATS -
[-        ] NFC…R:PROFILING:DIAMOND_BLASTX -
[-        ] NFC…:KRAKENTOOLS_KREPORT2KRONA -
[-        ] NFC…ON_KRONA:KAIJU_KAIJU2KRONA -
[-        ] NFC…ZATION_KRONA:KRONA_CLEANUP -
[-        ] NFC…N_KRONA:KRONA_KTIMPORTTEXT -
[-        ] NFC…KRONA:MEGAN_RMA2INFO_KRONA -
[-        ] NFC…VISUALIZATION_KRONA:GUNZIP -
[-        ] NFC…ONA:KRONA_KTIMPORTTAXONOMY -
[-        ] NFC…ON_PROFILES:TAXPASTA_MERGE -
[-        ] NFC…FILES:TAXPASTA_STANDARDISE -
[-        ] NFC…CKEN_COMBINEBRACKENOUTPUTS -
Plus 7 more processes waiting for tasks…

executor >  slurm (16)
[-        ] NFC…PROFILER:TAXPROFILER:UNTAR -
[58/53934c] NFC…XPROFILER:FASTQC (USA.74g) | 2 of 5
[-        ] NFC…ORTREAD_FASTP:FASTP_SINGLE -
[a3/14a4f4] NFC…STP:FASTP_PAIRED (USA.74f) | 2 of 5
[b3/fd69fb] NFC…FASTQC_PROCESSED (USA.74f) | 2 of 2
[83/569e0b] NFC…RING:BBMAP_BBDUK (USA.74f) | 2 of 2
[a3/f21078] NFC…AL:BOWTIE2_ALIGN (USA.74f) | 0 of 2
[-        ] NFC…HOSTREMOVAL:SAMTOOLS_INDEX -
[-        ] NFC…HOSTREMOVAL:SAMTOOLS_STATS -
[-        ] NFC…R:PROFILING:DIAMOND_BLASTX -
[-        ] NFC…:KRAKENTOOLS_KREPORT2KRONA -
[-        ] NFC…ON_KRONA:KAIJU_KAIJU2KRONA -
[-        ] NFC…ZATION_KRONA:KRONA_CLEANUP -
[-        ] NFC…N_KRONA:KRONA_KTIMPORTTEXT -
[-        ] NFC…KRONA:MEGAN_RMA2INFO_KRONA -
[-        ] NFC…VISUALIZATION_KRONA:GUNZIP -
[-        ] NFC…ONA:KRONA_KTIMPORTTAXONOMY -
[-        ] NFC…ON_PROFILES:TAXPASTA_MERGE -
[-        ] NFC…FILES:TAXPASTA_STANDARDISE -
[-        ] NFC…CKEN_COMBINEBRACKENOUTPUTS -
Plus 7 more processes waiting for tasks…

executor >  slurm (16)
[-        ] NFC…PROFILER:TAXPROFILER:UNTAR -
[7d/d1ee59] NFC…XPROFILER:FASTQC (USA.74e) | 3 of 5
[-        ] NFC…ORTREAD_FASTP:FASTP_SINGLE -
[a3/14a4f4] NFC…STP:FASTP_PAIRED (USA.74f) | 2 of 5
[b3/fd69fb] NFC…FASTQC_PROCESSED (USA.74f) | 2 of 2
[83/569e0b] NFC…RING:BBMAP_BBDUK (USA.74f) | 2 of 2
[a3/f21078] NFC…AL:BOWTIE2_ALIGN (USA.74f) | 0 of 2
[-        ] NFC…HOSTREMOVAL:SAMTOOLS_INDEX -
[-        ] NFC…HOSTREMOVAL:SAMTOOLS_STATS -
[-        ] NFC…R:PROFILING:DIAMOND_BLASTX -
[-        ] NFC…:KRAKENTOOLS_KREPORT2KRONA -
[-        ] NFC…ON_KRONA:KAIJU_KAIJU2KRONA -
[-        ] NFC…ZATION_KRONA:KRONA_CLEANUP -
[-        ] NFC…N_KRONA:KRONA_KTIMPORTTEXT -
[-        ] NFC…KRONA:MEGAN_RMA2INFO_KRONA -
[-        ] NFC…VISUALIZATION_KRONA:GUNZIP -
[-        ] NFC…ONA:KRONA_KTIMPORTTAXONOMY -
[-        ] NFC…ON_PROFILES:TAXPASTA_MERGE -
[-        ] NFC…FILES:TAXPASTA_STANDARDISE -
[-        ] NFC…CKEN_COMBINEBRACKENOUTPUTS -
Plus 7 more processes waiting for tasks…

executor >  slurm (16)
[-        ] NFC…PROFILER:TAXPROFILER:UNTAR -
[7d/d1ee59] NFC…XPROFILER:FASTQC (USA.74e) | 3 of 5
[-        ] NFC…ORTREAD_FASTP:FASTP_SINGLE -
[a3/14a4f4] NFC…STP:FASTP_PAIRED (USA.74f) | 2 of 5
[b3/fd69fb] NFC…FASTQC_PROCESSED (USA.74f) | 2 of 3
[83/569e0b] NFC…RING:BBMAP_BBDUK (USA.74f) | 2 of 3
[a3/f21078] NFC…AL:BOWTIE2_ALIGN (USA.74f) | 0 of 2
[-        ] NFC…HOSTREMOVAL:SAMTOOLS_INDEX -
[-        ] NFC…HOSTREMOVAL:SAMTOOLS_STATS -
[-        ] NFC…R:PROFILING:DIAMOND_BLASTX -
[-        ] NFC…:KRAKENTOOLS_KREPORT2KRONA -
[-        ] NFC…ON_KRONA:KAIJU_KAIJU2KRONA -
[-        ] NFC…ZATION_KRONA:KRONA_CLEANUP -
[-        ] NFC…N_KRONA:KRONA_KTIMPORTTEXT -
[-        ] NFC…KRONA:MEGAN_RMA2INFO_KRONA -
[-        ] NFC…VISUALIZATION_KRONA:GUNZIP -
[-        ] NFC…ONA:KRONA_KTIMPORTTAXONOMY -
[-        ] NFC…ON_PROFILES:TAXPASTA_MERGE -
[-        ] NFC…FILES:TAXPASTA_STANDARDISE -
[-        ] NFC…CKEN_COMBINEBRACKENOUTPUTS -
Plus 7 more processes waiting for tasks…

executor >  slurm (18)
[-        ] NFC…PROFILER:TAXPROFILER:UNTAR -
[7d/d1ee59] NFC…XPROFILER:FASTQC (USA.74e) | 3 of 5
[-        ] NFC…ORTREAD_FASTP:FASTP_SINGLE -
[db/e91db9] NFC…STP:FASTP_PAIRED (USA.74e) | 3 of 5
[d9/553ed6] NFC…FASTQC_PROCESSED (USA.74e) | 2 of 3
[11/0709e5] NFC…RING:BBMAP_BBDUK (USA.74e) | 2 of 3
[a3/f21078] NFC…AL:BOWTIE2_ALIGN (USA.74f) | 0 of 2
[-        ] NFC…HOSTREMOVAL:SAMTOOLS_INDEX -
[-        ] NFC…HOSTREMOVAL:SAMTOOLS_STATS -
[-        ] NFC…R:PROFILING:DIAMOND_BLASTX -
[-        ] NFC…:KRAKENTOOLS_KREPORT2KRONA -
[-        ] NFC…ON_KRONA:KAIJU_KAIJU2KRONA -
[-        ] NFC…ZATION_KRONA:KRONA_CLEANUP -
[-        ] NFC…N_KRONA:KRONA_KTIMPORTTEXT -
[-        ] NFC…KRONA:MEGAN_RMA2INFO_KRONA -
[-        ] NFC…VISUALIZATION_KRONA:GUNZIP -
[-        ] NFC…ONA:KRONA_KTIMPORTTAXONOMY -
[-        ] NFC…ON_PROFILES:TAXPASTA_MERGE -
[-        ] NFC…FILES:TAXPASTA_STANDARDISE -
[-        ] NFC…CKEN_COMBINEBRACKENOUTPUTS -
Plus 7 more processes waiting for tasks…

executor >  slurm (18)
[-        ] NFC…PROFILER:TAXPROFILER:UNTAR -
[7d/d1ee59] NFC…XPROFILER:FASTQC (USA.74e) | 3 of 5
[-        ] NFC…ORTREAD_FASTP:FASTP_SINGLE -
[db/e91db9] NFC…STP:FASTP_PAIRED (USA.74e) | 3 of 5
[d9/553ed6] NFC…FASTQC_PROCESSED (USA.74e) | 2 of 3
[11/0709e5] NFC…RING:BBMAP_BBDUK (USA.74e) | 2 of 3
[a3/f21078] NFC…AL:BOWTIE2_ALIGN (USA.74f) | 0 of 2
[-        ] NFC…HOSTREMOVAL:SAMTOOLS_INDEX -
[-        ] NFC…HOSTREMOVAL:SAMTOOLS_STATS -
[-        ] NFC…R:PROFILING:DIAMOND_BLASTX -
[-        ] NFC…:KRAKENTOOLS_KREPORT2KRONA -
[-        ] NFC…ON_KRONA:KAIJU_KAIJU2KRONA -
[-        ] NFC…ZATION_KRONA:KRONA_CLEANUP -
[-        ] NFC…N_KRONA:KRONA_KTIMPORTTEXT -
[-        ] NFC…KRONA:MEGAN_RMA2INFO_KRONA -
[-        ] NFC…VISUALIZATION_KRONA:GUNZIP -
[-        ] NFC…ONA:KRONA_KTIMPORTTAXONOMY -
[-        ] NFC…ON_PROFILES:TAXPASTA_MERGE -
[-        ] NFC…FILES:TAXPASTA_STANDARDISE -
[-        ] NFC…CKEN_COMBINEBRACKENOUTPUTS -
Plus 7 more processes waiting for tasks…

executor >  slurm (19)
[-        ] NFC…PROFILER:TAXPROFILER:UNTAR -
[7d/d1ee59] NFC…XPROFILER:FASTQC (USA.74e) | 3 of 5
[-        ] NFC…ORTREAD_FASTP:FASTP_SINGLE -
[db/e91db9] NFC…STP:FASTP_PAIRED (USA.74e) | 3 of 5
[d9/553ed6] NFC…FASTQC_PROCESSED (USA.74e) | 2 of 3
[11/0709e5] NFC…RING:BBMAP_BBDUK (USA.74e) | 3 of 3
[b6/e11762] NFC…AL:BOWTIE2_ALIGN (USA.74e) | 0 of 3
[-        ] NFC…HOSTREMOVAL:SAMTOOLS_INDEX -
[-        ] NFC…HOSTREMOVAL:SAMTOOLS_STATS -
[-        ] NFC…R:PROFILING:DIAMOND_BLASTX -
[-        ] NFC…:KRAKENTOOLS_KREPORT2KRONA -
[-        ] NFC…ON_KRONA:KAIJU_KAIJU2KRONA -
[-        ] NFC…ZATION_KRONA:KRONA_CLEANUP -
[-        ] NFC…N_KRONA:KRONA_KTIMPORTTEXT -
[-        ] NFC…KRONA:MEGAN_RMA2INFO_KRONA -
[-        ] NFC…VISUALIZATION_KRONA:GUNZIP -
[-        ] NFC…ONA:KRONA_KTIMPORTTAXONOMY -
[-        ] NFC…ON_PROFILES:TAXPASTA_MERGE -
[-        ] NFC…FILES:TAXPASTA_STANDARDISE -
[-        ] NFC…CKEN_COMBINEBRACKENOUTPUTS -
Plus 7 more processes waiting for tasks…

executor >  slurm (19)
[-        ] NFC…PROFILER:TAXPROFILER:UNTAR -
[7d/d1ee59] NFC…XPROFILER:FASTQC (USA.74e) | 3 of 5
[-        ] NFC…ORTREAD_FASTP:FASTP_SINGLE -
[db/e91db9] NFC…STP:FASTP_PAIRED (USA.74e) | 3 of 5
[d9/553ed6] NFC…FASTQC_PROCESSED (USA.74e) | 2 of 3
[11/0709e5] NFC…RING:BBMAP_BBDUK (USA.74e) | 3 of 3
[b6/e11762] NFC…AL:BOWTIE2_ALIGN (USA.74e) | 0 of 3
[-        ] NFC…HOSTREMOVAL:SAMTOOLS_INDEX -
[-        ] NFC…HOSTREMOVAL:SAMTOOLS_STATS -
[-        ] NFC…R:PROFILING:DIAMOND_BLASTX -
[-        ] NFC…:KRAKENTOOLS_KREPORT2KRONA -
[-        ] NFC…ON_KRONA:KAIJU_KAIJU2KRONA -
[-        ] NFC…ZATION_KRONA:KRONA_CLEANUP -
[-        ] NFC…N_KRONA:KRONA_KTIMPORTTEXT -
[-        ] NFC…KRONA:MEGAN_RMA2INFO_KRONA -
[-        ] NFC…VISUALIZATION_KRONA:GUNZIP -
[-        ] NFC…ONA:KRONA_KTIMPORTTAXONOMY -
[-        ] NFC…ON_PROFILES:TAXPASTA_MERGE -
[-        ] NFC…FILES:TAXPASTA_STANDARDISE -
[-        ] NFC…CKEN_COMBINEBRACKENOUTPUTS -
Plus 7 more processes waiting for tasks…

executor >  slurm (19)
[-        ] NFC…PROFILER:TAXPROFILER:UNTAR -
[bc/8621f6] NFC…XPROFILER:FASTQC (USA.74i) | 4 of 5
[-        ] NFC…ORTREAD_FASTP:FASTP_SINGLE -
[db/e91db9] NFC…STP:FASTP_PAIRED (USA.74e) | 3 of 5
[d9/553ed6] NFC…FASTQC_PROCESSED (USA.74e) | 2 of 3
[11/0709e5] NFC…RING:BBMAP_BBDUK (USA.74e) | 3 of 3
[b6/e11762] NFC…AL:BOWTIE2_ALIGN (USA.74e) | 0 of 3
[-        ] NFC…HOSTREMOVAL:SAMTOOLS_INDEX -
[-        ] NFC…HOSTREMOVAL:SAMTOOLS_STATS -
[-        ] NFC…R:PROFILING:DIAMOND_BLASTX -
[-        ] NFC…:KRAKENTOOLS_KREPORT2KRONA -
[-        ] NFC…ON_KRONA:KAIJU_KAIJU2KRONA -
[-        ] NFC…ZATION_KRONA:KRONA_CLEANUP -
[-        ] NFC…N_KRONA:KRONA_KTIMPORTTEXT -
[-        ] NFC…KRONA:MEGAN_RMA2INFO_KRONA -
[-        ] NFC…VISUALIZATION_KRONA:GUNZIP -
[-        ] NFC…ONA:KRONA_KTIMPORTTAXONOMY -
[-        ] NFC…ON_PROFILES:TAXPASTA_MERGE -
[-        ] NFC…FILES:TAXPASTA_STANDARDISE -
[-        ] NFC…CKEN_COMBINEBRACKENOUTPUTS -
Plus 7 more processes waiting for tasks…

executor >  slurm (19)
[-        ] NFC…PROFILER:TAXPROFILER:UNTAR -
[bc/8621f6] NFC…XPROFILER:FASTQC (USA.74i) | 4 of 5
[-        ] NFC…ORTREAD_FASTP:FASTP_SINGLE -
[a1/e33600] NFC…STP:FASTP_PAIRED (USA.74i) | 4 of 5
[d9/553ed6] NFC…FASTQC_PROCESSED (USA.74e) | 2 of 4
[11/0709e5] NFC…RING:BBMAP_BBDUK (USA.74e) | 3 of 4
[b6/e11762] NFC…AL:BOWTIE2_ALIGN (USA.74e) | 0 of 3
[-        ] NFC…HOSTREMOVAL:SAMTOOLS_INDEX -
[-        ] NFC…HOSTREMOVAL:SAMTOOLS_STATS -
[-        ] NFC…R:PROFILING:DIAMOND_BLASTX -
[-        ] NFC…:KRAKENTOOLS_KREPORT2KRONA -
[-        ] NFC…ON_KRONA:KAIJU_KAIJU2KRONA -
[-        ] NFC…ZATION_KRONA:KRONA_CLEANUP -
[-        ] NFC…N_KRONA:KRONA_KTIMPORTTEXT -
[-        ] NFC…KRONA:MEGAN_RMA2INFO_KRONA -
[-        ] NFC…VISUALIZATION_KRONA:GUNZIP -
[-        ] NFC…ONA:KRONA_KTIMPORTTAXONOMY -
[-        ] NFC…ON_PROFILES:TAXPASTA_MERGE -
[-        ] NFC…FILES:TAXPASTA_STANDARDISE -
[-        ] NFC…CKEN_COMBINEBRACKENOUTPUTS -
Plus 7 more processes waiting for tasks…

executor >  slurm (21)
[-        ] NFC…PROFILER:TAXPROFILER:UNTAR -
[bc/8621f6] NFC…XPROFILER:FASTQC (USA.74i) | 4 of 5
[-        ] NFC…ORTREAD_FASTP:FASTP_SINGLE -
[a1/e33600] NFC…STP:FASTP_PAIRED (USA.74i) | 4 of 5
[b9/2733a7] NFC…FASTQC_PROCESSED (USA.74i) | 2 of 4
[06/819ed0] NFC…RING:BBMAP_BBDUK (USA.74i) | 3 of 4
[b6/e11762] NFC…AL:BOWTIE2_ALIGN (USA.74e) | 0 of 3
[-        ] NFC…HOSTREMOVAL:SAMTOOLS_INDEX -
[-        ] NFC…HOSTREMOVAL:SAMTOOLS_STATS -
[-        ] NFC…R:PROFILING:DIAMOND_BLASTX -
[-        ] NFC…:KRAKENTOOLS_KREPORT2KRONA -
[-        ] NFC…ON_KRONA:KAIJU_KAIJU2KRONA -
[-        ] NFC…ZATION_KRONA:KRONA_CLEANUP -
[-        ] NFC…N_KRONA:KRONA_KTIMPORTTEXT -
[-        ] NFC…KRONA:MEGAN_RMA2INFO_KRONA -
[-        ] NFC…VISUALIZATION_KRONA:GUNZIP -
[-        ] NFC…ONA:KRONA_KTIMPORTTAXONOMY -
[-        ] NFC…ON_PROFILES:TAXPASTA_MERGE -
[-        ] NFC…FILES:TAXPASTA_STANDARDISE -
[-        ] NFC…CKEN_COMBINEBRACKENOUTPUTS -
Plus 7 more processes waiting for tasks…

executor >  slurm (21)
[-        ] NFC…PROFILER:TAXPROFILER:UNTAR -
[bc/8621f6] NFC…XPROFILER:FASTQC (USA.74i) | 4 of 5
[-        ] NFC…ORTREAD_FASTP:FASTP_SINGLE -
[a1/e33600] NFC…STP:FASTP_PAIRED (USA.74i) | 4 of 5
[b9/2733a7] NFC…FASTQC_PROCESSED (USA.74i) | 2 of 4
[06/819ed0] NFC…RING:BBMAP_BBDUK (USA.74i) | 3 of 4
[b6/e11762] NFC…AL:BOWTIE2_ALIGN (USA.74e) | 0 of 3
[-        ] NFC…HOSTREMOVAL:SAMTOOLS_INDEX -
[-        ] NFC…HOSTREMOVAL:SAMTOOLS_STATS -
[-        ] NFC…R:PROFILING:DIAMOND_BLASTX -
[-        ] NFC…:KRAKENTOOLS_KREPORT2KRONA -
[-        ] NFC…ON_KRONA:KAIJU_KAIJU2KRONA -
[-        ] NFC…ZATION_KRONA:KRONA_CLEANUP -
[-        ] NFC…N_KRONA:KRONA_KTIMPORTTEXT -
[-        ] NFC…KRONA:MEGAN_RMA2INFO_KRONA -
[-        ] NFC…VISUALIZATION_KRONA:GUNZIP -
[-        ] NFC…ONA:KRONA_KTIMPORTTAXONOMY -
[-        ] NFC…ON_PROFILES:TAXPASTA_MERGE -
[-        ] NFC…FILES:TAXPASTA_STANDARDISE -
[-        ] NFC…CKEN_COMBINEBRACKENOUTPUTS -
Plus 7 more processes waiting for tasks…

executor >  slurm (21)
[-        ] NFC…PROFILER:TAXPROFILER:UNTAR -
[bc/8621f6] NFC…XPROFILER:FASTQC (USA.74i) | 4 of 5
[-        ] NFC…ORTREAD_FASTP:FASTP_SINGLE -
[a1/e33600] NFC…STP:FASTP_PAIRED (USA.74i) | 4 of 5
[d9/553ed6] NFC…FASTQC_PROCESSED (USA.74e) | 3 of 4
[06/819ed0] NFC…RING:BBMAP_BBDUK (USA.74i) | 3 of 4
[b6/e11762] NFC…AL:BOWTIE2_ALIGN (USA.74e) | 0 of 3
[-        ] NFC…HOSTREMOVAL:SAMTOOLS_INDEX -
[-        ] NFC…HOSTREMOVAL:SAMTOOLS_STATS -
[-        ] NFC…R:PROFILING:DIAMOND_BLASTX -
[-        ] NFC…:KRAKENTOOLS_KREPORT2KRONA -
[-        ] NFC…ON_KRONA:KAIJU_KAIJU2KRONA -
[-        ] NFC…ZATION_KRONA:KRONA_CLEANUP -
[-        ] NFC…N_KRONA:KRONA_KTIMPORTTEXT -
[-        ] NFC…KRONA:MEGAN_RMA2INFO_KRONA -
[-        ] NFC…VISUALIZATION_KRONA:GUNZIP -
[-        ] NFC…ONA:KRONA_KTIMPORTTAXONOMY -
[-        ] NFC…ON_PROFILES:TAXPASTA_MERGE -
[-        ] NFC…FILES:TAXPASTA_STANDARDISE -
[-        ] NFC…CKEN_COMBINEBRACKENOUTPUTS -
Plus 7 more processes waiting for tasks…

executor >  slurm (22)
[-        ] NFC…PROFILER:TAXPROFILER:UNTAR -
[bc/8621f6] NFC…XPROFILER:FASTQC (USA.74i) | 4 of 5
[-        ] NFC…ORTREAD_FASTP:FASTP_SINGLE -
[a1/e33600] NFC…STP:FASTP_PAIRED (USA.74i) | 4 of 5 ✔
[d9/553ed6] NFC…FASTQC_PROCESSED (USA.74e) | 3 of 5
[64/49e995] NFC…RING:BBMAP_BBDUK (USA.74h) | 3 of 5
[b6/e11762] NFC…AL:BOWTIE2_ALIGN (USA.74e) | 0 of 3
[-        ] NFC…HOSTREMOVAL:SAMTOOLS_INDEX -
[-        ] NFC…HOSTREMOVAL:SAMTOOLS_STATS -
[-        ] NFC…R:PROFILING:DIAMOND_BLASTX -
[-        ] NFC…:KRAKENTOOLS_KREPORT2KRONA -
[-        ] NFC…ON_KRONA:KAIJU_KAIJU2KRONA -
[-        ] NFC…ZATION_KRONA:KRONA_CLEANUP -
[-        ] NFC…N_KRONA:KRONA_KTIMPORTTEXT -
[-        ] NFC…KRONA:MEGAN_RMA2INFO_KRONA -
[-        ] NFC…VISUALIZATION_KRONA:GUNZIP -
[-        ] NFC…ONA:KRONA_KTIMPORTTAXONOMY -
[-        ] NFC…ON_PROFILES:TAXPASTA_MERGE -
[-        ] NFC…FILES:TAXPASTA_STANDARDISE -
[-        ] NFC…CKEN_COMBINEBRACKENOUTPUTS -
Plus 7 more processes waiting for tasks…

executor >  slurm (23)
[-        ] NFC…PROFILER:TAXPROFILER:UNTAR -
[bc/8621f6] NFC…XPROFILER:FASTQC (USA.74i) | 4 of 5
[-        ] NFC…ORTREAD_FASTP:FASTP_SINGLE -
[b5/76abcc] NFC…STP:FASTP_PAIRED (USA.74h) | 5 of 5 ✔
[3a/a98f58] NFC…FASTQC_PROCESSED (USA.74h) | 3 of 5
[64/49e995] NFC…RING:BBMAP_BBDUK (USA.74h) | 3 of 5
[b6/e11762] NFC…AL:BOWTIE2_ALIGN (USA.74e) | 0 of 3
[-        ] NFC…HOSTREMOVAL:SAMTOOLS_INDEX -
[-        ] NFC…HOSTREMOVAL:SAMTOOLS_STATS -
[-        ] NFC…R:PROFILING:DIAMOND_BLASTX -
[-        ] NFC…:KRAKENTOOLS_KREPORT2KRONA -
[-        ] NFC…ON_KRONA:KAIJU_KAIJU2KRONA -
[-        ] NFC…ZATION_KRONA:KRONA_CLEANUP -
[-        ] NFC…N_KRONA:KRONA_KTIMPORTTEXT -
[-        ] NFC…KRONA:MEGAN_RMA2INFO_KRONA -
[-        ] NFC…VISUALIZATION_KRONA:GUNZIP -
[-        ] NFC…ONA:KRONA_KTIMPORTTAXONOMY -
[-        ] NFC…ON_PROFILES:TAXPASTA_MERGE -
[-        ] NFC…FILES:TAXPASTA_STANDARDISE -
[-        ] NFC…CKEN_COMBINEBRACKENOUTPUTS -
Plus 7 more processes waiting for tasks…

executor >  slurm (23)
[-        ] NFC…PROFILER:TAXPROFILER:UNTAR -
[bc/8621f6] NFC…XPROFILER:FASTQC (USA.74i) | 4 of 5
[-        ] NFC…ORTREAD_FASTP:FASTP_SINGLE -
[b5/76abcc] NFC…STP:FASTP_PAIRED (USA.74h) | 5 of 5 ✔
[3a/a98f58] NFC…FASTQC_PROCESSED (USA.74h) | 3 of 5
[64/49e995] NFC…RING:BBMAP_BBDUK (USA.74h) | 3 of 5
[b6/e11762] NFC…AL:BOWTIE2_ALIGN (USA.74e) | 0 of 3
[-        ] NFC…HOSTREMOVAL:SAMTOOLS_INDEX -
[-        ] NFC…HOSTREMOVAL:SAMTOOLS_STATS -
[-        ] NFC…R:PROFILING:DIAMOND_BLASTX -
[-        ] NFC…:KRAKENTOOLS_KREPORT2KRONA -
[-        ] NFC…ON_KRONA:KAIJU_KAIJU2KRONA -
[-        ] NFC…ZATION_KRONA:KRONA_CLEANUP -
[-        ] NFC…N_KRONA:KRONA_KTIMPORTTEXT -
[-        ] NFC…KRONA:MEGAN_RMA2INFO_KRONA -
[-        ] NFC…VISUALIZATION_KRONA:GUNZIP -
[-        ] NFC…ONA:KRONA_KTIMPORTTAXONOMY -
[-        ] NFC…ON_PROFILES:TAXPASTA_MERGE -
[-        ] NFC…FILES:TAXPASTA_STANDARDISE -
[-        ] NFC…CKEN_COMBINEBRACKENOUTPUTS -
Plus 7 more processes waiting for tasks…

executor >  slurm (23)
[-        ] NFC…PROFILER:TAXPROFILER:UNTAR -
[5b/c8ef7d] NFC…XPROFILER:FASTQC (USA.74h) | 5 of 5 ✔
[-        ] NFC…ORTREAD_FASTP:FASTP_SINGLE -
[b5/76abcc] NFC…STP:FASTP_PAIRED (USA.74h) | 5 of 5 ✔
[3a/a98f58] NFC…FASTQC_PROCESSED (USA.74h) | 3 of 5
[64/49e995] NFC…RING:BBMAP_BBDUK (USA.74h) | 3 of 5
[b6/e11762] NFC…AL:BOWTIE2_ALIGN (USA.74e) | 0 of 3
[-        ] NFC…HOSTREMOVAL:SAMTOOLS_INDEX -
[-        ] NFC…HOSTREMOVAL:SAMTOOLS_STATS -
[-        ] NFC…R:PROFILING:DIAMOND_BLASTX -
[-        ] NFC…:KRAKENTOOLS_KREPORT2KRONA -
[-        ] NFC…ON_KRONA:KAIJU_KAIJU2KRONA -
[-        ] NFC…ZATION_KRONA:KRONA_CLEANUP -
[-        ] NFC…N_KRONA:KRONA_KTIMPORTTEXT -
[-        ] NFC…KRONA:MEGAN_RMA2INFO_KRONA -
[-        ] NFC…VISUALIZATION_KRONA:GUNZIP -
[-        ] NFC…ONA:KRONA_KTIMPORTTAXONOMY -
[-        ] NFC…ON_PROFILES:TAXPASTA_MERGE -
[-        ] NFC…FILES:TAXPASTA_STANDARDISE -
[-        ] NFC…CKEN_COMBINEBRACKENOUTPUTS -
Plus 7 more processes waiting for tasks…

executor >  slurm (24)
[-        ] NFC…PROFILER:TAXPROFILER:UNTAR -
[5b/c8ef7d] NFC…XPROFILER:FASTQC (USA.74h) | 5 of 5 ✔
[-        ] NFC…ORTREAD_FASTP:FASTP_SINGLE -
[b5/76abcc] NFC…STP:FASTP_PAIRED (USA.74h) | 5 of 5 ✔
[3a/a98f58] NFC…FASTQC_PROCESSED (USA.74h) | 3 of 5
[06/819ed0] NFC…RING:BBMAP_BBDUK (USA.74i) | 4 of 5
[9f/a7d866] NFC…AL:BOWTIE2_ALIGN (USA.74i) | 0 of 4
[-        ] NFC…HOSTREMOVAL:SAMTOOLS_INDEX -
[-        ] NFC…HOSTREMOVAL:SAMTOOLS_STATS -
[-        ] NFC…R:PROFILING:DIAMOND_BLASTX -
[-        ] NFC…:KRAKENTOOLS_KREPORT2KRONA -
[-        ] NFC…ON_KRONA:KAIJU_KAIJU2KRONA -
[-        ] NFC…ZATION_KRONA:KRONA_CLEANUP -
[-        ] NFC…N_KRONA:KRONA_KTIMPORTTEXT -
[-        ] NFC…KRONA:MEGAN_RMA2INFO_KRONA -
[-        ] NFC…VISUALIZATION_KRONA:GUNZIP -
[-        ] NFC…ONA:KRONA_KTIMPORTTAXONOMY -
[-        ] NFC…ON_PROFILES:TAXPASTA_MERGE -
[-        ] NFC…FILES:TAXPASTA_STANDARDISE -
[-        ] NFC…CKEN_COMBINEBRACKENOUTPUTS -
Plus 7 more processes waiting for tasks…

executor >  slurm (24)
[-        ] NFC…PROFILER:TAXPROFILER:UNTAR -
[5b/c8ef7d] NFC…XPROFILER:FASTQC (USA.74h) | 5 of 5 ✔
[-        ] NFC…ORTREAD_FASTP:FASTP_SINGLE -
[b5/76abcc] NFC…STP:FASTP_PAIRED (USA.74h) | 5 of 5 ✔
[3a/a98f58] NFC…FASTQC_PROCESSED (USA.74h) | 3 of 5
[06/819ed0] NFC…RING:BBMAP_BBDUK (USA.74i) | 4 of 5
[9f/a7d866] NFC…AL:BOWTIE2_ALIGN (USA.74i) | 0 of 4
[-        ] NFC…HOSTREMOVAL:SAMTOOLS_INDEX -
[-        ] NFC…HOSTREMOVAL:SAMTOOLS_STATS -
[-        ] NFC…R:PROFILING:DIAMOND_BLASTX -
[-        ] NFC…:KRAKENTOOLS_KREPORT2KRONA -
[-        ] NFC…ON_KRONA:KAIJU_KAIJU2KRONA -
[-        ] NFC…ZATION_KRONA:KRONA_CLEANUP -
[-        ] NFC…N_KRONA:KRONA_KTIMPORTTEXT -
[-        ] NFC…KRONA:MEGAN_RMA2INFO_KRONA -
[-        ] NFC…VISUALIZATION_KRONA:GUNZIP -
[-        ] NFC…ONA:KRONA_KTIMPORTTAXONOMY -
[-        ] NFC…ON_PROFILES:TAXPASTA_MERGE -
[-        ] NFC…FILES:TAXPASTA_STANDARDISE -
[-        ] NFC…CKEN_COMBINEBRACKENOUTPUTS -
Plus 7 more processes waiting for tasks…

executor >  slurm (24)
[-        ] NFC…PROFILER:TAXPROFILER:UNTAR -
[5b/c8ef7d] NFC…XPROFILER:FASTQC (USA.74h) | 5 of 5 ✔
[-        ] NFC…ORTREAD_FASTP:FASTP_SINGLE -
[b5/76abcc] NFC…STP:FASTP_PAIRED (USA.74h) | 5 of 5 ✔
[b9/2733a7] NFC…FASTQC_PROCESSED (USA.74i) | 4 of 5
[06/819ed0] NFC…RING:BBMAP_BBDUK (USA.74i) | 4 of 5
[9f/a7d866] NFC…AL:BOWTIE2_ALIGN (USA.74i) | 0 of 4
[-        ] NFC…HOSTREMOVAL:SAMTOOLS_INDEX -
[-        ] NFC…HOSTREMOVAL:SAMTOOLS_STATS -
[-        ] NFC…R:PROFILING:DIAMOND_BLASTX -
[-        ] NFC…:KRAKENTOOLS_KREPORT2KRONA -
[-        ] NFC…ON_KRONA:KAIJU_KAIJU2KRONA -
[-        ] NFC…ZATION_KRONA:KRONA_CLEANUP -
[-        ] NFC…N_KRONA:KRONA_KTIMPORTTEXT -
[-        ] NFC…KRONA:MEGAN_RMA2INFO_KRONA -
[-        ] NFC…VISUALIZATION_KRONA:GUNZIP -
[-        ] NFC…ONA:KRONA_KTIMPORTTAXONOMY -
[-        ] NFC…ON_PROFILES:TAXPASTA_MERGE -
[-        ] NFC…FILES:TAXPASTA_STANDARDISE -
[-        ] NFC…CKEN_COMBINEBRACKENOUTPUTS -
Plus 7 more processes waiting for tasks…

executor >  slurm (25)
[-        ] NFC…PROFILER:TAXPROFILER:UNTAR -
[5b/c8ef7d] NFC…XPROFILER:FASTQC (USA.74h) | 5 of 5 ✔
[-        ] NFC…ORTREAD_FASTP:FASTP_SINGLE -
[b5/76abcc] NFC…STP:FASTP_PAIRED (USA.74h) | 5 of 5 ✔
[b9/2733a7] NFC…FASTQC_PROCESSED (USA.74i) | 4 of 5
[64/49e995] NFC…RING:BBMAP_BBDUK (USA.74h) | 5 of 5 ✔
[a0/4d63c4] NFC…AL:BOWTIE2_ALIGN (USA.74h) | 0 of 5
[-        ] NFC…HOSTREMOVAL:SAMTOOLS_INDEX -
[-        ] NFC…HOSTREMOVAL:SAMTOOLS_STATS -
[-        ] NFC…R:PROFILING:DIAMOND_BLASTX -
[-        ] NFC…:KRAKENTOOLS_KREPORT2KRONA -
[-        ] NFC…ON_KRONA:KAIJU_KAIJU2KRONA -
[-        ] NFC…ZATION_KRONA:KRONA_CLEANUP -
[-        ] NFC…N_KRONA:KRONA_KTIMPORTTEXT -
[-        ] NFC…KRONA:MEGAN_RMA2INFO_KRONA -
[-        ] NFC…VISUALIZATION_KRONA:GUNZIP -
[-        ] NFC…ONA:KRONA_KTIMPORTTAXONOMY -
[-        ] NFC…ON_PROFILES:TAXPASTA_MERGE -
[-        ] NFC…FILES:TAXPASTA_STANDARDISE -
[-        ] NFC…CKEN_COMBINEBRACKENOUTPUTS -
Plus 7 more processes waiting for tasks…

executor >  slurm (25)
[-        ] NFC…PROFILER:TAXPROFILER:UNTAR -
[5b/c8ef7d] NFC…XPROFILER:FASTQC (USA.74h) | 5 of 5 ✔
[-        ] NFC…ORTREAD_FASTP:FASTP_SINGLE -
[b5/76abcc] NFC…STP:FASTP_PAIRED (USA.74h) | 5 of 5 ✔
[b9/2733a7] NFC…FASTQC_PROCESSED (USA.74i) | 4 of 5
[64/49e995] NFC…RING:BBMAP_BBDUK (USA.74h) | 5 of 5 ✔
[a0/4d63c4] NFC…AL:BOWTIE2_ALIGN (USA.74h) | 0 of 5
[-        ] NFC…HOSTREMOVAL:SAMTOOLS_INDEX -
[-        ] NFC…HOSTREMOVAL:SAMTOOLS_STATS -
[-        ] NFC…R:PROFILING:DIAMOND_BLASTX -
[-        ] NFC…:KRAKENTOOLS_KREPORT2KRONA -
[-        ] NFC…ON_KRONA:KAIJU_KAIJU2KRONA -
[-        ] NFC…ZATION_KRONA:KRONA_CLEANUP -
[-        ] NFC…N_KRONA:KRONA_KTIMPORTTEXT -
[-        ] NFC…KRONA:MEGAN_RMA2INFO_KRONA -
[-        ] NFC…VISUALIZATION_KRONA:GUNZIP -
[-        ] NFC…ONA:KRONA_KTIMPORTTAXONOMY -
[-        ] NFC…ON_PROFILES:TAXPASTA_MERGE -
[-        ] NFC…FILES:TAXPASTA_STANDARDISE -
[-        ] NFC…CKEN_COMBINEBRACKENOUTPUTS -
Plus 7 more processes waiting for tasks…

executor >  slurm (25)
[-        ] NFC…PROFILER:TAXPROFILER:UNTAR -
[5b/c8ef7d] NFC…XPROFILER:FASTQC (USA.74h) | 5 of 5 ✔
[-        ] NFC…ORTREAD_FASTP:FASTP_SINGLE -
[b5/76abcc] NFC…STP:FASTP_PAIRED (USA.74h) | 5 of 5 ✔
[3a/a98f58] NFC…FASTQC_PROCESSED (USA.74h) | 5 of 5 ✔
[64/49e995] NFC…RING:BBMAP_BBDUK (USA.74h) | 5 of 5 ✔
[a0/4d63c4] NFC…AL:BOWTIE2_ALIGN (USA.74h) | 0 of 5
[-        ] NFC…HOSTREMOVAL:SAMTOOLS_INDEX -
[-        ] NFC…HOSTREMOVAL:SAMTOOLS_STATS -
[-        ] NFC…R:PROFILING:DIAMOND_BLASTX -
[-        ] NFC…:KRAKENTOOLS_KREPORT2KRONA -
[-        ] NFC…ON_KRONA:KAIJU_KAIJU2KRONA -
[-        ] NFC…ZATION_KRONA:KRONA_CLEANUP -
[-        ] NFC…N_KRONA:KRONA_KTIMPORTTEXT -
[-        ] NFC…KRONA:MEGAN_RMA2INFO_KRONA -
[-        ] NFC…VISUALIZATION_KRONA:GUNZIP -
[-        ] NFC…ONA:KRONA_KTIMPORTTAXONOMY -
[-        ] NFC…ON_PROFILES:TAXPASTA_MERGE -
[-        ] NFC…FILES:TAXPASTA_STANDARDISE -
[-        ] NFC…CKEN_COMBINEBRACKENOUTPUTS -
Plus 7 more processes waiting for tasks…

executor >  slurm (27)
[-        ] NFC…PROFILER:TAXPROFILER:UNTAR -
[5b/c8ef7d] NFC…XPROFILER:FASTQC (USA.74h) | 5 of 5 ✔
[-        ] NFC…ORTREAD_FASTP:FASTP_SINGLE -
[b5/76abcc] NFC…STP:FASTP_PAIRED (USA.74h) | 5 of 5 ✔
[3a/a98f58] NFC…FASTQC_PROCESSED (USA.74h) | 5 of 5 ✔
[64/49e995] NFC…RING:BBMAP_BBDUK (USA.74h) | 5 of 5 ✔
[a3/f21078] NFC…AL:BOWTIE2_ALIGN (USA.74f) | 1 of 5
[60/2001e6] NFC…L:SAMTOOLS_INDEX (USA.74f) | 0 of 1
[-        ] NFC…HOSTREMOVAL:SAMTOOLS_STATS -
[1b/e67933] NFC…AMOND_BLASTX (db6|USA.74f) | 0 of 1
[-        ] NFC…:KRAKENTOOLS_KREPORT2KRONA -
[-        ] NFC…ON_KRONA:KAIJU_KAIJU2KRONA -
[-        ] NFC…ZATION_KRONA:KRONA_CLEANUP -
[-        ] NFC…N_KRONA:KRONA_KTIMPORTTEXT -
[-        ] NFC…KRONA:MEGAN_RMA2INFO_KRONA -
[-        ] NFC…VISUALIZATION_KRONA:GUNZIP -
[-        ] NFC…ONA:KRONA_KTIMPORTTAXONOMY -
[-        ] NFC…ON_PROFILES:TAXPASTA_MERGE -
[-        ] NFC…FILES:TAXPASTA_STANDARDISE -
[-        ] NFC…CKEN_COMBINEBRACKENOUTPUTS -
Plus 7 more processes waiting for tasks…
WARN: [nf-core/taxprofiler] DIAMOND does not accept paired-end files as input. Only read 1 will be used for profiling. Running DIAMOND for sample USA.74f using only read 1.

executor >  slurm (27)
[-        ] NFC…PROFILER:TAXPROFILER:UNTAR -
[5b/c8ef7d] NFC…XPROFILER:FASTQC (USA.74h) | 5 of 5 ✔
[-        ] NFC…ORTREAD_FASTP:FASTP_SINGLE -
[b5/76abcc] NFC…STP:FASTP_PAIRED (USA.74h) | 5 of 5 ✔
[3a/a98f58] NFC…FASTQC_PROCESSED (USA.74h) | 5 of 5 ✔
[64/49e995] NFC…RING:BBMAP_BBDUK (USA.74h) | 5 of 5 ✔
[a3/f21078] NFC…AL:BOWTIE2_ALIGN (USA.74f) | 1 of 5
[60/2001e6] NFC…L:SAMTOOLS_INDEX (USA.74f) | 0 of 1
[-        ] NFC…HOSTREMOVAL:SAMTOOLS_STATS -
[1b/e67933] NFC…AMOND_BLASTX (db6|USA.74f) | 0 of 1
[-        ] NFC…:KRAKENTOOLS_KREPORT2KRONA -
[-        ] NFC…ON_KRONA:KAIJU_KAIJU2KRONA -
[-        ] NFC…ZATION_KRONA:KRONA_CLEANUP -
[-        ] NFC…N_KRONA:KRONA_KTIMPORTTEXT -
[-        ] NFC…KRONA:MEGAN_RMA2INFO_KRONA -
[-        ] NFC…VISUALIZATION_KRONA:GUNZIP -
[-        ] NFC…ONA:KRONA_KTIMPORTTAXONOMY -
[-        ] NFC…ON_PROFILES:TAXPASTA_MERGE -
[-        ] NFC…FILES:TAXPASTA_STANDARDISE -
[-        ] NFC…CKEN_COMBINEBRACKENOUTPUTS -
Plus 7 more processes waiting for tasks…
WARN: [nf-core/taxprofiler] DIAMOND does not accept paired-end files as input. Only read 1 will be used for profiling. Running DIAMOND for sample USA.74f using only read 1.

executor >  slurm (28)
[-        ] NFC…PROFILER:TAXPROFILER:UNTAR -
[5b/c8ef7d] NFC…XPROFILER:FASTQC (USA.74h) | 5 of 5 ✔
[-        ] NFC…ORTREAD_FASTP:FASTP_SINGLE -
[b5/76abcc] NFC…STP:FASTP_PAIRED (USA.74h) | 5 of 5 ✔
[3a/a98f58] NFC…FASTQC_PROCESSED (USA.74h) | 5 of 5 ✔
[64/49e995] NFC…RING:BBMAP_BBDUK (USA.74h) | 5 of 5 ✔
[a3/f21078] NFC…AL:BOWTIE2_ALIGN (USA.74f) | 1 of 5
[60/2001e6] NFC…L:SAMTOOLS_INDEX (USA.74f) | 1 of 1
[02/520151] NFC…L:SAMTOOLS_STATS (USA.74f) | 0 of 1
[1b/e67933] NFC…AMOND_BLASTX (db6|USA.74f) | 0 of 1
[-        ] NFC…:KRAKENTOOLS_KREPORT2KRONA -
[-        ] NFC…ON_KRONA:KAIJU_KAIJU2KRONA -
[-        ] NFC…ZATION_KRONA:KRONA_CLEANUP -
[-        ] NFC…N_KRONA:KRONA_KTIMPORTTEXT -
[-        ] NFC…KRONA:MEGAN_RMA2INFO_KRONA -
[-        ] NFC…VISUALIZATION_KRONA:GUNZIP -
[-        ] NFC…ONA:KRONA_KTIMPORTTAXONOMY -
[-        ] NFC…ON_PROFILES:TAXPASTA_MERGE -
[-        ] NFC…FILES:TAXPASTA_STANDARDISE -
[-        ] NFC…CKEN_COMBINEBRACKENOUTPUTS -
Plus 7 more processes waiting for tasks…


executor >  slurm (28)
[-        ] NFC…PROFILER:TAXPROFILER:UNTAR -
[5b/c8ef7d] NFC…XPROFILER:FASTQC (USA.74h) | 5 of 5 ✔
[-        ] NFC…ORTREAD_FASTP:FASTP_SINGLE -
[b5/76abcc] NFC…STP:FASTP_PAIRED (USA.74h) | 5 of 5 ✔
[3a/a98f58] NFC…FASTQC_PROCESSED (USA.74h) | 5 of 5 ✔
[64/49e995] NFC…RING:BBMAP_BBDUK (USA.74h) | 5 of 5 ✔
[a3/f21078] NFC…AL:BOWTIE2_ALIGN (USA.74f) | 1 of 5
[60/2001e6] NFC…L:SAMTOOLS_INDEX (USA.74f) | 1 of 1
[02/520151] NFC…L:SAMTOOLS_STATS (USA.74f) | 0 of 1
[1b/e67933] NFC…AMOND_BLASTX (db6|USA.74f) | 0 of 1
[-        ] NFC…:KRAKENTOOLS_KREPORT2KRONA -
[-        ] NFC…ON_KRONA:KAIJU_KAIJU2KRONA -
[-        ] NFC…ZATION_KRONA:KRONA_CLEANUP -
[-        ] NFC…N_KRONA:KRONA_KTIMPORTTEXT -
[-        ] NFC…KRONA:MEGAN_RMA2INFO_KRONA -
[-        ] NFC…VISUALIZATION_KRONA:GUNZIP -
[-        ] NFC…ONA:KRONA_KTIMPORTTAXONOMY -
[-        ] NFC…ON_PROFILES:TAXPASTA_MERGE -
[-        ] NFC…FILES:TAXPASTA_STANDARDISE -
[-        ] NFC…CKEN_COMBINEBRACKENOUTPUTS -
Plus 7 more processes waiting for tasks…


executor >  slurm (28)
[-        ] NFC…PROFILER:TAXPROFILER:UNTAR -
[5b/c8ef7d] NFC…XPROFILER:FASTQC (USA.74h) | 5 of 5 ✔
[-        ] NFC…ORTREAD_FASTP:FASTP_SINGLE -
[b5/76abcc] NFC…STP:FASTP_PAIRED (USA.74h) | 5 of 5 ✔
[3a/a98f58] NFC…FASTQC_PROCESSED (USA.74h) | 5 of 5 ✔
[64/49e995] NFC…RING:BBMAP_BBDUK (USA.74h) | 5 of 5 ✔
[a3/f21078] NFC…AL:BOWTIE2_ALIGN (USA.74f) | 1 of 5
[60/2001e6] NFC…L:SAMTOOLS_INDEX (USA.74f) | 1 of 1
[02/520151] NFC…L:SAMTOOLS_STATS (USA.74f) | 1 of 1
[1b/e67933] NFC…AMOND_BLASTX (db6|USA.74f) | 0 of 1
[-        ] NFC…:KRAKENTOOLS_KREPORT2KRONA -
[-        ] NFC…ON_KRONA:KAIJU_KAIJU2KRONA -
[-        ] NFC…ZATION_KRONA:KRONA_CLEANUP -
[-        ] NFC…N_KRONA:KRONA_KTIMPORTTEXT -
[-        ] NFC…KRONA:MEGAN_RMA2INFO_KRONA -
[-        ] NFC…VISUALIZATION_KRONA:GUNZIP -
[-        ] NFC…ONA:KRONA_KTIMPORTTAXONOMY -
[-        ] NFC…ON_PROFILES:TAXPASTA_MERGE -
[-        ] NFC…FILES:TAXPASTA_STANDARDISE -
[-        ] NFC…CKEN_COMBINEBRACKENOUTPUTS -
Plus 7 more processes waiting for tasks…

executor >  slurm (30)
[-        ] NFC…PROFILER:TAXPROFILER:UNTAR -
[5b/c8ef7d] NFC…XPROFILER:FASTQC (USA.74h) | 5 of 5 ✔
[-        ] NFC…ORTREAD_FASTP:FASTP_SINGLE -
[b5/76abcc] NFC…STP:FASTP_PAIRED (USA.74h) | 5 of 5 ✔
[3a/a98f58] NFC…FASTQC_PROCESSED (USA.74h) | 5 of 5 ✔
[64/49e995] NFC…RING:BBMAP_BBDUK (USA.74h) | 5 of 5 ✔
[38/7ceecb] NFC…AL:BOWTIE2_ALIGN (USA.74g) | 2 of 5
[5c/f0cb09] NFC…L:SAMTOOLS_INDEX (USA.74g) | 1 of 2
[02/520151] NFC…L:SAMTOOLS_STATS (USA.74f) | 1 of 1
[25/8ace0a] NFC…AMOND_BLASTX (db6|USA.74g) | 0 of 2
[-        ] NFC…:KRAKENTOOLS_KREPORT2KRONA -
[-        ] NFC…ON_KRONA:KAIJU_KAIJU2KRONA -
[-        ] NFC…ZATION_KRONA:KRONA_CLEANUP -
[-        ] NFC…N_KRONA:KRONA_KTIMPORTTEXT -
[-        ] NFC…KRONA:MEGAN_RMA2INFO_KRONA -
[-        ] NFC…VISUALIZATION_KRONA:GUNZIP -
[-        ] NFC…ONA:KRONA_KTIMPORTTAXONOMY -
[-        ] NFC…ON_PROFILES:TAXPASTA_MERGE -
[-        ] NFC…FILES:TAXPASTA_STANDARDISE -
[-        ] NFC…CKEN_COMBINEBRACKENOUTPUTS -
Plus 7 more processes waiting for tasks…
WARN: [nf-core/taxprofiler] DIAMOND does not accept paired-end files as input. Only read 1 will be used for profiling. Running DIAMOND for sample USA.74g using only read 1.

executor >  slurm (30)
[-        ] NFC…PROFILER:TAXPROFILER:UNTAR -
[5b/c8ef7d] NFC…XPROFILER:FASTQC (USA.74h) | 5 of 5 ✔
[-        ] NFC…ORTREAD_FASTP:FASTP_SINGLE -
[b5/76abcc] NFC…STP:FASTP_PAIRED (USA.74h) | 5 of 5 ✔
[3a/a98f58] NFC…FASTQC_PROCESSED (USA.74h) | 5 of 5 ✔
[64/49e995] NFC…RING:BBMAP_BBDUK (USA.74h) | 5 of 5 ✔
[38/7ceecb] NFC…AL:BOWTIE2_ALIGN (USA.74g) | 2 of 5
[5c/f0cb09] NFC…L:SAMTOOLS_INDEX (USA.74g) | 1 of 2
[02/520151] NFC…L:SAMTOOLS_STATS (USA.74f) | 1 of 1
[25/8ace0a] NFC…AMOND_BLASTX (db6|USA.74g) | 0 of 2
[-        ] NFC…:KRAKENTOOLS_KREPORT2KRONA -
[-        ] NFC…ON_KRONA:KAIJU_KAIJU2KRONA -
[-        ] NFC…ZATION_KRONA:KRONA_CLEANUP -
[-        ] NFC…N_KRONA:KRONA_KTIMPORTTEXT -
[-        ] NFC…KRONA:MEGAN_RMA2INFO_KRONA -
[-        ] NFC…VISUALIZATION_KRONA:GUNZIP -
[-        ] NFC…ONA:KRONA_KTIMPORTTAXONOMY -
[-        ] NFC…ON_PROFILES:TAXPASTA_MERGE -
[-        ] NFC…FILES:TAXPASTA_STANDARDISE -
[-        ] NFC…CKEN_COMBINEBRACKENOUTPUTS -
Plus 7 more processes waiting for tasks…
WARN: [nf-core/taxprofiler] DIAMOND does not accept paired-end files as input. Only read 1 will be used for profiling. Running DIAMOND for sample USA.74g using only read 1.

executor >  slurm (31)
[-        ] NFC…PROFILER:TAXPROFILER:UNTAR -
[5b/c8ef7d] NFC…XPROFILER:FASTQC (USA.74h) | 5 of 5 ✔
[-        ] NFC…ORTREAD_FASTP:FASTP_SINGLE -
[b5/76abcc] NFC…STP:FASTP_PAIRED (USA.74h) | 5 of 5 ✔
[3a/a98f58] NFC…FASTQC_PROCESSED (USA.74h) | 5 of 5 ✔
[64/49e995] NFC…RING:BBMAP_BBDUK (USA.74h) | 5 of 5 ✔
[38/7ceecb] NFC…AL:BOWTIE2_ALIGN (USA.74g) | 2 of 5
[5c/f0cb09] NFC…L:SAMTOOLS_INDEX (USA.74g) | 2 of 2
[6f/e94210] NFC…L:SAMTOOLS_STATS (USA.74g) | 1 of 2
[25/8ace0a] NFC…AMOND_BLASTX (db6|USA.74g) | 0 of 2
[-        ] NFC…:KRAKENTOOLS_KREPORT2KRONA -
[-        ] NFC…ON_KRONA:KAIJU_KAIJU2KRONA -
[-        ] NFC…ZATION_KRONA:KRONA_CLEANUP -
[-        ] NFC…N_KRONA:KRONA_KTIMPORTTEXT -
[-        ] NFC…KRONA:MEGAN_RMA2INFO_KRONA -
[-        ] NFC…VISUALIZATION_KRONA:GUNZIP -
[-        ] NFC…ONA:KRONA_KTIMPORTTAXONOMY -
[-        ] NFC…ON_PROFILES:TAXPASTA_MERGE -
[-        ] NFC…FILES:TAXPASTA_STANDARDISE -
[-        ] NFC…CKEN_COMBINEBRACKENOUTPUTS -
Plus 7 more processes waiting for tasks…
WARN: [nf-core/taxprofiler] DIAMOND does not accept paired-end files as input. Only read 1 will be used for profiling. Running DIAMOND for sample USA.74g using only read 1.

executor >  slurm (31)
[-        ] NFC…PROFILER:TAXPROFILER:UNTAR -
[5b/c8ef7d] NFC…XPROFILER:FASTQC (USA.74h) | 5 of 5 ✔
[-        ] NFC…ORTREAD_FASTP:FASTP_SINGLE -
[b5/76abcc] NFC…STP:FASTP_PAIRED (USA.74h) | 5 of 5 ✔
[3a/a98f58] NFC…FASTQC_PROCESSED (USA.74h) | 5 of 5 ✔
[64/49e995] NFC…RING:BBMAP_BBDUK (USA.74h) | 5 of 5 ✔
[38/7ceecb] NFC…AL:BOWTIE2_ALIGN (USA.74g) | 2 of 5
[5c/f0cb09] NFC…L:SAMTOOLS_INDEX (USA.74g) | 2 of 2
[6f/e94210] NFC…L:SAMTOOLS_STATS (USA.74g) | 1 of 2
[25/8ace0a] NFC…AMOND_BLASTX (db6|USA.74g) | 0 of 2
[-        ] NFC…:KRAKENTOOLS_KREPORT2KRONA -
[-        ] NFC…ON_KRONA:KAIJU_KAIJU2KRONA -
[-        ] NFC…ZATION_KRONA:KRONA_CLEANUP -
[-        ] NFC…N_KRONA:KRONA_KTIMPORTTEXT -
[-        ] NFC…KRONA:MEGAN_RMA2INFO_KRONA -
[-        ] NFC…VISUALIZATION_KRONA:GUNZIP -
[-        ] NFC…ONA:KRONA_KTIMPORTTAXONOMY -
[-        ] NFC…ON_PROFILES:TAXPASTA_MERGE -
[-        ] NFC…FILES:TAXPASTA_STANDARDISE -
[-        ] NFC…CKEN_COMBINEBRACKENOUTPUTS -
Plus 7 more processes waiting for tasks…
WARN: [nf-core/taxprofiler] DIAMOND does not accept paired-end files as input. Only read 1 will be used for profiling. Running DIAMOND for sample USA.74g using only read 1.

executor >  slurm (31)
[-        ] NFC…PROFILER:TAXPROFILER:UNTAR -
[5b/c8ef7d] NFC…XPROFILER:FASTQC (USA.74h) | 5 of 5 ✔
[-        ] NFC…ORTREAD_FASTP:FASTP_SINGLE -
[b5/76abcc] NFC…STP:FASTP_PAIRED (USA.74h) | 5 of 5 ✔
[3a/a98f58] NFC…FASTQC_PROCESSED (USA.74h) | 5 of 5 ✔
[64/49e995] NFC…RING:BBMAP_BBDUK (USA.74h) | 5 of 5 ✔
[38/7ceecb] NFC…AL:BOWTIE2_ALIGN (USA.74g) | 2 of 5
[5c/f0cb09] NFC…L:SAMTOOLS_INDEX (USA.74g) | 2 of 2
[6f/e94210] NFC…L:SAMTOOLS_STATS (USA.74g) | 2 of 2
[25/8ace0a] NFC…AMOND_BLASTX (db6|USA.74g) | 0 of 2
[-        ] NFC…:KRAKENTOOLS_KREPORT2KRONA -
[-        ] NFC…ON_KRONA:KAIJU_KAIJU2KRONA -
[-        ] NFC…ZATION_KRONA:KRONA_CLEANUP -
[-        ] NFC…N_KRONA:KRONA_KTIMPORTTEXT -
[-        ] NFC…KRONA:MEGAN_RMA2INFO_KRONA -
[-        ] NFC…VISUALIZATION_KRONA:GUNZIP -
[-        ] NFC…ONA:KRONA_KTIMPORTTAXONOMY -
[-        ] NFC…ON_PROFILES:TAXPASTA_MERGE -
[-        ] NFC…FILES:TAXPASTA_STANDARDISE -
[-        ] NFC…CKEN_COMBINEBRACKENOUTPUTS -
Plus 7 more processes waiting for tasks…


executor >  slurm (33)
[-        ] NFC…PROFILER:TAXPROFILER:UNTAR -
[5b/c8ef7d] NFC…XPROFILER:FASTQC (USA.74h) | 5 of 5 ✔
[-        ] NFC…ORTREAD_FASTP:FASTP_SINGLE -
[b5/76abcc] NFC…STP:FASTP_PAIRED (USA.74h) | 5 of 5 ✔
[3a/a98f58] NFC…FASTQC_PROCESSED (USA.74h) | 5 of 5 ✔
[64/49e995] NFC…RING:BBMAP_BBDUK (USA.74h) | 5 of 5 ✔
[b6/e11762] NFC…AL:BOWTIE2_ALIGN (USA.74e) | 3 of 5
[34/a0b3eb] NFC…L:SAMTOOLS_INDEX (USA.74e) | 2 of 3
[6f/e94210] NFC…L:SAMTOOLS_STATS (USA.74g) | 2 of 2
[72/899ad8] NFC…AMOND_BLASTX (db6|USA.74e) | 0 of 3
[-        ] NFC…:KRAKENTOOLS_KREPORT2KRONA -
[-        ] NFC…ON_KRONA:KAIJU_KAIJU2KRONA -
[-        ] NFC…ZATION_KRONA:KRONA_CLEANUP -
[-        ] NFC…N_KRONA:KRONA_KTIMPORTTEXT -
[-        ] NFC…KRONA:MEGAN_RMA2INFO_KRONA -
[-        ] NFC…VISUALIZATION_KRONA:GUNZIP -
[-        ] NFC…ONA:KRONA_KTIMPORTTAXONOMY -
[-        ] NFC…ON_PROFILES:TAXPASTA_MERGE -
[-        ] NFC…FILES:TAXPASTA_STANDARDISE -
[-        ] NFC…CKEN_COMBINEBRACKENOUTPUTS -
Plus 7 more processes waiting for tasks…
WARN: [nf-core/taxprofiler] DIAMOND does not accept paired-end files as input. Only read 1 will be used for profiling. Running DIAMOND for sample USA.74e using only read 1.

executor >  slurm (33)
[-        ] NFC…PROFILER:TAXPROFILER:UNTAR -
[5b/c8ef7d] NFC…XPROFILER:FASTQC (USA.74h) | 5 of 5 ✔
[-        ] NFC…ORTREAD_FASTP:FASTP_SINGLE -
[b5/76abcc] NFC…STP:FASTP_PAIRED (USA.74h) | 5 of 5 ✔
[3a/a98f58] NFC…FASTQC_PROCESSED (USA.74h) | 5 of 5 ✔
[64/49e995] NFC…RING:BBMAP_BBDUK (USA.74h) | 5 of 5 ✔
[b6/e11762] NFC…AL:BOWTIE2_ALIGN (USA.74e) | 3 of 5
[34/a0b3eb] NFC…L:SAMTOOLS_INDEX (USA.74e) | 2 of 3
[6f/e94210] NFC…L:SAMTOOLS_STATS (USA.74g) | 2 of 2
[72/899ad8] NFC…AMOND_BLASTX (db6|USA.74e) | 0 of 3
[-        ] NFC…:KRAKENTOOLS_KREPORT2KRONA -
[-        ] NFC…ON_KRONA:KAIJU_KAIJU2KRONA -
[-        ] NFC…ZATION_KRONA:KRONA_CLEANUP -
[-        ] NFC…N_KRONA:KRONA_KTIMPORTTEXT -
[-        ] NFC…KRONA:MEGAN_RMA2INFO_KRONA -
[-        ] NFC…VISUALIZATION_KRONA:GUNZIP -
[-        ] NFC…ONA:KRONA_KTIMPORTTAXONOMY -
[-        ] NFC…ON_PROFILES:TAXPASTA_MERGE -
[-        ] NFC…FILES:TAXPASTA_STANDARDISE -
[-        ] NFC…CKEN_COMBINEBRACKENOUTPUTS -
Plus 7 more processes waiting for tasks…
WARN: [nf-core/taxprofiler] DIAMOND does not accept paired-end files as input. Only read 1 will be used for profiling. Running DIAMOND for sample USA.74e using only read 1.

executor >  slurm (34)
[-        ] NFC…PROFILER:TAXPROFILER:UNTAR -
[5b/c8ef7d] NFC…XPROFILER:FASTQC (USA.74h) | 5 of 5 ✔
[-        ] NFC…ORTREAD_FASTP:FASTP_SINGLE -
[b5/76abcc] NFC…STP:FASTP_PAIRED (USA.74h) | 5 of 5 ✔
[3a/a98f58] NFC…FASTQC_PROCESSED (USA.74h) | 5 of 5 ✔
[64/49e995] NFC…RING:BBMAP_BBDUK (USA.74h) | 5 of 5 ✔
[b6/e11762] NFC…AL:BOWTIE2_ALIGN (USA.74e) | 3 of 5
[34/a0b3eb] NFC…L:SAMTOOLS_INDEX (USA.74e) | 3 of 3
[40/a0ec04] NFC…L:SAMTOOLS_STATS (USA.74e) | 2 of 3
[72/899ad8] NFC…AMOND_BLASTX (db6|USA.74e) | 0 of 3
[-        ] NFC…:KRAKENTOOLS_KREPORT2KRONA -
[-        ] NFC…ON_KRONA:KAIJU_KAIJU2KRONA -
[-        ] NFC…ZATION_KRONA:KRONA_CLEANUP -
[-        ] NFC…N_KRONA:KRONA_KTIMPORTTEXT -
[-        ] NFC…KRONA:MEGAN_RMA2INFO_KRONA -
[-        ] NFC…VISUALIZATION_KRONA:GUNZIP -
[-        ] NFC…ONA:KRONA_KTIMPORTTAXONOMY -
[-        ] NFC…ON_PROFILES:TAXPASTA_MERGE -
[-        ] NFC…FILES:TAXPASTA_STANDARDISE -
[-        ] NFC…CKEN_COMBINEBRACKENOUTPUTS -
Plus 7 more processes waiting for tasks…


executor >  slurm (34)
[-        ] NFC…PROFILER:TAXPROFILER:UNTAR -
[5b/c8ef7d] NFC…XPROFILER:FASTQC (USA.74h) | 5 of 5 ✔
[-        ] NFC…ORTREAD_FASTP:FASTP_SINGLE -
[b5/76abcc] NFC…STP:FASTP_PAIRED (USA.74h) | 5 of 5 ✔
[3a/a98f58] NFC…FASTQC_PROCESSED (USA.74h) | 5 of 5 ✔
[64/49e995] NFC…RING:BBMAP_BBDUK (USA.74h) | 5 of 5 ✔
[b6/e11762] NFC…AL:BOWTIE2_ALIGN (USA.74e) | 3 of 5
[34/a0b3eb] NFC…L:SAMTOOLS_INDEX (USA.74e) | 3 of 3
[40/a0ec04] NFC…L:SAMTOOLS_STATS (USA.74e) | 2 of 3
[72/899ad8] NFC…AMOND_BLASTX (db6|USA.74e) | 0 of 3
[-        ] NFC…:KRAKENTOOLS_KREPORT2KRONA -
[-        ] NFC…ON_KRONA:KAIJU_KAIJU2KRONA -
[-        ] NFC…ZATION_KRONA:KRONA_CLEANUP -
[-        ] NFC…N_KRONA:KRONA_KTIMPORTTEXT -
[-        ] NFC…KRONA:MEGAN_RMA2INFO_KRONA -
[-        ] NFC…VISUALIZATION_KRONA:GUNZIP -
[-        ] NFC…ONA:KRONA_KTIMPORTTAXONOMY -
[-        ] NFC…ON_PROFILES:TAXPASTA_MERGE -
[-        ] NFC…FILES:TAXPASTA_STANDARDISE -
[-        ] NFC…CKEN_COMBINEBRACKENOUTPUTS -
Plus 7 more processes waiting for tasks…


executor >  slurm (34)
[-        ] NFC…PROFILER:TAXPROFILER:UNTAR -
[5b/c8ef7d] NFC…XPROFILER:FASTQC (USA.74h) | 5 of 5 ✔
[-        ] NFC…ORTREAD_FASTP:FASTP_SINGLE -
[b5/76abcc] NFC…STP:FASTP_PAIRED (USA.74h) | 5 of 5 ✔
[3a/a98f58] NFC…FASTQC_PROCESSED (USA.74h) | 5 of 5 ✔
[64/49e995] NFC…RING:BBMAP_BBDUK (USA.74h) | 5 of 5 ✔
[b6/e11762] NFC…AL:BOWTIE2_ALIGN (USA.74e) | 3 of 5
[34/a0b3eb] NFC…L:SAMTOOLS_INDEX (USA.74e) | 3 of 3
[40/a0ec04] NFC…L:SAMTOOLS_STATS (USA.74e) | 3 of 3
[72/899ad8] NFC…AMOND_BLASTX (db6|USA.74e) | 0 of 3
[-        ] NFC…:KRAKENTOOLS_KREPORT2KRONA -
[-        ] NFC…ON_KRONA:KAIJU_KAIJU2KRONA -
[-        ] NFC…ZATION_KRONA:KRONA_CLEANUP -
[-        ] NFC…N_KRONA:KRONA_KTIMPORTTEXT -
[-        ] NFC…KRONA:MEGAN_RMA2INFO_KRONA -
[-        ] NFC…VISUALIZATION_KRONA:GUNZIP -
[-        ] NFC…ONA:KRONA_KTIMPORTTAXONOMY -
[-        ] NFC…ON_PROFILES:TAXPASTA_MERGE -
[-        ] NFC…FILES:TAXPASTA_STANDARDISE -
[-        ] NFC…CKEN_COMBINEBRACKENOUTPUTS -
Plus 7 more processes waiting for tasks…

executor >  slurm (36)
[-        ] NFC…PROFILER:TAXPROFILER:UNTAR -
[5b/c8ef7d] NFC…XPROFILER:FASTQC (USA.74h) | 5 of 5 ✔
[-        ] NFC…ORTREAD_FASTP:FASTP_SINGLE -
[b5/76abcc] NFC…STP:FASTP_PAIRED (USA.74h) | 5 of 5 ✔
[3a/a98f58] NFC…FASTQC_PROCESSED (USA.74h) | 5 of 5 ✔
[64/49e995] NFC…RING:BBMAP_BBDUK (USA.74h) | 5 of 5 ✔
[9f/a7d866] NFC…AL:BOWTIE2_ALIGN (USA.74i) | 4 of 5
[a2/f48a69] NFC…L:SAMTOOLS_INDEX (USA.74i) | 3 of 4
[40/a0ec04] NFC…L:SAMTOOLS_STATS (USA.74e) | 3 of 3
[50/d91df7] NFC…AMOND_BLASTX (db6|USA.74i) | 0 of 4
[-        ] NFC…:KRAKENTOOLS_KREPORT2KRONA -
[-        ] NFC…ON_KRONA:KAIJU_KAIJU2KRONA -
[-        ] NFC…ZATION_KRONA:KRONA_CLEANUP -
[-        ] NFC…N_KRONA:KRONA_KTIMPORTTEXT -
[-        ] NFC…KRONA:MEGAN_RMA2INFO_KRONA -
[-        ] NFC…VISUALIZATION_KRONA:GUNZIP -
[-        ] NFC…ONA:KRONA_KTIMPORTTAXONOMY -
[-        ] NFC…ON_PROFILES:TAXPASTA_MERGE -
[-        ] NFC…FILES:TAXPASTA_STANDARDISE -
[-        ] NFC…CKEN_COMBINEBRACKENOUTPUTS -
Plus 7 more processes waiting for tasks…
WARN: [nf-core/taxprofiler] DIAMOND does not accept paired-end files as input. Only read 1 will be used for profiling. Running DIAMOND for sample USA.74i using only read 1.

executor >  slurm (36)
[-        ] NFC…PROFILER:TAXPROFILER:UNTAR -
[5b/c8ef7d] NFC…XPROFILER:FASTQC (USA.74h) | 5 of 5 ✔
[-        ] NFC…ORTREAD_FASTP:FASTP_SINGLE -
[b5/76abcc] NFC…STP:FASTP_PAIRED (USA.74h) | 5 of 5 ✔
[3a/a98f58] NFC…FASTQC_PROCESSED (USA.74h) | 5 of 5 ✔
[64/49e995] NFC…RING:BBMAP_BBDUK (USA.74h) | 5 of 5 ✔
[9f/a7d866] NFC…AL:BOWTIE2_ALIGN (USA.74i) | 4 of 5
[a2/f48a69] NFC…L:SAMTOOLS_INDEX (USA.74i) | 3 of 4
[40/a0ec04] NFC…L:SAMTOOLS_STATS (USA.74e) | 3 of 3
[50/d91df7] NFC…AMOND_BLASTX (db6|USA.74i) | 0 of 4
[-        ] NFC…:KRAKENTOOLS_KREPORT2KRONA -
[-        ] NFC…ON_KRONA:KAIJU_KAIJU2KRONA -
[-        ] NFC…ZATION_KRONA:KRONA_CLEANUP -
[-        ] NFC…N_KRONA:KRONA_KTIMPORTTEXT -
[-        ] NFC…KRONA:MEGAN_RMA2INFO_KRONA -
[-        ] NFC…VISUALIZATION_KRONA:GUNZIP -
[-        ] NFC…ONA:KRONA_KTIMPORTTAXONOMY -
[-        ] NFC…ON_PROFILES:TAXPASTA_MERGE -
[-        ] NFC…FILES:TAXPASTA_STANDARDISE -
[-        ] NFC…CKEN_COMBINEBRACKENOUTPUTS -
Plus 7 more processes waiting for tasks…
WARN: [nf-core/taxprofiler] DIAMOND does not accept paired-end files as input. Only read 1 will be used for profiling. Running DIAMOND for sample USA.74i using only read 1.

executor >  slurm (37)
[-        ] NFC…PROFILER:TAXPROFILER:UNTAR -
[5b/c8ef7d] NFC…XPROFILER:FASTQC (USA.74h) | 5 of 5 ✔
[-        ] NFC…ORTREAD_FASTP:FASTP_SINGLE -
[b5/76abcc] NFC…STP:FASTP_PAIRED (USA.74h) | 5 of 5 ✔
[3a/a98f58] NFC…FASTQC_PROCESSED (USA.74h) | 5 of 5 ✔
[64/49e995] NFC…RING:BBMAP_BBDUK (USA.74h) | 5 of 5 ✔
[9f/a7d866] NFC…AL:BOWTIE2_ALIGN (USA.74i) | 4 of 5
[a2/f48a69] NFC…L:SAMTOOLS_INDEX (USA.74i) | 4 of 4
[cc/91cd32] NFC…L:SAMTOOLS_STATS (USA.74i) | 3 of 4
[50/d91df7] NFC…AMOND_BLASTX (db6|USA.74i) | 0 of 4
[-        ] NFC…:KRAKENTOOLS_KREPORT2KRONA -
[-        ] NFC…ON_KRONA:KAIJU_KAIJU2KRONA -
[-        ] NFC…ZATION_KRONA:KRONA_CLEANUP -
[-        ] NFC…N_KRONA:KRONA_KTIMPORTTEXT -
[-        ] NFC…KRONA:MEGAN_RMA2INFO_KRONA -
[-        ] NFC…VISUALIZATION_KRONA:GUNZIP -
[-        ] NFC…ONA:KRONA_KTIMPORTTAXONOMY -
[-        ] NFC…ON_PROFILES:TAXPASTA_MERGE -
[-        ] NFC…FILES:TAXPASTA_STANDARDISE -
[-        ] NFC…CKEN_COMBINEBRACKENOUTPUTS -
Plus 7 more processes waiting for tasks…


executor >  slurm (37)
[-        ] NFC…PROFILER:TAXPROFILER:UNTAR -
[5b/c8ef7d] NFC…XPROFILER:FASTQC (USA.74h) | 5 of 5 ✔
[-        ] NFC…ORTREAD_FASTP:FASTP_SINGLE -
[b5/76abcc] NFC…STP:FASTP_PAIRED (USA.74h) | 5 of 5 ✔
[3a/a98f58] NFC…FASTQC_PROCESSED (USA.74h) | 5 of 5 ✔
[64/49e995] NFC…RING:BBMAP_BBDUK (USA.74h) | 5 of 5 ✔
[9f/a7d866] NFC…AL:BOWTIE2_ALIGN (USA.74i) | 4 of 5
[a2/f48a69] NFC…L:SAMTOOLS_INDEX (USA.74i) | 4 of 4
[cc/91cd32] NFC…L:SAMTOOLS_STATS (USA.74i) | 3 of 4
[50/d91df7] NFC…AMOND_BLASTX (db6|USA.74i) | 0 of 4
[-        ] NFC…:KRAKENTOOLS_KREPORT2KRONA -
[-        ] NFC…ON_KRONA:KAIJU_KAIJU2KRONA -
[-        ] NFC…ZATION_KRONA:KRONA_CLEANUP -
[-        ] NFC…N_KRONA:KRONA_KTIMPORTTEXT -
[-        ] NFC…KRONA:MEGAN_RMA2INFO_KRONA -
[-        ] NFC…VISUALIZATION_KRONA:GUNZIP -
[-        ] NFC…ONA:KRONA_KTIMPORTTAXONOMY -
[-        ] NFC…ON_PROFILES:TAXPASTA_MERGE -
[-        ] NFC…FILES:TAXPASTA_STANDARDISE -
[-        ] NFC…CKEN_COMBINEBRACKENOUTPUTS -
Plus 7 more processes waiting for tasks…


executor >  slurm (37)
[-        ] NFC…PROFILER:TAXPROFILER:UNTAR -
[5b/c8ef7d] NFC…XPROFILER:FASTQC (USA.74h) | 5 of 5 ✔
[-        ] NFC…ORTREAD_FASTP:FASTP_SINGLE -
[b5/76abcc] NFC…STP:FASTP_PAIRED (USA.74h) | 5 of 5 ✔
[3a/a98f58] NFC…FASTQC_PROCESSED (USA.74h) | 5 of 5 ✔
[64/49e995] NFC…RING:BBMAP_BBDUK (USA.74h) | 5 of 5 ✔
[9f/a7d866] NFC…AL:BOWTIE2_ALIGN (USA.74i) | 4 of 5
[a2/f48a69] NFC…L:SAMTOOLS_INDEX (USA.74i) | 4 of 4
[cc/91cd32] NFC…L:SAMTOOLS_STATS (USA.74i) | 4 of 4
[50/d91df7] NFC…AMOND_BLASTX (db6|USA.74i) | 0 of 4
[-        ] NFC…:KRAKENTOOLS_KREPORT2KRONA -
[-        ] NFC…ON_KRONA:KAIJU_KAIJU2KRONA -
[-        ] NFC…ZATION_KRONA:KRONA_CLEANUP -
[-        ] NFC…N_KRONA:KRONA_KTIMPORTTEXT -
[-        ] NFC…KRONA:MEGAN_RMA2INFO_KRONA -
[-        ] NFC…VISUALIZATION_KRONA:GUNZIP -
[-        ] NFC…ONA:KRONA_KTIMPORTTAXONOMY -
[-        ] NFC…ON_PROFILES:TAXPASTA_MERGE -
[-        ] NFC…FILES:TAXPASTA_STANDARDISE -
[-        ] NFC…CKEN_COMBINEBRACKENOUTPUTS -
Plus 7 more processes waiting for tasks…

executor >  slurm (37)
[-        ] NFC…PROFILER:TAXPROFILER:UNTAR -
[5b/c8ef7d] NFC…XPROFILER:FASTQC (USA.74h) | 5 of 5 ✔
[-        ] NFC…ORTREAD_FASTP:FASTP_SINGLE -
[b5/76abcc] NFC…STP:FASTP_PAIRED (USA.74h) | 5 of 5 ✔
[3a/a98f58] NFC…FASTQC_PROCESSED (USA.74h) | 5 of 5 ✔
[64/49e995] NFC…RING:BBMAP_BBDUK (USA.74h) | 5 of 5 ✔
[9f/a7d866] NFC…AL:BOWTIE2_ALIGN (USA.74i) | 4 of 5 ✔
[a2/f48a69] NFC…L:SAMTOOLS_INDEX (USA.74i) | 4 of 4
[cc/91cd32] NFC…L:SAMTOOLS_STATS (USA.74i) | 4 of 4
[50/d91df7] NFC…AMOND_BLASTX (db6|USA.74i) | 0 of 4
[-        ] NFC…:KRAKENTOOLS_KREPORT2KRONA -
[-        ] NFC…ON_KRONA:KAIJU_KAIJU2KRONA -
[-        ] NFC…ZATION_KRONA:KRONA_CLEANUP -
[-        ] NFC…N_KRONA:KRONA_KTIMPORTTEXT -
[-        ] NFC…KRONA:MEGAN_RMA2INFO_KRONA -
[-        ] NFC…VISUALIZATION_KRONA:GUNZIP -
[-        ] NFC…ONA:KRONA_KTIMPORTTAXONOMY -
[-        ] NFC…ON_PROFILES:TAXPASTA_MERGE -
[-        ] NFC…FILES:TAXPASTA_STANDARDISE -
[-        ] NFC…CKEN_COMBINEBRACKENOUTPUTS -
Plus 7 more processes waiting for tasks…
WARN: [nf-core/taxprofiler] DIAMOND does not accept paired-end files as input. Only read 1 will be used for profiling. Running DIAMOND for sample USA.74h using only read 1.

executor >  slurm (39)
[-        ] NFC…PROFILER:TAXPROFILER:UNTAR -
[5b/c8ef7d] NFC…XPROFILER:FASTQC (USA.74h) | 5 of 5 ✔
[-        ] NFC…ORTREAD_FASTP:FASTP_SINGLE -
[b5/76abcc] NFC…STP:FASTP_PAIRED (USA.74h) | 5 of 5 ✔
[3a/a98f58] NFC…FASTQC_PROCESSED (USA.74h) | 5 of 5 ✔
[64/49e995] NFC…RING:BBMAP_BBDUK (USA.74h) | 5 of 5 ✔
[a0/4d63c4] NFC…AL:BOWTIE2_ALIGN (USA.74h) | 5 of 5 ✔
[8c/000dd5] NFC…L:SAMTOOLS_INDEX (USA.74h) | 4 of 5
[cc/91cd32] NFC…L:SAMTOOLS_STATS (USA.74i) | 4 of 4
[87/c6a205] NFC…AMOND_BLASTX (db6|USA.74h) | 0 of 5
[-        ] NFC…:KRAKENTOOLS_KREPORT2KRONA -
[-        ] NFC…ON_KRONA:KAIJU_KAIJU2KRONA -
[-        ] NFC…ZATION_KRONA:KRONA_CLEANUP -
[-        ] NFC…N_KRONA:KRONA_KTIMPORTTEXT -
[-        ] NFC…KRONA:MEGAN_RMA2INFO_KRONA -
[-        ] NFC…VISUALIZATION_KRONA:GUNZIP -
[-        ] NFC…ONA:KRONA_KTIMPORTTAXONOMY -
[-        ] NFC…ON_PROFILES:TAXPASTA_MERGE -
[-        ] NFC…FILES:TAXPASTA_STANDARDISE -
[-        ] NFC…CKEN_COMBINEBRACKENOUTPUTS -
Plus 7 more processes waiting for tasks…
WARN: [nf-core/taxprofiler] DIAMOND does not accept paired-end files as input. Only read 1 will be used for profiling. Running DIAMOND for sample USA.74h using only read 1.

executor >  slurm (39)
[-        ] NFC…PROFILER:TAXPROFILER:UNTAR -
[5b/c8ef7d] NFC…XPROFILER:FASTQC (USA.74h) | 5 of 5 ✔
[-        ] NFC…ORTREAD_FASTP:FASTP_SINGLE -
[b5/76abcc] NFC…STP:FASTP_PAIRED (USA.74h) | 5 of 5 ✔
[3a/a98f58] NFC…FASTQC_PROCESSED (USA.74h) | 5 of 5 ✔
[64/49e995] NFC…RING:BBMAP_BBDUK (USA.74h) | 5 of 5 ✔
[a0/4d63c4] NFC…AL:BOWTIE2_ALIGN (USA.74h) | 5 of 5 ✔
[8c/000dd5] NFC…L:SAMTOOLS_INDEX (USA.74h) | 4 of 5
[cc/91cd32] NFC…L:SAMTOOLS_STATS (USA.74i) | 4 of 4
[87/c6a205] NFC…AMOND_BLASTX (db6|USA.74h) | 0 of 5
[-        ] NFC…:KRAKENTOOLS_KREPORT2KRONA -
[-        ] NFC…ON_KRONA:KAIJU_KAIJU2KRONA -
[-        ] NFC…ZATION_KRONA:KRONA_CLEANUP -
[-        ] NFC…N_KRONA:KRONA_KTIMPORTTEXT -
[-        ] NFC…KRONA:MEGAN_RMA2INFO_KRONA -
[-        ] NFC…VISUALIZATION_KRONA:GUNZIP -
[-        ] NFC…ONA:KRONA_KTIMPORTTAXONOMY -
[-        ] NFC…ON_PROFILES:TAXPASTA_MERGE -
[-        ] NFC…FILES:TAXPASTA_STANDARDISE -
[-        ] NFC…CKEN_COMBINEBRACKENOUTPUTS -
Plus 7 more processes waiting for tasks…
WARN: [nf-core/taxprofiler] DIAMOND does not accept paired-end files as input. Only read 1 will be used for profiling. Running DIAMOND for sample USA.74h using only read 1.

executor >  slurm (40)
[-        ] NFC…PROFILER:TAXPROFILER:UNTAR -
[5b/c8ef7d] NFC…XPROFILER:FASTQC (USA.74h) | 5 of 5 ✔
[-        ] NFC…ORTREAD_FASTP:FASTP_SINGLE -
[b5/76abcc] NFC…STP:FASTP_PAIRED (USA.74h) | 5 of 5 ✔
[3a/a98f58] NFC…FASTQC_PROCESSED (USA.74h) | 5 of 5 ✔
[64/49e995] NFC…RING:BBMAP_BBDUK (USA.74h) | 5 of 5 ✔
[a0/4d63c4] NFC…AL:BOWTIE2_ALIGN (USA.74h) | 5 of 5 ✔
[8c/000dd5] NFC…L:SAMTOOLS_INDEX (USA.74h) | 5 of 5 ✔
[4d/d00f39] NFC…L:SAMTOOLS_STATS (USA.74h) | 4 of 5
[87/c6a205] NFC…AMOND_BLASTX (db6|USA.74h) | 0 of 5
[-        ] NFC…:KRAKENTOOLS_KREPORT2KRONA -
[-        ] NFC…ON_KRONA:KAIJU_KAIJU2KRONA -
[-        ] NFC…ZATION_KRONA:KRONA_CLEANUP -
[-        ] NFC…N_KRONA:KRONA_KTIMPORTTEXT -
[-        ] NFC…KRONA:MEGAN_RMA2INFO_KRONA -
[-        ] NFC…VISUALIZATION_KRONA:GUNZIP -
[-        ] NFC…ONA:KRONA_KTIMPORTTAXONOMY -
[-        ] NFC…ON_PROFILES:TAXPASTA_MERGE -
[-        ] NFC…FILES:TAXPASTA_STANDARDISE -
[-        ] NFC…CKEN_COMBINEBRACKENOUTPUTS -
Plus 7 more processes waiting for tasks…


executor >  slurm (40)
[-        ] NFC…PROFILER:TAXPROFILER:UNTAR -
[5b/c8ef7d] NFC…XPROFILER:FASTQC (USA.74h) | 5 of 5 ✔
[-        ] NFC…ORTREAD_FASTP:FASTP_SINGLE -
[b5/76abcc] NFC…STP:FASTP_PAIRED (USA.74h) | 5 of 5 ✔
[3a/a98f58] NFC…FASTQC_PROCESSED (USA.74h) | 5 of 5 ✔
[64/49e995] NFC…RING:BBMAP_BBDUK (USA.74h) | 5 of 5 ✔
[a0/4d63c4] NFC…AL:BOWTIE2_ALIGN (USA.74h) | 5 of 5 ✔
[8c/000dd5] NFC…L:SAMTOOLS_INDEX (USA.74h) | 5 of 5 ✔
[4d/d00f39] NFC…L:SAMTOOLS_STATS (USA.74h) | 4 of 5
[87/c6a205] NFC…AMOND_BLASTX (db6|USA.74h) | 0 of 5
[-        ] NFC…:KRAKENTOOLS_KREPORT2KRONA -
[-        ] NFC…ON_KRONA:KAIJU_KAIJU2KRONA -
[-        ] NFC…ZATION_KRONA:KRONA_CLEANUP -
[-        ] NFC…N_KRONA:KRONA_KTIMPORTTEXT -
[-        ] NFC…KRONA:MEGAN_RMA2INFO_KRONA -
[-        ] NFC…VISUALIZATION_KRONA:GUNZIP -
[-        ] NFC…ONA:KRONA_KTIMPORTTAXONOMY -
[-        ] NFC…ON_PROFILES:TAXPASTA_MERGE -
[-        ] NFC…FILES:TAXPASTA_STANDARDISE -
[-        ] NFC…CKEN_COMBINEBRACKENOUTPUTS -
Plus 7 more processes waiting for tasks…


executor >  slurm (40)
[-        ] NFC…PROFILER:TAXPROFILER:UNTAR -
[5b/c8ef7d] NFC…XPROFILER:FASTQC (USA.74h) | 5 of 5 ✔
[-        ] NFC…ORTREAD_FASTP:FASTP_SINGLE -
[b5/76abcc] NFC…STP:FASTP_PAIRED (USA.74h) | 5 of 5 ✔
[3a/a98f58] NFC…FASTQC_PROCESSED (USA.74h) | 5 of 5 ✔
[64/49e995] NFC…RING:BBMAP_BBDUK (USA.74h) | 5 of 5 ✔
[a0/4d63c4] NFC…AL:BOWTIE2_ALIGN (USA.74h) | 5 of 5 ✔
[8c/000dd5] NFC…L:SAMTOOLS_INDEX (USA.74h) | 5 of 5 ✔
[4d/d00f39] NFC…L:SAMTOOLS_STATS (USA.74h) | 5 of 5 ✔
[87/c6a205] NFC…AMOND_BLASTX (db6|USA.74h) | 0 of 5
[-        ] NFC…:KRAKENTOOLS_KREPORT2KRONA -
[-        ] NFC…ON_KRONA:KAIJU_KAIJU2KRONA -
[-        ] NFC…ZATION_KRONA:KRONA_CLEANUP -
[-        ] NFC…N_KRONA:KRONA_KTIMPORTTEXT -
[-        ] NFC…KRONA:MEGAN_RMA2INFO_KRONA -
[-        ] NFC…VISUALIZATION_KRONA:GUNZIP -
[-        ] NFC…ONA:KRONA_KTIMPORTTAXONOMY -
[-        ] NFC…ON_PROFILES:TAXPASTA_MERGE -
[-        ] NFC…FILES:TAXPASTA_STANDARDISE -
[-        ] NFC…CKEN_COMBINEBRACKENOUTPUTS -
Plus 7 more processes waiting for tasks…

executor >  slurm (40)
[-        ] NFC…PROFILER:TAXPROFILER:UNTAR -
[5b/c8ef7d] NFC…XPROFILER:FASTQC (USA.74h) | 5 of 5 ✔
[-        ] NFC…ORTREAD_FASTP:FASTP_SINGLE -
[b5/76abcc] NFC…STP:FASTP_PAIRED (USA.74h) | 5 of 5 ✔
[3a/a98f58] NFC…FASTQC_PROCESSED (USA.74h) | 5 of 5 ✔
[64/49e995] NFC…RING:BBMAP_BBDUK (USA.74h) | 5 of 5 ✔
[a0/4d63c4] NFC…AL:BOWTIE2_ALIGN (USA.74h) | 5 of 5 ✔
[8c/000dd5] NFC…L:SAMTOOLS_INDEX (USA.74h) | 5 of 5 ✔
[4d/d00f39] NFC…L:SAMTOOLS_STATS (USA.74h) | 5 of 5 ✔
[25/8ace0a] NFC…AMOND_BLASTX (db6|USA.74g) | 1 of 5
[-        ] NFC…:KRAKENTOOLS_KREPORT2KRONA -
[-        ] NFC…ON_KRONA:KAIJU_KAIJU2KRONA -
[-        ] NFC…ZATION_KRONA:KRONA_CLEANUP -
[-        ] NFC…N_KRONA:KRONA_KTIMPORTTEXT -
[-        ] NFC…KRONA:MEGAN_RMA2INFO_KRONA -
[-        ] NFC…VISUALIZATION_KRONA:GUNZIP -
[-        ] NFC…ONA:KRONA_KTIMPORTTAXONOMY -
[-        ] NFC…ON_PROFILES:TAXPASTA_MERGE -
[-        ] NFC…FILES:TAXPASTA_STANDARDISE -
[-        ] NFC…CKEN_COMBINEBRACKENOUTPUTS -
Plus 7 more processes waiting for tasks…

executor >  slurm (40)
[-        ] NFC…PROFILER:TAXPROFILER:UNTAR -
[5b/c8ef7d] NFC…XPROFILER:FASTQC (USA.74h) | 5 of 5 ✔
[-        ] NFC…ORTREAD_FASTP:FASTP_SINGLE -
[b5/76abcc] NFC…STP:FASTP_PAIRED (USA.74h) | 5 of 5 ✔
[3a/a98f58] NFC…FASTQC_PROCESSED (USA.74h) | 5 of 5 ✔
[64/49e995] NFC…RING:BBMAP_BBDUK (USA.74h) | 5 of 5 ✔
[a0/4d63c4] NFC…AL:BOWTIE2_ALIGN (USA.74h) | 5 of 5 ✔
[8c/000dd5] NFC…L:SAMTOOLS_INDEX (USA.74h) | 5 of 5 ✔
[4d/d00f39] NFC…L:SAMTOOLS_STATS (USA.74h) | 5 of 5 ✔
[1b/e67933] NFC…AMOND_BLASTX (db6|USA.74f) | 2 of 5
[-        ] NFC…:KRAKENTOOLS_KREPORT2KRONA -
[-        ] NFC…ON_KRONA:KAIJU_KAIJU2KRONA -
[-        ] NFC…ZATION_KRONA:KRONA_CLEANUP -
[-        ] NFC…N_KRONA:KRONA_KTIMPORTTEXT -
[-        ] NFC…KRONA:MEGAN_RMA2INFO_KRONA -
[-        ] NFC…VISUALIZATION_KRONA:GUNZIP -
[-        ] NFC…ONA:KRONA_KTIMPORTTAXONOMY -
[-        ] NFC…ON_PROFILES:TAXPASTA_MERGE -
[-        ] NFC…FILES:TAXPASTA_STANDARDISE -
[-        ] NFC…CKEN_COMBINEBRACKENOUTPUTS -
Plus 7 more processes waiting for tasks…

executor >  slurm (40)
[-        ] NFC…PROFILER:TAXPROFILER:UNTAR -
[5b/c8ef7d] NFC…XPROFILER:FASTQC (USA.74h) | 5 of 5 ✔
[-        ] NFC…ORTREAD_FASTP:FASTP_SINGLE -
[b5/76abcc] NFC…STP:FASTP_PAIRED (USA.74h) | 5 of 5 ✔
[3a/a98f58] NFC…FASTQC_PROCESSED (USA.74h) | 5 of 5 ✔
[64/49e995] NFC…RING:BBMAP_BBDUK (USA.74h) | 5 of 5 ✔
[a0/4d63c4] NFC…AL:BOWTIE2_ALIGN (USA.74h) | 5 of 5 ✔
[8c/000dd5] NFC…L:SAMTOOLS_INDEX (USA.74h) | 5 of 5 ✔
[4d/d00f39] NFC…L:SAMTOOLS_STATS (USA.74h) | 5 of 5 ✔
[72/899ad8] NFC…AMOND_BLASTX (db6|USA.74e) | 3 of 5
[-        ] NFC…:KRAKENTOOLS_KREPORT2KRONA -
[-        ] NFC…ON_KRONA:KAIJU_KAIJU2KRONA -
[-        ] NFC…ZATION_KRONA:KRONA_CLEANUP -
[-        ] NFC…N_KRONA:KRONA_KTIMPORTTEXT -
[-        ] NFC…KRONA:MEGAN_RMA2INFO_KRONA -
[-        ] NFC…VISUALIZATION_KRONA:GUNZIP -
[-        ] NFC…ONA:KRONA_KTIMPORTTAXONOMY -
[-        ] NFC…ON_PROFILES:TAXPASTA_MERGE -
[-        ] NFC…FILES:TAXPASTA_STANDARDISE -
[-        ] NFC…CKEN_COMBINEBRACKENOUTPUTS -
Plus 7 more processes waiting for tasks…

executor >  slurm (40)
[-        ] NFC…PROFILER:TAXPROFILER:UNTAR -
[5b/c8ef7d] NFC…XPROFILER:FASTQC (USA.74h) | 5 of 5 ✔
[-        ] NFC…ORTREAD_FASTP:FASTP_SINGLE -
[b5/76abcc] NFC…STP:FASTP_PAIRED (USA.74h) | 5 of 5 ✔
[3a/a98f58] NFC…FASTQC_PROCESSED (USA.74h) | 5 of 5 ✔
[64/49e995] NFC…RING:BBMAP_BBDUK (USA.74h) | 5 of 5 ✔
[a0/4d63c4] NFC…AL:BOWTIE2_ALIGN (USA.74h) | 5 of 5 ✔
[8c/000dd5] NFC…L:SAMTOOLS_INDEX (USA.74h) | 5 of 5 ✔
[4d/d00f39] NFC…L:SAMTOOLS_STATS (USA.74h) | 5 of 5 ✔
[50/d91df7] NFC…AMOND_BLASTX (db6|USA.74i) | 4 of 5
[-        ] NFC…:KRAKENTOOLS_KREPORT2KRONA -
[-        ] NFC…ON_KRONA:KAIJU_KAIJU2KRONA -
[-        ] NFC…ZATION_KRONA:KRONA_CLEANUP -
[-        ] NFC…N_KRONA:KRONA_KTIMPORTTEXT -
[-        ] NFC…KRONA:MEGAN_RMA2INFO_KRONA -
[-        ] NFC…VISUALIZATION_KRONA:GUNZIP -
[-        ] NFC…ONA:KRONA_KTIMPORTTAXONOMY -
[-        ] NFC…ON_PROFILES:TAXPASTA_MERGE -
[-        ] NFC…FILES:TAXPASTA_STANDARDISE -
[-        ] NFC…CKEN_COMBINEBRACKENOUTPUTS -
Plus 7 more processes waiting for tasks…

executor >  slurm (40)
[-        ] NFC…PROFILER:TAXPROFILER:UNTAR -
[5b/c8ef7d] NFC…XPROFILER:FASTQC (USA.74h) | 5 of 5 ✔
[-        ] NFC…ORTREAD_FASTP:FASTP_SINGLE -
[b5/76abcc] NFC…STP:FASTP_PAIRED (USA.74h) | 5 of 5 ✔
[3a/a98f58] NFC…FASTQC_PROCESSED (USA.74h) | 5 of 5 ✔
[64/49e995] NFC…RING:BBMAP_BBDUK (USA.74h) | 5 of 5 ✔
[a0/4d63c4] NFC…AL:BOWTIE2_ALIGN (USA.74h) | 5 of 5 ✔
[8c/000dd5] NFC…L:SAMTOOLS_INDEX (USA.74h) | 5 of 5 ✔
[4d/d00f39] NFC…L:SAMTOOLS_STATS (USA.74h) | 5 of 5 ✔
[87/c6a205] NFC…AMOND_BLASTX (db6|USA.74h) | 5 of 5 ✔
[-        ] NFC…:KRAKENTOOLS_KREPORT2KRONA -
[-        ] NFC…ON_KRONA:KAIJU_KAIJU2KRONA -
[-        ] NFC…ZATION_KRONA:KRONA_CLEANUP -
[-        ] NFC…N_KRONA:KRONA_KTIMPORTTEXT -
[-        ] NFC…KRONA:MEGAN_RMA2INFO_KRONA -
[-        ] NFC…VISUALIZATION_KRONA:GUNZIP -
[-        ] NFC…ONA:KRONA_KTIMPORTTAXONOMY -
[-        ] NFC…ON_PROFILES:TAXPASTA_MERGE | 0 of 1
[-        ] NFC…FILES:TAXPASTA_STANDARDISE -
[-        ] NFC…CKEN_COMBINEBRACKENOUTPUTS -
Plus 7 more processes waiting for tasks…

executor >  slurm (41)
[-        ] NFC…PROFILER:TAXPROFILER:UNTAR -
[5b/c8ef7d] NFC…XPROFILER:FASTQC (USA.74h) | 5 of 5 ✔
[-        ] NFC…ORTREAD_FASTP:FASTP_SINGLE -
[b5/76abcc] NFC…STP:FASTP_PAIRED (USA.74h) | 5 of 5 ✔
[3a/a98f58] NFC…FASTQC_PROCESSED (USA.74h) | 5 of 5 ✔
[64/49e995] NFC…RING:BBMAP_BBDUK (USA.74h) | 5 of 5 ✔
[a0/4d63c4] NFC…AL:BOWTIE2_ALIGN (USA.74h) | 5 of 5 ✔
[8c/000dd5] NFC…L:SAMTOOLS_INDEX (USA.74h) | 5 of 5 ✔
[4d/d00f39] NFC…L:SAMTOOLS_STATS (USA.74h) | 5 of 5 ✔
[87/c6a205] NFC…AMOND_BLASTX (db6|USA.74h) | 5 of 5 ✔
[-        ] NFC…:KRAKENTOOLS_KREPORT2KRONA -
[-        ] NFC…ON_KRONA:KAIJU_KAIJU2KRONA -
[-        ] NFC…ZATION_KRONA:KRONA_CLEANUP -
[-        ] NFC…N_KRONA:KRONA_KTIMPORTTEXT -
[-        ] NFC…KRONA:MEGAN_RMA2INFO_KRONA -
[-        ] NFC…VISUALIZATION_KRONA:GUNZIP -
[-        ] NFC…ONA:KRONA_KTIMPORTTAXONOMY -
[6b/0b3740] NFC…XPASTA_MERGE (diamond|db6) | 0 of 1
[-        ] NFC…FILES:TAXPASTA_STANDARDISE -
[-        ] NFC…CKEN_COMBINEBRACKENOUTPUTS -
Plus 7 more processes waiting for tasks…

executor >  slurm (41)
[-        ] NFC…PROFILER:TAXPROFILER:UNTAR -
[5b/c8ef7d] NFC…XPROFILER:FASTQC (USA.74h) | 5 of 5 ✔
[-        ] NFC…ORTREAD_FASTP:FASTP_SINGLE -
[b5/76abcc] NFC…STP:FASTP_PAIRED (USA.74h) | 5 of 5 ✔
[3a/a98f58] NFC…FASTQC_PROCESSED (USA.74h) | 5 of 5 ✔
[64/49e995] NFC…RING:BBMAP_BBDUK (USA.74h) | 5 of 5 ✔
[a0/4d63c4] NFC…AL:BOWTIE2_ALIGN (USA.74h) | 5 of 5 ✔
[8c/000dd5] NFC…L:SAMTOOLS_INDEX (USA.74h) | 5 of 5 ✔
[4d/d00f39] NFC…L:SAMTOOLS_STATS (USA.74h) | 5 of 5 ✔
[87/c6a205] NFC…AMOND_BLASTX (db6|USA.74h) | 5 of 5 ✔
[-        ] NFC…:KRAKENTOOLS_KREPORT2KRONA -
[-        ] NFC…ON_KRONA:KAIJU_KAIJU2KRONA -
[-        ] NFC…ZATION_KRONA:KRONA_CLEANUP -
[-        ] NFC…N_KRONA:KRONA_KTIMPORTTEXT -
[-        ] NFC…KRONA:MEGAN_RMA2INFO_KRONA -
[-        ] NFC…VISUALIZATION_KRONA:GUNZIP -
[-        ] NFC…ONA:KRONA_KTIMPORTTAXONOMY -
[6b/0b3740] NFC…XPASTA_MERGE (diamond|db6) | 0 of 1
[-        ] NFC…FILES:TAXPASTA_STANDARDISE -
[-        ] NFC…CKEN_COMBINEBRACKENOUTPUTS -
Plus 7 more processes waiting for tasks…

executor >  slurm (41)
[-        ] NFC…PROFILER:TAXPROFILER:UNTAR -
[5b/c8ef7d] NFC…XPROFILER:FASTQC (USA.74h) | 5 of 5 ✔
[-        ] NFC…ORTREAD_FASTP:FASTP_SINGLE -
[b5/76abcc] NFC…STP:FASTP_PAIRED (USA.74h) | 5 of 5 ✔
[3a/a98f58] NFC…FASTQC_PROCESSED (USA.74h) | 5 of 5 ✔
[64/49e995] NFC…RING:BBMAP_BBDUK (USA.74h) | 5 of 5 ✔
[a0/4d63c4] NFC…AL:BOWTIE2_ALIGN (USA.74h) | 5 of 5 ✔
[8c/000dd5] NFC…L:SAMTOOLS_INDEX (USA.74h) | 5 of 5 ✔
[4d/d00f39] NFC…L:SAMTOOLS_STATS (USA.74h) | 5 of 5 ✔
[87/c6a205] NFC…AMOND_BLASTX (db6|USA.74h) | 5 of 5 ✔
[-        ] NFC…:KRAKENTOOLS_KREPORT2KRONA -
[-        ] NFC…ON_KRONA:KAIJU_KAIJU2KRONA -
[-        ] NFC…ZATION_KRONA:KRONA_CLEANUP -
[-        ] NFC…N_KRONA:KRONA_KTIMPORTTEXT -
[-        ] NFC…KRONA:MEGAN_RMA2INFO_KRONA -
[-        ] NFC…VISUALIZATION_KRONA:GUNZIP -
[-        ] NFC…ONA:KRONA_KTIMPORTTAXONOMY -
[6b/0b3740] NFC…XPASTA_MERGE (diamond|db6) | 1 of 1 ✔
[-        ] NFC…FILES:TAXPASTA_STANDARDISE -
[-        ] NFC…CKEN_COMBINEBRACKENOUTPUTS -
Plus 7 more processes waiting for tasks…

executor >  slurm (42)
[-        ] NFC…PROFILER:TAXPROFILER:UNTAR -
[5b/c8ef7d] NFC…XPROFILER:FASTQC (USA.74h) | 5 of 5 ✔
[-        ] NFC…ORTREAD_FASTP:FASTP_SINGLE -
[b5/76abcc] NFC…STP:FASTP_PAIRED (USA.74h) | 5 of 5 ✔
[3a/a98f58] NFC…FASTQC_PROCESSED (USA.74h) | 5 of 5 ✔
[64/49e995] NFC…RING:BBMAP_BBDUK (USA.74h) | 5 of 5 ✔
[a0/4d63c4] NFC…AL:BOWTIE2_ALIGN (USA.74h) | 5 of 5 ✔
[8c/000dd5] NFC…L:SAMTOOLS_INDEX (USA.74h) | 5 of 5 ✔
[4d/d00f39] NFC…L:SAMTOOLS_STATS (USA.74h) | 5 of 5 ✔
[87/c6a205] NFC…AMOND_BLASTX (db6|USA.74h) | 5 of 5 ✔
[-        ] NFC…:KRAKENTOOLS_KREPORT2KRONA -
[-        ] NFC…ON_KRONA:KAIJU_KAIJU2KRONA -
[-        ] NFC…ZATION_KRONA:KRONA_CLEANUP -
[-        ] NFC…N_KRONA:KRONA_KTIMPORTTEXT -
[-        ] NFC…KRONA:MEGAN_RMA2INFO_KRONA -
[-        ] NFC…VISUALIZATION_KRONA:GUNZIP -
[-        ] NFC…ONA:KRONA_KTIMPORTTAXONOMY -
[6b/0b3740] NFC…XPASTA_MERGE (diamond|db6) | 1 of 1 ✔
[-        ] NFC…FILES:TAXPASTA_STANDARDISE -
[-        ] NFC…CKEN_COMBINEBRACKENOUTPUTS -
[78/2d3d4b] NFC…OFILER:TAXPROFILER:MULTIQC | 0 of 1
Plus 6 more processes waiting for tasks…

executor >  slurm (42)
[-        ] NFC…PROFILER:TAXPROFILER:UNTAR -
[5b/c8ef7d] NFC…XPROFILER:FASTQC (USA.74h) | 5 of 5 ✔
[-        ] NFC…ORTREAD_FASTP:FASTP_SINGLE -
[b5/76abcc] NFC…STP:FASTP_PAIRED (USA.74h) | 5 of 5 ✔
[3a/a98f58] NFC…FASTQC_PROCESSED (USA.74h) | 5 of 5 ✔
[64/49e995] NFC…RING:BBMAP_BBDUK (USA.74h) | 5 of 5 ✔
[a0/4d63c4] NFC…AL:BOWTIE2_ALIGN (USA.74h) | 5 of 5 ✔
[8c/000dd5] NFC…L:SAMTOOLS_INDEX (USA.74h) | 5 of 5 ✔
[4d/d00f39] NFC…L:SAMTOOLS_STATS (USA.74h) | 5 of 5 ✔
[87/c6a205] NFC…AMOND_BLASTX (db6|USA.74h) | 5 of 5 ✔
[-        ] NFC…:KRAKENTOOLS_KREPORT2KRONA -
[-        ] NFC…ON_KRONA:KAIJU_KAIJU2KRONA -
[-        ] NFC…ZATION_KRONA:KRONA_CLEANUP -
[-        ] NFC…N_KRONA:KRONA_KTIMPORTTEXT -
[-        ] NFC…KRONA:MEGAN_RMA2INFO_KRONA -
[-        ] NFC…VISUALIZATION_KRONA:GUNZIP -
[-        ] NFC…ONA:KRONA_KTIMPORTTAXONOMY -
[6b/0b3740] NFC…XPASTA_MERGE (diamond|db6) | 1 of 1 ✔
[-        ] NFC…FILES:TAXPASTA_STANDARDISE -
[-        ] NFC…CKEN_COMBINEBRACKENOUTPUTS -
[78/2d3d4b] NFC…OFILER:TAXPROFILER:MULTIQC | 0 of 1
Plus 6 more processes waiting for tasks…

executor >  slurm (42)
[-        ] NFC…PROFILER:TAXPROFILER:UNTAR -
[5b/c8ef7d] NFC…XPROFILER:FASTQC (USA.74h) | 5 of 5 ✔
[-        ] NFC…ORTREAD_FASTP:FASTP_SINGLE -
[b5/76abcc] NFC…STP:FASTP_PAIRED (USA.74h) | 5 of 5 ✔
[3a/a98f58] NFC…FASTQC_PROCESSED (USA.74h) | 5 of 5 ✔
[64/49e995] NFC…RING:BBMAP_BBDUK (USA.74h) | 5 of 5 ✔
[a0/4d63c4] NFC…AL:BOWTIE2_ALIGN (USA.74h) | 5 of 5 ✔
[8c/000dd5] NFC…L:SAMTOOLS_INDEX (USA.74h) | 5 of 5 ✔
[4d/d00f39] NFC…L:SAMTOOLS_STATS (USA.74h) | 5 of 5 ✔
[87/c6a205] NFC…AMOND_BLASTX (db6|USA.74h) | 5 of 5 ✔
[-        ] NFC…:KRAKENTOOLS_KREPORT2KRONA -
[-        ] NFC…ON_KRONA:KAIJU_KAIJU2KRONA -
[-        ] NFC…ZATION_KRONA:KRONA_CLEANUP -
[-        ] NFC…N_KRONA:KRONA_KTIMPORTTEXT -
[-        ] NFC…KRONA:MEGAN_RMA2INFO_KRONA -
[-        ] NFC…VISUALIZATION_KRONA:GUNZIP -
[-        ] NFC…ONA:KRONA_KTIMPORTTAXONOMY -
[6b/0b3740] NFC…XPASTA_MERGE (diamond|db6) | 1 of 1 ✔
[-        ] NFC…FILES:TAXPASTA_STANDARDISE -
[-        ] NFC…CKEN_COMBINEBRACKENOUTPUTS -
[78/2d3d4b] NFC…OFILER:TAXPROFILER:MULTIQC | 1 of 1 ✔
Plus 6 more processes waiting for tasks…

executor >  slurm (42)
[-        ] NFC…PROFILER:TAXPROFILER:UNTAR -
[5b/c8ef7d] NFC…XPROFILER:FASTQC (USA.74h) | 5 of 5 ✔
[-        ] NFC…ORTREAD_FASTP:FASTP_SINGLE -
[b5/76abcc] NFC…STP:FASTP_PAIRED (USA.74h) | 5 of 5 ✔
[3a/a98f58] NFC…FASTQC_PROCESSED (USA.74h) | 5 of 5 ✔
[64/49e995] NFC…RING:BBMAP_BBDUK (USA.74h) | 5 of 5 ✔
[a0/4d63c4] NFC…AL:BOWTIE2_ALIGN (USA.74h) | 5 of 5 ✔
[8c/000dd5] NFC…L:SAMTOOLS_INDEX (USA.74h) | 5 of 5 ✔
[4d/d00f39] NFC…L:SAMTOOLS_STATS (USA.74h) | 5 of 5 ✔
[87/c6a205] NFC…AMOND_BLASTX (db6|USA.74h) | 5 of 5 ✔
[-        ] NFC…:KRAKENTOOLS_KREPORT2KRONA -
[-        ] NFC…ON_KRONA:KAIJU_KAIJU2KRONA -
[-        ] NFC…ZATION_KRONA:KRONA_CLEANUP -
[-        ] NFC…N_KRONA:KRONA_KTIMPORTTEXT -
[-        ] NFC…KRONA:MEGAN_RMA2INFO_KRONA -
[-        ] NFC…VISUALIZATION_KRONA:GUNZIP -
[-        ] NFC…ONA:KRONA_KTIMPORTTAXONOMY -
[6b/0b3740] NFC…XPASTA_MERGE (diamond|db6) | 1 of 1 ✔
[-        ] NFC…FILES:TAXPASTA_STANDARDISE -
[-        ] NFC…CKEN_COMBINEBRACKENOUTPUTS -
[78/2d3d4b] NFC…OFILER:TAXPROFILER:MULTIQC | 1 of 1 ✔
Plus 6 more processes waiting for tasks…
-[nf-core/taxprofiler] Pipeline completed successfully-

executor >  slurm (42)
[-        ] NFC…PROFILER:TAXPROFILER:UNTAR -
[5b/c8ef7d] NFC…XPROFILER:FASTQC (USA.74h) | 5 of 5 ✔
[-        ] NFC…ORTREAD_FASTP:FASTP_SINGLE -
[b5/76abcc] NFC…STP:FASTP_PAIRED (USA.74h) | 5 of 5 ✔
[3a/a98f58] NFC…FASTQC_PROCESSED (USA.74h) | 5 of 5 ✔
[64/49e995] NFC…RING:BBMAP_BBDUK (USA.74h) | 5 of 5 ✔
[a0/4d63c4] NFC…AL:BOWTIE2_ALIGN (USA.74h) | 5 of 5 ✔
[8c/000dd5] NFC…L:SAMTOOLS_INDEX (USA.74h) | 5 of 5 ✔
[4d/d00f39] NFC…L:SAMTOOLS_STATS (USA.74h) | 5 of 5 ✔
[87/c6a205] NFC…AMOND_BLASTX (db6|USA.74h) | 5 of 5 ✔
[-        ] NFC…:KRAKENTOOLS_KREPORT2KRONA -
[-        ] NFC…ON_KRONA:KAIJU_KAIJU2KRONA -
[-        ] NFC…ZATION_KRONA:KRONA_CLEANUP -
[-        ] NFC…N_KRONA:KRONA_KTIMPORTTEXT -
[-        ] NFC…KRONA:MEGAN_RMA2INFO_KRONA -
[-        ] NFC…VISUALIZATION_KRONA:GUNZIP -
[-        ] NFC…ONA:KRONA_KTIMPORTTAXONOMY -
[6b/0b3740] NFC…XPASTA_MERGE (diamond|db6) | 1 of 1 ✔
[-        ] NFC…FILES:TAXPASTA_STANDARDISE -
[-        ] NFC…CKEN_COMBINEBRACKENOUTPUTS -
[78/2d3d4b] NFC…OFILER:TAXPROFILER:MULTIQC | 1 of 1 ✔
Plus 6 more processes waiting for tasks…
-[nf-core/taxprofiler] Pipeline completed successfully-
Completed at: 07-Jan-2026 22:45:54
Duration    : 2d 13h 26m 49s
CPU hours   : 1'722.7
Succeeded   : 42


