[33mNextflow 25.10.2 is available - Please consider updating your version to it(B[m

 N E X T F L O W   ~  version 25.04.6

WARN: It appears you have never run this project before -- Option `-resume` is ignored
Launching `/data/ucct/bi/pipelines/nf-core-taxprofiler/nf-core-taxprofiler-1.2.4/main.nf` [lonely_lamport] DSL2 - revision: bba6c867d1


------------------------------------------------------
                                        ,--./,-.
        ___     __   __   __   ___     /,-._.--~'
  |\ | |__  __ /  ` /  \ |__) |__         }  {
  | \| |       \__, \__/ |  \ |___     \`-._,-`-,
                                        `._,._,'
  nf-core/taxprofiler 1.2.4
------------------------------------------------------
Input/output options
  input                             : samplesheet.csv
  databases                         : ../../DOC/databasesheet.csv
  outdir                            : ./results
  multiqc_title                     : ERP015409

Preprocessing short-read QC options
  perform_shortread_qc              : true
  shortread_qc_minlength            : 50
  perform_shortread_complexityfilter: true
  shortread_complexityfilter_entropy: 0.5
  save_complexityfiltered_reads     : true

Preprocessing host removal options
  perform_shortread_hostremoval     : true
  hostremoval_reference             : /data/ucct/bi/references/eukaria/homo_sapiens/hg38/NCBI/genome/GCF_000001405.40_GRCh38.p14/GCF_000001405.40_GRCh38.p14_genomic.fna.gz
  shortread_hostremoval_index       : ../../REFERENCES/bowtie2/

Profiling options
  run_diamond                       : true
  kaiju_taxon_rank                  : genus
  ganon_report_rank                 : genus

Postprocessing and visualisation options
  run_profile_standardisation       : true
  run_krona                         : true
  krona_taxonomy_directory          : /data/ucct/bi/research/20250625_TFM_CIBORRA_IC-SM_T/REFERENCES/krona/taxonomy_db
  taxpasta_taxonomy_dir             : ../../REFERENCES/taxdump/2025-09-01_taxdump/
  taxpasta_add_name                 : true
  taxpasta_add_rank                 : true

Generic options
  trace_report_suffix               : 2025-12-30_09-58-20

Core Nextflow options
  runName                           : lonely_lamport
  containerEngine                   : singularity
  launchDir                         : /data/ucct/bi/research/20250625_TFM_CIBORRA_IC-SM_T/ANALYSIS/20251217_ANALYSIS23_diamond6
  workDir                           : /data/ucct/bi/research/20250625_TFM_CIBORRA_IC-SM_T/ANALYSIS/20251217_ANALYSIS23_diamond6/work
  projectDir                        : /data/ucct/bi/pipelines/nf-core-taxprofiler/nf-core-taxprofiler-1.2.4
  userName                          : carmen.iborra
  profile                           : singularity
  configFiles                       : /data/ucct/bi/pipelines/nf-core-taxprofiler/nf-core-taxprofiler-1.2.4/nextflow.config, /data/ucct/bi/research/20250625_TFM_CIBORRA_IC-SM_T/ANALYSIS/20251217_ANALYSIS23_diamond6/../../DOC/taxprofiler.config

!! Only displaying parameters that differ from the pipeline defaults !!
------------------------------------------------------
* The pipeline
    https://doi.org/10.1101/2023.10.20.563221

* The nf-core framework
    https://doi.org/10.1038/s41587-020-0439-x

* Software dependencies
    https://github.com/nf-core/taxprofiler/blob/master/CITATIONS.md

WARN: The following invalid input values have been detected:

* --max_cpus: 32
* --max_time: 24.h
* --run_krona_combined: true
* --max_memory: 376 GB


[-        ] NFC…PROFILER:TAXPROFILER:UNTAR -
[-        ] NFC…ROFILER:TAXPROFILER:FASTQC -
[-        ] NFC…ORTREAD_FASTP:FASTP_SINGLE -

[-        ] NFC…PROFILER:TAXPROFILER:UNTAR -
[-        ] NFC…ROFILER:TAXPROFILER:FASTQC -
[-        ] NFC…ORTREAD_FASTP:FASTP_SINGLE -
[-        ] NFC…ORTREAD_FASTP:FASTP_PAIRED -
[-        ] NFC…ROCESSING:FASTQC_PROCESSED -
[-        ] NFC…EXITYFILTERING:BBMAP_BBDUK -
[-        ] NFC…_HOSTREMOVAL:BOWTIE2_ALIGN -
[-        ] NFC…HOSTREMOVAL:SAMTOOLS_INDEX -
[-        ] NFC…HOSTREMOVAL:SAMTOOLS_STATS -
[-        ] NFC…R:PROFILING:DIAMOND_BLASTX -
[-        ] NFC…:KRAKENTOOLS_KREPORT2KRONA -
[-        ] NFC…ON_KRONA:KAIJU_KAIJU2KRONA -
[-        ] NFC…ZATION_KRONA:KRONA_CLEANUP -

[-        ] NFC…PROFILER:TAXPROFILER:UNTAR -
[-        ] NFC…ROFILER:TAXPROFILER:FASTQC -
[-        ] NFC…ORTREAD_FASTP:FASTP_SINGLE -
[-        ] NFC…ORTREAD_FASTP:FASTP_PAIRED -
[-        ] NFC…ROCESSING:FASTQC_PROCESSED -
[-        ] NFC…EXITYFILTERING:BBMAP_BBDUK -
[-        ] NFC…_HOSTREMOVAL:BOWTIE2_ALIGN -
[-        ] NFC…HOSTREMOVAL:SAMTOOLS_INDEX -
[-        ] NFC…HOSTREMOVAL:SAMTOOLS_STATS -
[-        ] NFC…R:PROFILING:DIAMOND_BLASTX -
[-        ] NFC…:KRAKENTOOLS_KREPORT2KRONA -
[-        ] NFC…ON_KRONA:KAIJU_KAIJU2KRONA -
[-        ] NFC…ZATION_KRONA:KRONA_CLEANUP -
[-        ] NFC…N_KRONA:KRONA_KTIMPORTTEXT -
[-        ] NFC…KRONA:MEGAN_RMA2INFO_KRONA -
[-        ] NFC…VISUALIZATION_KRONA:GUNZIP -
[-        ] NFC…ONA:KRONA_KTIMPORTTAXONOMY -
[-        ] NFC…ON_PROFILES:TAXPASTA_MERGE -
[-        ] NFC…FILES:TAXPASTA_STANDARDISE -
[-        ] NFC…CKEN_COMBINEBRACKENOUTPUTS -
Plus 4 more processes waiting for tasks…

[-        ] NFC…PROFILER:TAXPROFILER:UNTAR -
[-        ] NFC…ROFILER:TAXPROFILER:FASTQC -
[-        ] NFC…ORTREAD_FASTP:FASTP_SINGLE -
[-        ] NFC…ORTREAD_FASTP:FASTP_PAIRED -
[-        ] NFC…ROCESSING:FASTQC_PROCESSED -
[-        ] NFC…EXITYFILTERING:BBMAP_BBDUK -
[-        ] NFC…_HOSTREMOVAL:BOWTIE2_ALIGN -
[-        ] NFC…HOSTREMOVAL:SAMTOOLS_INDEX -
[-        ] NFC…HOSTREMOVAL:SAMTOOLS_STATS -
[-        ] NFC…R:PROFILING:DIAMOND_BLASTX -
[-        ] NFC…:KRAKENTOOLS_KREPORT2KRONA -
[-        ] NFC…ON_KRONA:KAIJU_KAIJU2KRONA -
[-        ] NFC…ZATION_KRONA:KRONA_CLEANUP -
[-        ] NFC…N_KRONA:KRONA_KTIMPORTTEXT -
[-        ] NFC…KRONA:MEGAN_RMA2INFO_KRONA -
[-        ] NFC…VISUALIZATION_KRONA:GUNZIP -
[-        ] NFC…ONA:KRONA_KTIMPORTTAXONOMY -
[-        ] NFC…ON_PROFILES:TAXPASTA_MERGE -
[-        ] NFC…FILES:TAXPASTA_STANDARDISE -
[-        ] NFC…CKEN_COMBINEBRACKENOUTPUTS -
Plus 7 more processes waiting for tasks…

[-        ] NFC…PROFILER:TAXPROFILER:UNTAR -
[-        ] NFC…ROFILER:TAXPROFILER:FASTQC | 0 of 5
[-        ] NFC…ORTREAD_FASTP:FASTP_SINGLE -
[-        ] NFC…ORTREAD_FASTP:FASTP_PAIRED | 0 of 5
[-        ] NFC…ROCESSING:FASTQC_PROCESSED -
[-        ] NFC…EXITYFILTERING:BBMAP_BBDUK -
[-        ] NFC…_HOSTREMOVAL:BOWTIE2_ALIGN -
[-        ] NFC…HOSTREMOVAL:SAMTOOLS_INDEX -
[-        ] NFC…HOSTREMOVAL:SAMTOOLS_STATS -
[-        ] NFC…R:PROFILING:DIAMOND_BLASTX -
[-        ] NFC…:KRAKENTOOLS_KREPORT2KRONA -
[-        ] NFC…ON_KRONA:KAIJU_KAIJU2KRONA -
[-        ] NFC…ZATION_KRONA:KRONA_CLEANUP -
[-        ] NFC…N_KRONA:KRONA_KTIMPORTTEXT -
[-        ] NFC…KRONA:MEGAN_RMA2INFO_KRONA -
[-        ] NFC…VISUALIZATION_KRONA:GUNZIP -
[-        ] NFC…ONA:KRONA_KTIMPORTTAXONOMY -
[-        ] NFC…ON_PROFILES:TAXPASTA_MERGE -
[-        ] NFC…FILES:TAXPASTA_STANDARDISE -
[-        ] NFC…CKEN_COMBINEBRACKENOUTPUTS -
Plus 7 more processes waiting for tasks…

executor >  slurm (10)
[-        ] NFC…PROFILER:TAXPROFILER:UNTAR -
[5d/211037] NFC…XPROFILER:FASTQC (USA.74d) | 0 of 5
[-        ] NFC…ORTREAD_FASTP:FASTP_SINGLE -
[47/e48c29] NFC…STP:FASTP_PAIRED (USA.74d) | 0 of 5
[-        ] NFC…ROCESSING:FASTQC_PROCESSED -
[-        ] NFC…EXITYFILTERING:BBMAP_BBDUK -
[-        ] NFC…_HOSTREMOVAL:BOWTIE2_ALIGN -
[-        ] NFC…HOSTREMOVAL:SAMTOOLS_INDEX -
[-        ] NFC…HOSTREMOVAL:SAMTOOLS_STATS -
[-        ] NFC…R:PROFILING:DIAMOND_BLASTX -
[-        ] NFC…:KRAKENTOOLS_KREPORT2KRONA -
[-        ] NFC…ON_KRONA:KAIJU_KAIJU2KRONA -
[-        ] NFC…ZATION_KRONA:KRONA_CLEANUP -
[-        ] NFC…N_KRONA:KRONA_KTIMPORTTEXT -
[-        ] NFC…KRONA:MEGAN_RMA2INFO_KRONA -
[-        ] NFC…VISUALIZATION_KRONA:GUNZIP -
[-        ] NFC…ONA:KRONA_KTIMPORTTAXONOMY -
[-        ] NFC…ON_PROFILES:TAXPASTA_MERGE -
[-        ] NFC…FILES:TAXPASTA_STANDARDISE -
[-        ] NFC…CKEN_COMBINEBRACKENOUTPUTS -
Plus 7 more processes waiting for tasks…

executor >  slurm (10)
[-        ] NFC…PROFILER:TAXPROFILER:UNTAR -
[5d/211037] NFC…XPROFILER:FASTQC (USA.74d) | 0 of 5
[-        ] NFC…ORTREAD_FASTP:FASTP_SINGLE -
[47/e48c29] NFC…STP:FASTP_PAIRED (USA.74d) | 0 of 5
[-        ] NFC…ROCESSING:FASTQC_PROCESSED -
[-        ] NFC…EXITYFILTERING:BBMAP_BBDUK -
[-        ] NFC…_HOSTREMOVAL:BOWTIE2_ALIGN -
[-        ] NFC…HOSTREMOVAL:SAMTOOLS_INDEX -
[-        ] NFC…HOSTREMOVAL:SAMTOOLS_STATS -
[-        ] NFC…R:PROFILING:DIAMOND_BLASTX -
[-        ] NFC…:KRAKENTOOLS_KREPORT2KRONA -
[-        ] NFC…ON_KRONA:KAIJU_KAIJU2KRONA -
[-        ] NFC…ZATION_KRONA:KRONA_CLEANUP -
[-        ] NFC…N_KRONA:KRONA_KTIMPORTTEXT -
[-        ] NFC…KRONA:MEGAN_RMA2INFO_KRONA -
[-        ] NFC…VISUALIZATION_KRONA:GUNZIP -
[-        ] NFC…ONA:KRONA_KTIMPORTTAXONOMY -
[-        ] NFC…ON_PROFILES:TAXPASTA_MERGE -
[-        ] NFC…FILES:TAXPASTA_STANDARDISE -
[-        ] NFC…CKEN_COMBINEBRACKENOUTPUTS -
Plus 7 more processes waiting for tasks…

executor >  slurm (10)
[-        ] NFC…PROFILER:TAXPROFILER:UNTAR -
[5d/211037] NFC…XPROFILER:FASTQC (USA.74d) | 0 of 5
[-        ] NFC…ORTREAD_FASTP:FASTP_SINGLE -
[72/147f63] NFC…STP:FASTP_PAIRED (USA.74b) | 1 of 5
[-        ] NFC…ROCESSING:FASTQC_PROCESSED | 0 of 1
[-        ] NFC…EXITYFILTERING:BBMAP_BBDUK | 0 of 1
[-        ] NFC…_HOSTREMOVAL:BOWTIE2_ALIGN -
[-        ] NFC…HOSTREMOVAL:SAMTOOLS_INDEX -
[-        ] NFC…HOSTREMOVAL:SAMTOOLS_STATS -
[-        ] NFC…R:PROFILING:DIAMOND_BLASTX -
[-        ] NFC…:KRAKENTOOLS_KREPORT2KRONA -
[-        ] NFC…ON_KRONA:KAIJU_KAIJU2KRONA -
[-        ] NFC…ZATION_KRONA:KRONA_CLEANUP -
[-        ] NFC…N_KRONA:KRONA_KTIMPORTTEXT -
[-        ] NFC…KRONA:MEGAN_RMA2INFO_KRONA -
[-        ] NFC…VISUALIZATION_KRONA:GUNZIP -
[-        ] NFC…ONA:KRONA_KTIMPORTTAXONOMY -
[-        ] NFC…ON_PROFILES:TAXPASTA_MERGE -
[-        ] NFC…FILES:TAXPASTA_STANDARDISE -
[-        ] NFC…CKEN_COMBINEBRACKENOUTPUTS -
Plus 7 more processes waiting for tasks…

executor >  slurm (12)
[-        ] NFC…PROFILER:TAXPROFILER:UNTAR -
[5d/211037] NFC…XPROFILER:FASTQC (USA.74d) | 0 of 5
[-        ] NFC…ORTREAD_FASTP:FASTP_SINGLE -
[72/147f63] NFC…STP:FASTP_PAIRED (USA.74b) | 1 of 5
[09/b81564] NFC…FASTQC_PROCESSED (USA.74b) | 0 of 1
[46/8e69e8] NFC…RING:BBMAP_BBDUK (USA.74b) | 0 of 1
[-        ] NFC…_HOSTREMOVAL:BOWTIE2_ALIGN -
[-        ] NFC…HOSTREMOVAL:SAMTOOLS_INDEX -
[-        ] NFC…HOSTREMOVAL:SAMTOOLS_STATS -
[-        ] NFC…R:PROFILING:DIAMOND_BLASTX -
[-        ] NFC…:KRAKENTOOLS_KREPORT2KRONA -
[-        ] NFC…ON_KRONA:KAIJU_KAIJU2KRONA -
[-        ] NFC…ZATION_KRONA:KRONA_CLEANUP -
[-        ] NFC…N_KRONA:KRONA_KTIMPORTTEXT -
[-        ] NFC…KRONA:MEGAN_RMA2INFO_KRONA -
[-        ] NFC…VISUALIZATION_KRONA:GUNZIP -
[-        ] NFC…ONA:KRONA_KTIMPORTTAXONOMY -
[-        ] NFC…ON_PROFILES:TAXPASTA_MERGE -
[-        ] NFC…FILES:TAXPASTA_STANDARDISE -
[-        ] NFC…CKEN_COMBINEBRACKENOUTPUTS -
Plus 7 more processes waiting for tasks…

executor >  slurm (12)
[-        ] NFC…PROFILER:TAXPROFILER:UNTAR -
[5d/211037] NFC…XPROFILER:FASTQC (USA.74d) | 0 of 5
[-        ] NFC…ORTREAD_FASTP:FASTP_SINGLE -
[72/147f63] NFC…STP:FASTP_PAIRED (USA.74b) | 1 of 5
[09/b81564] NFC…FASTQC_PROCESSED (USA.74b) | 0 of 1
[46/8e69e8] NFC…RING:BBMAP_BBDUK (USA.74b) | 0 of 1
[-        ] NFC…_HOSTREMOVAL:BOWTIE2_ALIGN -
[-        ] NFC…HOSTREMOVAL:SAMTOOLS_INDEX -
[-        ] NFC…HOSTREMOVAL:SAMTOOLS_STATS -
[-        ] NFC…R:PROFILING:DIAMOND_BLASTX -
[-        ] NFC…:KRAKENTOOLS_KREPORT2KRONA -
[-        ] NFC…ON_KRONA:KAIJU_KAIJU2KRONA -
[-        ] NFC…ZATION_KRONA:KRONA_CLEANUP -
[-        ] NFC…N_KRONA:KRONA_KTIMPORTTEXT -
[-        ] NFC…KRONA:MEGAN_RMA2INFO_KRONA -
[-        ] NFC…VISUALIZATION_KRONA:GUNZIP -
[-        ] NFC…ONA:KRONA_KTIMPORTTAXONOMY -
[-        ] NFC…ON_PROFILES:TAXPASTA_MERGE -
[-        ] NFC…FILES:TAXPASTA_STANDARDISE -
[-        ] NFC…CKEN_COMBINEBRACKENOUTPUTS -
Plus 7 more processes waiting for tasks…

executor >  slurm (12)
[-        ] NFC…PROFILER:TAXPROFILER:UNTAR -
[b3/bd714f] NFC…XPROFILER:FASTQC (USA.74b) | 1 of 5
[-        ] NFC…ORTREAD_FASTP:FASTP_SINGLE -
[72/147f63] NFC…STP:FASTP_PAIRED (USA.74b) | 1 of 5
[09/b81564] NFC…FASTQC_PROCESSED (USA.74b) | 0 of 1
[46/8e69e8] NFC…RING:BBMAP_BBDUK (USA.74b) | 0 of 1
[-        ] NFC…_HOSTREMOVAL:BOWTIE2_ALIGN -
[-        ] NFC…HOSTREMOVAL:SAMTOOLS_INDEX -
[-        ] NFC…HOSTREMOVAL:SAMTOOLS_STATS -
[-        ] NFC…R:PROFILING:DIAMOND_BLASTX -
[-        ] NFC…:KRAKENTOOLS_KREPORT2KRONA -
[-        ] NFC…ON_KRONA:KAIJU_KAIJU2KRONA -
[-        ] NFC…ZATION_KRONA:KRONA_CLEANUP -
[-        ] NFC…N_KRONA:KRONA_KTIMPORTTEXT -
[-        ] NFC…KRONA:MEGAN_RMA2INFO_KRONA -
[-        ] NFC…VISUALIZATION_KRONA:GUNZIP -
[-        ] NFC…ONA:KRONA_KTIMPORTTAXONOMY -
[-        ] NFC…ON_PROFILES:TAXPASTA_MERGE -
[-        ] NFC…FILES:TAXPASTA_STANDARDISE -
[-        ] NFC…CKEN_COMBINEBRACKENOUTPUTS -
Plus 7 more processes waiting for tasks…

executor >  slurm (12)
[-        ] NFC…PROFILER:TAXPROFILER:UNTAR -
[b3/bd714f] NFC…XPROFILER:FASTQC (USA.74b) | 1 of 5
[-        ] NFC…ORTREAD_FASTP:FASTP_SINGLE -
[72/147f63] NFC…STP:FASTP_PAIRED (USA.74b) | 1 of 5
[09/b81564] NFC…FASTQC_PROCESSED (USA.74b) | 0 of 2
[46/8e69e8] NFC…RING:BBMAP_BBDUK (USA.74b) | 0 of 2
[-        ] NFC…_HOSTREMOVAL:BOWTIE2_ALIGN -
[-        ] NFC…HOSTREMOVAL:SAMTOOLS_INDEX -
[-        ] NFC…HOSTREMOVAL:SAMTOOLS_STATS -
[-        ] NFC…R:PROFILING:DIAMOND_BLASTX -
[-        ] NFC…:KRAKENTOOLS_KREPORT2KRONA -
[-        ] NFC…ON_KRONA:KAIJU_KAIJU2KRONA -
[-        ] NFC…ZATION_KRONA:KRONA_CLEANUP -
[-        ] NFC…N_KRONA:KRONA_KTIMPORTTEXT -
[-        ] NFC…KRONA:MEGAN_RMA2INFO_KRONA -
[-        ] NFC…VISUALIZATION_KRONA:GUNZIP -
[-        ] NFC…ONA:KRONA_KTIMPORTTAXONOMY -
[-        ] NFC…ON_PROFILES:TAXPASTA_MERGE -
[-        ] NFC…FILES:TAXPASTA_STANDARDISE -
[-        ] NFC…CKEN_COMBINEBRACKENOUTPUTS -
Plus 7 more processes waiting for tasks…

executor >  slurm (14)
[-        ] NFC…PROFILER:TAXPROFILER:UNTAR -
[b3/bd714f] NFC…XPROFILER:FASTQC (USA.74b) | 1 of 5
[-        ] NFC…ORTREAD_FASTP:FASTP_SINGLE -
[72/147f63] NFC…STP:FASTP_PAIRED (USA.74b) | 1 of 5
[6d/7ba0e0] NFC…FASTQC_PROCESSED (USA.74a) | 0 of 2
[8a/9a3a99] NFC…RING:BBMAP_BBDUK (USA.74a) | 0 of 2
[-        ] NFC…_HOSTREMOVAL:BOWTIE2_ALIGN -
[-        ] NFC…HOSTREMOVAL:SAMTOOLS_INDEX -
[-        ] NFC…HOSTREMOVAL:SAMTOOLS_STATS -
[-        ] NFC…R:PROFILING:DIAMOND_BLASTX -
[-        ] NFC…:KRAKENTOOLS_KREPORT2KRONA -
[-        ] NFC…ON_KRONA:KAIJU_KAIJU2KRONA -
[-        ] NFC…ZATION_KRONA:KRONA_CLEANUP -
[-        ] NFC…N_KRONA:KRONA_KTIMPORTTEXT -
[-        ] NFC…KRONA:MEGAN_RMA2INFO_KRONA -
[-        ] NFC…VISUALIZATION_KRONA:GUNZIP -
[-        ] NFC…ONA:KRONA_KTIMPORTTAXONOMY -
[-        ] NFC…ON_PROFILES:TAXPASTA_MERGE -
[-        ] NFC…FILES:TAXPASTA_STANDARDISE -
[-        ] NFC…CKEN_COMBINEBRACKENOUTPUTS -
Plus 7 more processes waiting for tasks…

executor >  slurm (14)
[-        ] NFC…PROFILER:TAXPROFILER:UNTAR -
[b3/bd714f] NFC…XPROFILER:FASTQC (USA.74b) | 1 of 5
[-        ] NFC…ORTREAD_FASTP:FASTP_SINGLE -
[fe/e84bbd] NFC…STP:FASTP_PAIRED (USA.74a) | 2 of 5
[6d/7ba0e0] NFC…FASTQC_PROCESSED (USA.74a) | 0 of 2
[8a/9a3a99] NFC…RING:BBMAP_BBDUK (USA.74a) | 0 of 2
[-        ] NFC…_HOSTREMOVAL:BOWTIE2_ALIGN -
[-        ] NFC…HOSTREMOVAL:SAMTOOLS_INDEX -
[-        ] NFC…HOSTREMOVAL:SAMTOOLS_STATS -
[-        ] NFC…R:PROFILING:DIAMOND_BLASTX -
[-        ] NFC…:KRAKENTOOLS_KREPORT2KRONA -
[-        ] NFC…ON_KRONA:KAIJU_KAIJU2KRONA -
[-        ] NFC…ZATION_KRONA:KRONA_CLEANUP -
[-        ] NFC…N_KRONA:KRONA_KTIMPORTTEXT -
[-        ] NFC…KRONA:MEGAN_RMA2INFO_KRONA -
[-        ] NFC…VISUALIZATION_KRONA:GUNZIP -
[-        ] NFC…ONA:KRONA_KTIMPORTTAXONOMY -
[-        ] NFC…ON_PROFILES:TAXPASTA_MERGE -
[-        ] NFC…FILES:TAXPASTA_STANDARDISE -
[-        ] NFC…CKEN_COMBINEBRACKENOUTPUTS -
Plus 7 more processes waiting for tasks…

executor >  slurm (14)
[-        ] NFC…PROFILER:TAXPROFILER:UNTAR -
[b3/bd714f] NFC…XPROFILER:FASTQC (USA.74b) | 1 of 5
[-        ] NFC…ORTREAD_FASTP:FASTP_SINGLE -
[fe/e84bbd] NFC…STP:FASTP_PAIRED (USA.74a) | 2 of 5
[6d/7ba0e0] NFC…FASTQC_PROCESSED (USA.74a) | 0 of 2
[8a/9a3a99] NFC…RING:BBMAP_BBDUK (USA.74a) | 0 of 2
[-        ] NFC…_HOSTREMOVAL:BOWTIE2_ALIGN -
[-        ] NFC…HOSTREMOVAL:SAMTOOLS_INDEX -
[-        ] NFC…HOSTREMOVAL:SAMTOOLS_STATS -
[-        ] NFC…R:PROFILING:DIAMOND_BLASTX -
[-        ] NFC…:KRAKENTOOLS_KREPORT2KRONA -
[-        ] NFC…ON_KRONA:KAIJU_KAIJU2KRONA -
[-        ] NFC…ZATION_KRONA:KRONA_CLEANUP -
[-        ] NFC…N_KRONA:KRONA_KTIMPORTTEXT -
[-        ] NFC…KRONA:MEGAN_RMA2INFO_KRONA -
[-        ] NFC…VISUALIZATION_KRONA:GUNZIP -
[-        ] NFC…ONA:KRONA_KTIMPORTTAXONOMY -
[-        ] NFC…ON_PROFILES:TAXPASTA_MERGE -
[-        ] NFC…FILES:TAXPASTA_STANDARDISE -
[-        ] NFC…CKEN_COMBINEBRACKENOUTPUTS -
Plus 7 more processes waiting for tasks…

executor >  slurm (14)
[-        ] NFC…PROFILER:TAXPROFILER:UNTAR -
[ec/af387e] NFC…XPROFILER:FASTQC (USA.74a) | 2 of 5
[-        ] NFC…ORTREAD_FASTP:FASTP_SINGLE -
[fe/e84bbd] NFC…STP:FASTP_PAIRED (USA.74a) | 2 of 5
[6d/7ba0e0] NFC…FASTQC_PROCESSED (USA.74a) | 0 of 2
[8a/9a3a99] NFC…RING:BBMAP_BBDUK (USA.74a) | 0 of 2
[-        ] NFC…_HOSTREMOVAL:BOWTIE2_ALIGN -
[-        ] NFC…HOSTREMOVAL:SAMTOOLS_INDEX -
[-        ] NFC…HOSTREMOVAL:SAMTOOLS_STATS -
[-        ] NFC…R:PROFILING:DIAMOND_BLASTX -
[-        ] NFC…:KRAKENTOOLS_KREPORT2KRONA -
[-        ] NFC…ON_KRONA:KAIJU_KAIJU2KRONA -
[-        ] NFC…ZATION_KRONA:KRONA_CLEANUP -
[-        ] NFC…N_KRONA:KRONA_KTIMPORTTEXT -
[-        ] NFC…KRONA:MEGAN_RMA2INFO_KRONA -
[-        ] NFC…VISUALIZATION_KRONA:GUNZIP -
[-        ] NFC…ONA:KRONA_KTIMPORTTAXONOMY -
[-        ] NFC…ON_PROFILES:TAXPASTA_MERGE -
[-        ] NFC…FILES:TAXPASTA_STANDARDISE -
[-        ] NFC…CKEN_COMBINEBRACKENOUTPUTS -
Plus 7 more processes waiting for tasks…

executor >  slurm (14)
[-        ] NFC…PROFILER:TAXPROFILER:UNTAR -
[53/bd528c] NFC…XPROFILER:FASTQC (USA.74c) | 3 of 5
[-        ] NFC…ORTREAD_FASTP:FASTP_SINGLE -
[fe/e84bbd] NFC…STP:FASTP_PAIRED (USA.74a) | 2 of 5
[6d/7ba0e0] NFC…FASTQC_PROCESSED (USA.74a) | 0 of 2
[8a/9a3a99] NFC…RING:BBMAP_BBDUK (USA.74a) | 0 of 2
[-        ] NFC…_HOSTREMOVAL:BOWTIE2_ALIGN -
[-        ] NFC…HOSTREMOVAL:SAMTOOLS_INDEX -
[-        ] NFC…HOSTREMOVAL:SAMTOOLS_STATS -
[-        ] NFC…R:PROFILING:DIAMOND_BLASTX -
[-        ] NFC…:KRAKENTOOLS_KREPORT2KRONA -
[-        ] NFC…ON_KRONA:KAIJU_KAIJU2KRONA -
[-        ] NFC…ZATION_KRONA:KRONA_CLEANUP -
[-        ] NFC…N_KRONA:KRONA_KTIMPORTTEXT -
[-        ] NFC…KRONA:MEGAN_RMA2INFO_KRONA -
[-        ] NFC…VISUALIZATION_KRONA:GUNZIP -
[-        ] NFC…ONA:KRONA_KTIMPORTTAXONOMY -
[-        ] NFC…ON_PROFILES:TAXPASTA_MERGE -
[-        ] NFC…FILES:TAXPASTA_STANDARDISE -
[-        ] NFC…CKEN_COMBINEBRACKENOUTPUTS -
Plus 7 more processes waiting for tasks…

executor >  slurm (16)
[-        ] NFC…PROFILER:TAXPROFILER:UNTAR -
[53/bd528c] NFC…XPROFILER:FASTQC (USA.74c) | 3 of 5
[-        ] NFC…ORTREAD_FASTP:FASTP_SINGLE -
[89/c950c0] NFC…STP:FASTP_PAIRED (USA.74c) | 3 of 5
[76/fc20c4] NFC…FASTQC_PROCESSED (USA.74c) | 0 of 3
[91/2d74fa] NFC…RING:BBMAP_BBDUK (USA.74c) | 0 of 3
[-        ] NFC…_HOSTREMOVAL:BOWTIE2_ALIGN -
[-        ] NFC…HOSTREMOVAL:SAMTOOLS_INDEX -
[-        ] NFC…HOSTREMOVAL:SAMTOOLS_STATS -
[-        ] NFC…R:PROFILING:DIAMOND_BLASTX -
[-        ] NFC…:KRAKENTOOLS_KREPORT2KRONA -
[-        ] NFC…ON_KRONA:KAIJU_KAIJU2KRONA -
[-        ] NFC…ZATION_KRONA:KRONA_CLEANUP -
[-        ] NFC…N_KRONA:KRONA_KTIMPORTTEXT -
[-        ] NFC…KRONA:MEGAN_RMA2INFO_KRONA -
[-        ] NFC…VISUALIZATION_KRONA:GUNZIP -
[-        ] NFC…ONA:KRONA_KTIMPORTTAXONOMY -
[-        ] NFC…ON_PROFILES:TAXPASTA_MERGE -
[-        ] NFC…FILES:TAXPASTA_STANDARDISE -
[-        ] NFC…CKEN_COMBINEBRACKENOUTPUTS -
Plus 7 more processes waiting for tasks…

executor >  slurm (18)
[-        ] NFC…PROFILER:TAXPROFILER:UNTAR -
[5d/211037] NFC…XPROFILER:FASTQC (USA.74d) | 4 of 5
[-        ] NFC…ORTREAD_FASTP:FASTP_SINGLE -
[47/e48c29] NFC…STP:FASTP_PAIRED (USA.74d) | 4 of 5
[2b/42bb74] NFC…FASTQC_PROCESSED (USA.74d) | 0 of 4
[92/7354ec] NFC…RING:BBMAP_BBDUK (USA.74d) | 0 of 4
[-        ] NFC…_HOSTREMOVAL:BOWTIE2_ALIGN -
[-        ] NFC…HOSTREMOVAL:SAMTOOLS_INDEX -
[-        ] NFC…HOSTREMOVAL:SAMTOOLS_STATS -
[-        ] NFC…R:PROFILING:DIAMOND_BLASTX -
[-        ] NFC…:KRAKENTOOLS_KREPORT2KRONA -
[-        ] NFC…ON_KRONA:KAIJU_KAIJU2KRONA -
[-        ] NFC…ZATION_KRONA:KRONA_CLEANUP -
[-        ] NFC…N_KRONA:KRONA_KTIMPORTTEXT -
[-        ] NFC…KRONA:MEGAN_RMA2INFO_KRONA -
[-        ] NFC…VISUALIZATION_KRONA:GUNZIP -
[-        ] NFC…ONA:KRONA_KTIMPORTTAXONOMY -
[-        ] NFC…ON_PROFILES:TAXPASTA_MERGE -
[-        ] NFC…FILES:TAXPASTA_STANDARDISE -
[-        ] NFC…CKEN_COMBINEBRACKENOUTPUTS -
Plus 7 more processes waiting for tasks…

executor >  slurm (18)
[-        ] NFC…PROFILER:TAXPROFILER:UNTAR -
[5d/211037] NFC…XPROFILER:FASTQC (USA.74d) | 4 of 5
[-        ] NFC…ORTREAD_FASTP:FASTP_SINGLE -
[47/e48c29] NFC…STP:FASTP_PAIRED (USA.74d) | 4 of 5
[2b/42bb74] NFC…FASTQC_PROCESSED (USA.74d) | 0 of 4
[92/7354ec] NFC…RING:BBMAP_BBDUK (USA.74d) | 0 of 4
[-        ] NFC…_HOSTREMOVAL:BOWTIE2_ALIGN -
[-        ] NFC…HOSTREMOVAL:SAMTOOLS_INDEX -
[-        ] NFC…HOSTREMOVAL:SAMTOOLS_STATS -
[-        ] NFC…R:PROFILING:DIAMOND_BLASTX -
[-        ] NFC…:KRAKENTOOLS_KREPORT2KRONA -
[-        ] NFC…ON_KRONA:KAIJU_KAIJU2KRONA -
[-        ] NFC…ZATION_KRONA:KRONA_CLEANUP -
[-        ] NFC…N_KRONA:KRONA_KTIMPORTTEXT -
[-        ] NFC…KRONA:MEGAN_RMA2INFO_KRONA -
[-        ] NFC…VISUALIZATION_KRONA:GUNZIP -
[-        ] NFC…ONA:KRONA_KTIMPORTTAXONOMY -
[-        ] NFC…ON_PROFILES:TAXPASTA_MERGE -
[-        ] NFC…FILES:TAXPASTA_STANDARDISE -
[-        ] NFC…CKEN_COMBINEBRACKENOUTPUTS -
Plus 7 more processes waiting for tasks…

executor >  slurm (19)
[-        ] NFC…PROFILER:TAXPROFILER:UNTAR -
[5d/211037] NFC…XPROFILER:FASTQC (USA.74d) | 4 of 5
[-        ] NFC…ORTREAD_FASTP:FASTP_SINGLE -
[47/e48c29] NFC…STP:FASTP_PAIRED (USA.74d) | 4 of 5
[09/b81564] NFC…FASTQC_PROCESSED (USA.74b) | 1 of 4
[46/8e69e8] NFC…RING:BBMAP_BBDUK (USA.74b) | 1 of 4
[98/b030cc] NFC…AL:BOWTIE2_ALIGN (USA.74b) | 0 of 1
[-        ] NFC…HOSTREMOVAL:SAMTOOLS_INDEX -
[-        ] NFC…HOSTREMOVAL:SAMTOOLS_STATS -
[-        ] NFC…R:PROFILING:DIAMOND_BLASTX -
[-        ] NFC…:KRAKENTOOLS_KREPORT2KRONA -
[-        ] NFC…ON_KRONA:KAIJU_KAIJU2KRONA -
[-        ] NFC…ZATION_KRONA:KRONA_CLEANUP -
[-        ] NFC…N_KRONA:KRONA_KTIMPORTTEXT -
[-        ] NFC…KRONA:MEGAN_RMA2INFO_KRONA -
[-        ] NFC…VISUALIZATION_KRONA:GUNZIP -
[-        ] NFC…ONA:KRONA_KTIMPORTTAXONOMY -
[-        ] NFC…ON_PROFILES:TAXPASTA_MERGE -
[-        ] NFC…FILES:TAXPASTA_STANDARDISE -
[-        ] NFC…CKEN_COMBINEBRACKENOUTPUTS -
Plus 7 more processes waiting for tasks…

executor >  slurm (19)
[-        ] NFC…PROFILER:TAXPROFILER:UNTAR -
[5d/211037] NFC…XPROFILER:FASTQC (USA.74d) | 4 of 5
[-        ] NFC…ORTREAD_FASTP:FASTP_SINGLE -
[47/e48c29] NFC…STP:FASTP_PAIRED (USA.74d) | 4 of 5
[09/b81564] NFC…FASTQC_PROCESSED (USA.74b) | 1 of 4
[46/8e69e8] NFC…RING:BBMAP_BBDUK (USA.74b) | 1 of 4
[98/b030cc] NFC…AL:BOWTIE2_ALIGN (USA.74b) | 0 of 1
[-        ] NFC…HOSTREMOVAL:SAMTOOLS_INDEX -
[-        ] NFC…HOSTREMOVAL:SAMTOOLS_STATS -
[-        ] NFC…R:PROFILING:DIAMOND_BLASTX -
[-        ] NFC…:KRAKENTOOLS_KREPORT2KRONA -
[-        ] NFC…ON_KRONA:KAIJU_KAIJU2KRONA -
[-        ] NFC…ZATION_KRONA:KRONA_CLEANUP -
[-        ] NFC…N_KRONA:KRONA_KTIMPORTTEXT -
[-        ] NFC…KRONA:MEGAN_RMA2INFO_KRONA -
[-        ] NFC…VISUALIZATION_KRONA:GUNZIP -
[-        ] NFC…ONA:KRONA_KTIMPORTTAXONOMY -
[-        ] NFC…ON_PROFILES:TAXPASTA_MERGE -
[-        ] NFC…FILES:TAXPASTA_STANDARDISE -
[-        ] NFC…CKEN_COMBINEBRACKENOUTPUTS -
Plus 7 more processes waiting for tasks…

executor >  slurm (21)
[-        ] NFC…PROFILER:TAXPROFILER:UNTAR -
[5d/211037] NFC…XPROFILER:FASTQC (USA.74d) | 4 of 5
[-        ] NFC…ORTREAD_FASTP:FASTP_SINGLE -
[88/88c654] NFC…ASTP:FASTP_PAIRED (USA.74) | 5 of 5 ✔
[06/9c4129] NFC…:FASTQC_PROCESSED (USA.74) | 1 of 5
[d8/a8ec5e] NFC…ERING:BBMAP_BBDUK (USA.74) | 1 of 5
[98/b030cc] NFC…AL:BOWTIE2_ALIGN (USA.74b) | 0 of 1
[-        ] NFC…HOSTREMOVAL:SAMTOOLS_INDEX -
[-        ] NFC…HOSTREMOVAL:SAMTOOLS_STATS -
[-        ] NFC…R:PROFILING:DIAMOND_BLASTX -
[-        ] NFC…:KRAKENTOOLS_KREPORT2KRONA -
[-        ] NFC…ON_KRONA:KAIJU_KAIJU2KRONA -
[-        ] NFC…ZATION_KRONA:KRONA_CLEANUP -
[-        ] NFC…N_KRONA:KRONA_KTIMPORTTEXT -
[-        ] NFC…KRONA:MEGAN_RMA2INFO_KRONA -
[-        ] NFC…VISUALIZATION_KRONA:GUNZIP -
[-        ] NFC…ONA:KRONA_KTIMPORTTAXONOMY -
[-        ] NFC…ON_PROFILES:TAXPASTA_MERGE -
[-        ] NFC…FILES:TAXPASTA_STANDARDISE -
[-        ] NFC…CKEN_COMBINEBRACKENOUTPUTS -
Plus 7 more processes waiting for tasks…

executor >  slurm (22)
[-        ] NFC…PROFILER:TAXPROFILER:UNTAR -
[01/c7deeb] NFC…AXPROFILER:FASTQC (USA.74) | 5 of 5 ✔
[-        ] NFC…ORTREAD_FASTP:FASTP_SINGLE -
[88/88c654] NFC…ASTP:FASTP_PAIRED (USA.74) | 5 of 5 ✔
[6d/7ba0e0] NFC…FASTQC_PROCESSED (USA.74a) | 2 of 5
[8a/9a3a99] NFC…RING:BBMAP_BBDUK (USA.74a) | 2 of 5
[5a/0be427] NFC…AL:BOWTIE2_ALIGN (USA.74a) | 0 of 2
[-        ] NFC…HOSTREMOVAL:SAMTOOLS_INDEX -
[-        ] NFC…HOSTREMOVAL:SAMTOOLS_STATS -
[-        ] NFC…R:PROFILING:DIAMOND_BLASTX -
[-        ] NFC…:KRAKENTOOLS_KREPORT2KRONA -
[-        ] NFC…ON_KRONA:KAIJU_KAIJU2KRONA -
[-        ] NFC…ZATION_KRONA:KRONA_CLEANUP -
[-        ] NFC…N_KRONA:KRONA_KTIMPORTTEXT -
[-        ] NFC…KRONA:MEGAN_RMA2INFO_KRONA -
[-        ] NFC…VISUALIZATION_KRONA:GUNZIP -
[-        ] NFC…ONA:KRONA_KTIMPORTTAXONOMY -
[-        ] NFC…ON_PROFILES:TAXPASTA_MERGE -
[-        ] NFC…FILES:TAXPASTA_STANDARDISE -
[-        ] NFC…CKEN_COMBINEBRACKENOUTPUTS -
Plus 7 more processes waiting for tasks…

executor >  slurm (22)
[-        ] NFC…PROFILER:TAXPROFILER:UNTAR -
[01/c7deeb] NFC…AXPROFILER:FASTQC (USA.74) | 5 of 5 ✔
[-        ] NFC…ORTREAD_FASTP:FASTP_SINGLE -
[88/88c654] NFC…ASTP:FASTP_PAIRED (USA.74) | 5 of 5 ✔
[6d/7ba0e0] NFC…FASTQC_PROCESSED (USA.74a) | 2 of 5
[8a/9a3a99] NFC…RING:BBMAP_BBDUK (USA.74a) | 2 of 5
[5a/0be427] NFC…AL:BOWTIE2_ALIGN (USA.74a) | 0 of 2
[-        ] NFC…HOSTREMOVAL:SAMTOOLS_INDEX -
[-        ] NFC…HOSTREMOVAL:SAMTOOLS_STATS -
[-        ] NFC…R:PROFILING:DIAMOND_BLASTX -
[-        ] NFC…:KRAKENTOOLS_KREPORT2KRONA -
[-        ] NFC…ON_KRONA:KAIJU_KAIJU2KRONA -
[-        ] NFC…ZATION_KRONA:KRONA_CLEANUP -
[-        ] NFC…N_KRONA:KRONA_KTIMPORTTEXT -
[-        ] NFC…KRONA:MEGAN_RMA2INFO_KRONA -
[-        ] NFC…VISUALIZATION_KRONA:GUNZIP -
[-        ] NFC…ONA:KRONA_KTIMPORTTAXONOMY -
[-        ] NFC…ON_PROFILES:TAXPASTA_MERGE -
[-        ] NFC…FILES:TAXPASTA_STANDARDISE -
[-        ] NFC…CKEN_COMBINEBRACKENOUTPUTS -
Plus 7 more processes waiting for tasks…

executor >  slurm (22)
[-        ] NFC…PROFILER:TAXPROFILER:UNTAR -
[01/c7deeb] NFC…AXPROFILER:FASTQC (USA.74) | 5 of 5 ✔
[-        ] NFC…ORTREAD_FASTP:FASTP_SINGLE -
[88/88c654] NFC…ASTP:FASTP_PAIRED (USA.74) | 5 of 5 ✔
[6d/7ba0e0] NFC…FASTQC_PROCESSED (USA.74a) | 2 of 5
[91/2d74fa] NFC…RING:BBMAP_BBDUK (USA.74c) | 3 of 5
[5a/0be427] NFC…AL:BOWTIE2_ALIGN (USA.74a) | 0 of 3
[-        ] NFC…HOSTREMOVAL:SAMTOOLS_INDEX -
[-        ] NFC…HOSTREMOVAL:SAMTOOLS_STATS -
[-        ] NFC…R:PROFILING:DIAMOND_BLASTX -
[-        ] NFC…:KRAKENTOOLS_KREPORT2KRONA -
[-        ] NFC…ON_KRONA:KAIJU_KAIJU2KRONA -
[-        ] NFC…ZATION_KRONA:KRONA_CLEANUP -
[-        ] NFC…N_KRONA:KRONA_KTIMPORTTEXT -
[-        ] NFC…KRONA:MEGAN_RMA2INFO_KRONA -
[-        ] NFC…VISUALIZATION_KRONA:GUNZIP -
[-        ] NFC…ONA:KRONA_KTIMPORTTAXONOMY -
[-        ] NFC…ON_PROFILES:TAXPASTA_MERGE -
[-        ] NFC…FILES:TAXPASTA_STANDARDISE -
[-        ] NFC…CKEN_COMBINEBRACKENOUTPUTS -
Plus 7 more processes waiting for tasks…

executor >  slurm (23)
[-        ] NFC…PROFILER:TAXPROFILER:UNTAR -
[01/c7deeb] NFC…AXPROFILER:FASTQC (USA.74) | 5 of 5 ✔
[-        ] NFC…ORTREAD_FASTP:FASTP_SINGLE -
[88/88c654] NFC…ASTP:FASTP_PAIRED (USA.74) | 5 of 5 ✔
[6d/7ba0e0] NFC…FASTQC_PROCESSED (USA.74a) | 2 of 5
[91/2d74fa] NFC…RING:BBMAP_BBDUK (USA.74c) | 3 of 5
[53/e3fb2c] NFC…AL:BOWTIE2_ALIGN (USA.74c) | 0 of 3
[-        ] NFC…HOSTREMOVAL:SAMTOOLS_INDEX -
[-        ] NFC…HOSTREMOVAL:SAMTOOLS_STATS -
[-        ] NFC…R:PROFILING:DIAMOND_BLASTX -
[-        ] NFC…:KRAKENTOOLS_KREPORT2KRONA -
[-        ] NFC…ON_KRONA:KAIJU_KAIJU2KRONA -
[-        ] NFC…ZATION_KRONA:KRONA_CLEANUP -
[-        ] NFC…N_KRONA:KRONA_KTIMPORTTEXT -
[-        ] NFC…KRONA:MEGAN_RMA2INFO_KRONA -
[-        ] NFC…VISUALIZATION_KRONA:GUNZIP -
[-        ] NFC…ONA:KRONA_KTIMPORTTAXONOMY -
[-        ] NFC…ON_PROFILES:TAXPASTA_MERGE -
[-        ] NFC…FILES:TAXPASTA_STANDARDISE -
[-        ] NFC…CKEN_COMBINEBRACKENOUTPUTS -
Plus 7 more processes waiting for tasks…

executor >  slurm (23)
[-        ] NFC…PROFILER:TAXPROFILER:UNTAR -
[01/c7deeb] NFC…AXPROFILER:FASTQC (USA.74) | 5 of 5 ✔
[-        ] NFC…ORTREAD_FASTP:FASTP_SINGLE -
[88/88c654] NFC…ASTP:FASTP_PAIRED (USA.74) | 5 of 5 ✔
[6d/7ba0e0] NFC…FASTQC_PROCESSED (USA.74a) | 2 of 5
[91/2d74fa] NFC…RING:BBMAP_BBDUK (USA.74c) | 3 of 5
[53/e3fb2c] NFC…AL:BOWTIE2_ALIGN (USA.74c) | 0 of 3
[-        ] NFC…HOSTREMOVAL:SAMTOOLS_INDEX -
[-        ] NFC…HOSTREMOVAL:SAMTOOLS_STATS -
[-        ] NFC…R:PROFILING:DIAMOND_BLASTX -
[-        ] NFC…:KRAKENTOOLS_KREPORT2KRONA -
[-        ] NFC…ON_KRONA:KAIJU_KAIJU2KRONA -
[-        ] NFC…ZATION_KRONA:KRONA_CLEANUP -
[-        ] NFC…N_KRONA:KRONA_KTIMPORTTEXT -
[-        ] NFC…KRONA:MEGAN_RMA2INFO_KRONA -
[-        ] NFC…VISUALIZATION_KRONA:GUNZIP -
[-        ] NFC…ONA:KRONA_KTIMPORTTAXONOMY -
[-        ] NFC…ON_PROFILES:TAXPASTA_MERGE -
[-        ] NFC…FILES:TAXPASTA_STANDARDISE -
[-        ] NFC…CKEN_COMBINEBRACKENOUTPUTS -
Plus 7 more processes waiting for tasks…

executor >  slurm (23)
[-        ] NFC…PROFILER:TAXPROFILER:UNTAR -
[01/c7deeb] NFC…AXPROFILER:FASTQC (USA.74) | 5 of 5 ✔
[-        ] NFC…ORTREAD_FASTP:FASTP_SINGLE -
[88/88c654] NFC…ASTP:FASTP_PAIRED (USA.74) | 5 of 5 ✔
[6d/7ba0e0] NFC…FASTQC_PROCESSED (USA.74a) | 2 of 5
[91/2d74fa] NFC…RING:BBMAP_BBDUK (USA.74c) | 3 of 5
[53/e3fb2c] NFC…AL:BOWTIE2_ALIGN (USA.74c) | 0 of 4
[-        ] NFC…HOSTREMOVAL:SAMTOOLS_INDEX -
[-        ] NFC…HOSTREMOVAL:SAMTOOLS_STATS -
[-        ] NFC…R:PROFILING:DIAMOND_BLASTX -
[-        ] NFC…:KRAKENTOOLS_KREPORT2KRONA -
[-        ] NFC…ON_KRONA:KAIJU_KAIJU2KRONA -
[-        ] NFC…ZATION_KRONA:KRONA_CLEANUP -
[-        ] NFC…N_KRONA:KRONA_KTIMPORTTEXT -
[-        ] NFC…KRONA:MEGAN_RMA2INFO_KRONA -
[-        ] NFC…VISUALIZATION_KRONA:GUNZIP -
[-        ] NFC…ONA:KRONA_KTIMPORTTAXONOMY -
[-        ] NFC…ON_PROFILES:TAXPASTA_MERGE -
[-        ] NFC…FILES:TAXPASTA_STANDARDISE -
[-        ] NFC…CKEN_COMBINEBRACKENOUTPUTS -
Plus 7 more processes waiting for tasks…

executor >  slurm (24)
[-        ] NFC…PROFILER:TAXPROFILER:UNTAR -
[01/c7deeb] NFC…AXPROFILER:FASTQC (USA.74) | 5 of 5 ✔
[-        ] NFC…ORTREAD_FASTP:FASTP_SINGLE -
[88/88c654] NFC…ASTP:FASTP_PAIRED (USA.74) | 5 of 5 ✔
[6d/7ba0e0] NFC…FASTQC_PROCESSED (USA.74a) | 2 of 5
[92/7354ec] NFC…RING:BBMAP_BBDUK (USA.74d) | 4 of 5
[8b/fae101] NFC…AL:BOWTIE2_ALIGN (USA.74d) | 0 of 4
[-        ] NFC…HOSTREMOVAL:SAMTOOLS_INDEX -
[-        ] NFC…HOSTREMOVAL:SAMTOOLS_STATS -
[-        ] NFC…R:PROFILING:DIAMOND_BLASTX -
[-        ] NFC…:KRAKENTOOLS_KREPORT2KRONA -
[-        ] NFC…ON_KRONA:KAIJU_KAIJU2KRONA -
[-        ] NFC…ZATION_KRONA:KRONA_CLEANUP -
[-        ] NFC…N_KRONA:KRONA_KTIMPORTTEXT -
[-        ] NFC…KRONA:MEGAN_RMA2INFO_KRONA -
[-        ] NFC…VISUALIZATION_KRONA:GUNZIP -
[-        ] NFC…ONA:KRONA_KTIMPORTTAXONOMY -
[-        ] NFC…ON_PROFILES:TAXPASTA_MERGE -
[-        ] NFC…FILES:TAXPASTA_STANDARDISE -
[-        ] NFC…CKEN_COMBINEBRACKENOUTPUTS -
Plus 7 more processes waiting for tasks…

executor >  slurm (24)
[-        ] NFC…PROFILER:TAXPROFILER:UNTAR -
[01/c7deeb] NFC…AXPROFILER:FASTQC (USA.74) | 5 of 5 ✔
[-        ] NFC…ORTREAD_FASTP:FASTP_SINGLE -
[88/88c654] NFC…ASTP:FASTP_PAIRED (USA.74) | 5 of 5 ✔
[6d/7ba0e0] NFC…FASTQC_PROCESSED (USA.74a) | 2 of 5
[92/7354ec] NFC…RING:BBMAP_BBDUK (USA.74d) | 4 of 5
[8b/fae101] NFC…AL:BOWTIE2_ALIGN (USA.74d) | 0 of 4
[-        ] NFC…HOSTREMOVAL:SAMTOOLS_INDEX -
[-        ] NFC…HOSTREMOVAL:SAMTOOLS_STATS -
[-        ] NFC…R:PROFILING:DIAMOND_BLASTX -
[-        ] NFC…:KRAKENTOOLS_KREPORT2KRONA -
[-        ] NFC…ON_KRONA:KAIJU_KAIJU2KRONA -
[-        ] NFC…ZATION_KRONA:KRONA_CLEANUP -
[-        ] NFC…N_KRONA:KRONA_KTIMPORTTEXT -
[-        ] NFC…KRONA:MEGAN_RMA2INFO_KRONA -
[-        ] NFC…VISUALIZATION_KRONA:GUNZIP -
[-        ] NFC…ONA:KRONA_KTIMPORTTAXONOMY -
[-        ] NFC…ON_PROFILES:TAXPASTA_MERGE -
[-        ] NFC…FILES:TAXPASTA_STANDARDISE -
[-        ] NFC…CKEN_COMBINEBRACKENOUTPUTS -
Plus 7 more processes waiting for tasks…

executor >  slurm (24)
[-        ] NFC…PROFILER:TAXPROFILER:UNTAR -
[01/c7deeb] NFC…AXPROFILER:FASTQC (USA.74) | 5 of 5 ✔
[-        ] NFC…ORTREAD_FASTP:FASTP_SINGLE -
[88/88c654] NFC…ASTP:FASTP_PAIRED (USA.74) | 5 of 5 ✔
[2b/42bb74] NFC…FASTQC_PROCESSED (USA.74d) | 3 of 5
[92/7354ec] NFC…RING:BBMAP_BBDUK (USA.74d) | 4 of 5
[8b/fae101] NFC…AL:BOWTIE2_ALIGN (USA.74d) | 0 of 4
[-        ] NFC…HOSTREMOVAL:SAMTOOLS_INDEX -
[-        ] NFC…HOSTREMOVAL:SAMTOOLS_STATS -
[-        ] NFC…R:PROFILING:DIAMOND_BLASTX -
[-        ] NFC…:KRAKENTOOLS_KREPORT2KRONA -
[-        ] NFC…ON_KRONA:KAIJU_KAIJU2KRONA -
[-        ] NFC…ZATION_KRONA:KRONA_CLEANUP -
[-        ] NFC…N_KRONA:KRONA_KTIMPORTTEXT -
[-        ] NFC…KRONA:MEGAN_RMA2INFO_KRONA -
[-        ] NFC…VISUALIZATION_KRONA:GUNZIP -
[-        ] NFC…ONA:KRONA_KTIMPORTTAXONOMY -
[-        ] NFC…ON_PROFILES:TAXPASTA_MERGE -
[-        ] NFC…FILES:TAXPASTA_STANDARDISE -
[-        ] NFC…CKEN_COMBINEBRACKENOUTPUTS -
Plus 7 more processes waiting for tasks…

executor >  slurm (24)
[-        ] NFC…PROFILER:TAXPROFILER:UNTAR -
[01/c7deeb] NFC…AXPROFILER:FASTQC (USA.74) | 5 of 5 ✔
[-        ] NFC…ORTREAD_FASTP:FASTP_SINGLE -
[88/88c654] NFC…ASTP:FASTP_PAIRED (USA.74) | 5 of 5 ✔
[76/fc20c4] NFC…FASTQC_PROCESSED (USA.74c) | 4 of 5
[92/7354ec] NFC…RING:BBMAP_BBDUK (USA.74d) | 4 of 5
[8b/fae101] NFC…AL:BOWTIE2_ALIGN (USA.74d) | 0 of 4
[-        ] NFC…HOSTREMOVAL:SAMTOOLS_INDEX -
[-        ] NFC…HOSTREMOVAL:SAMTOOLS_STATS -
[-        ] NFC…R:PROFILING:DIAMOND_BLASTX -
[-        ] NFC…:KRAKENTOOLS_KREPORT2KRONA -
[-        ] NFC…ON_KRONA:KAIJU_KAIJU2KRONA -
[-        ] NFC…ZATION_KRONA:KRONA_CLEANUP -
[-        ] NFC…N_KRONA:KRONA_KTIMPORTTEXT -
[-        ] NFC…KRONA:MEGAN_RMA2INFO_KRONA -
[-        ] NFC…VISUALIZATION_KRONA:GUNZIP -
[-        ] NFC…ONA:KRONA_KTIMPORTTAXONOMY -
[-        ] NFC…ON_PROFILES:TAXPASTA_MERGE -
[-        ] NFC…FILES:TAXPASTA_STANDARDISE -
[-        ] NFC…CKEN_COMBINEBRACKENOUTPUTS -
Plus 7 more processes waiting for tasks…

executor >  slurm (25)
[-        ] NFC…PROFILER:TAXPROFILER:UNTAR -
[01/c7deeb] NFC…AXPROFILER:FASTQC (USA.74) | 5 of 5 ✔
[-        ] NFC…ORTREAD_FASTP:FASTP_SINGLE -
[88/88c654] NFC…ASTP:FASTP_PAIRED (USA.74) | 5 of 5 ✔
[76/fc20c4] NFC…FASTQC_PROCESSED (USA.74c) | 4 of 5
[d8/a8ec5e] NFC…ERING:BBMAP_BBDUK (USA.74) | 5 of 5 ✔
[7a/74d135] NFC…VAL:BOWTIE2_ALIGN (USA.74) | 0 of 5
[-        ] NFC…HOSTREMOVAL:SAMTOOLS_INDEX -
[-        ] NFC…HOSTREMOVAL:SAMTOOLS_STATS -
[-        ] NFC…R:PROFILING:DIAMOND_BLASTX -
[-        ] NFC…:KRAKENTOOLS_KREPORT2KRONA -
[-        ] NFC…ON_KRONA:KAIJU_KAIJU2KRONA -
[-        ] NFC…ZATION_KRONA:KRONA_CLEANUP -
[-        ] NFC…N_KRONA:KRONA_KTIMPORTTEXT -
[-        ] NFC…KRONA:MEGAN_RMA2INFO_KRONA -
[-        ] NFC…VISUALIZATION_KRONA:GUNZIP -
[-        ] NFC…ONA:KRONA_KTIMPORTTAXONOMY -
[-        ] NFC…ON_PROFILES:TAXPASTA_MERGE -
[-        ] NFC…FILES:TAXPASTA_STANDARDISE -
[-        ] NFC…CKEN_COMBINEBRACKENOUTPUTS -
Plus 7 more processes waiting for tasks…

executor >  slurm (25)
[-        ] NFC…PROFILER:TAXPROFILER:UNTAR -
[01/c7deeb] NFC…AXPROFILER:FASTQC (USA.74) | 5 of 5 ✔
[-        ] NFC…ORTREAD_FASTP:FASTP_SINGLE -
[88/88c654] NFC…ASTP:FASTP_PAIRED (USA.74) | 5 of 5 ✔
[76/fc20c4] NFC…FASTQC_PROCESSED (USA.74c) | 4 of 5
[d8/a8ec5e] NFC…ERING:BBMAP_BBDUK (USA.74) | 5 of 5 ✔
[7a/74d135] NFC…VAL:BOWTIE2_ALIGN (USA.74) | 0 of 5
[-        ] NFC…HOSTREMOVAL:SAMTOOLS_INDEX -
[-        ] NFC…HOSTREMOVAL:SAMTOOLS_STATS -
[-        ] NFC…R:PROFILING:DIAMOND_BLASTX -
[-        ] NFC…:KRAKENTOOLS_KREPORT2KRONA -
[-        ] NFC…ON_KRONA:KAIJU_KAIJU2KRONA -
[-        ] NFC…ZATION_KRONA:KRONA_CLEANUP -
[-        ] NFC…N_KRONA:KRONA_KTIMPORTTEXT -
[-        ] NFC…KRONA:MEGAN_RMA2INFO_KRONA -
[-        ] NFC…VISUALIZATION_KRONA:GUNZIP -
[-        ] NFC…ONA:KRONA_KTIMPORTTAXONOMY -
[-        ] NFC…ON_PROFILES:TAXPASTA_MERGE -
[-        ] NFC…FILES:TAXPASTA_STANDARDISE -
[-        ] NFC…CKEN_COMBINEBRACKENOUTPUTS -
Plus 7 more processes waiting for tasks…

executor >  slurm (25)
[-        ] NFC…PROFILER:TAXPROFILER:UNTAR -
[01/c7deeb] NFC…AXPROFILER:FASTQC (USA.74) | 5 of 5 ✔
[-        ] NFC…ORTREAD_FASTP:FASTP_SINGLE -
[88/88c654] NFC…ASTP:FASTP_PAIRED (USA.74) | 5 of 5 ✔
[06/9c4129] NFC…:FASTQC_PROCESSED (USA.74) | 5 of 5 ✔
[d8/a8ec5e] NFC…ERING:BBMAP_BBDUK (USA.74) | 5 of 5 ✔
[7a/74d135] NFC…VAL:BOWTIE2_ALIGN (USA.74) | 0 of 5
[-        ] NFC…HOSTREMOVAL:SAMTOOLS_INDEX -
[-        ] NFC…HOSTREMOVAL:SAMTOOLS_STATS -
[-        ] NFC…R:PROFILING:DIAMOND_BLASTX -
[-        ] NFC…:KRAKENTOOLS_KREPORT2KRONA -
[-        ] NFC…ON_KRONA:KAIJU_KAIJU2KRONA -
[-        ] NFC…ZATION_KRONA:KRONA_CLEANUP -
[-        ] NFC…N_KRONA:KRONA_KTIMPORTTEXT -
[-        ] NFC…KRONA:MEGAN_RMA2INFO_KRONA -
[-        ] NFC…VISUALIZATION_KRONA:GUNZIP -
[-        ] NFC…ONA:KRONA_KTIMPORTTAXONOMY -
[-        ] NFC…ON_PROFILES:TAXPASTA_MERGE -
[-        ] NFC…FILES:TAXPASTA_STANDARDISE -
[-        ] NFC…CKEN_COMBINEBRACKENOUTPUTS -
Plus 7 more processes waiting for tasks…

executor >  slurm (27)
[-        ] NFC…PROFILER:TAXPROFILER:UNTAR -
[01/c7deeb] NFC…AXPROFILER:FASTQC (USA.74) | 5 of 5 ✔
[-        ] NFC…ORTREAD_FASTP:FASTP_SINGLE -
[88/88c654] NFC…ASTP:FASTP_PAIRED (USA.74) | 5 of 5 ✔
[06/9c4129] NFC…:FASTQC_PROCESSED (USA.74) | 5 of 5 ✔
[d8/a8ec5e] NFC…ERING:BBMAP_BBDUK (USA.74) | 5 of 5 ✔
[98/b030cc] NFC…AL:BOWTIE2_ALIGN (USA.74b) | 1 of 5
[e4/8aa312] NFC…L:SAMTOOLS_INDEX (USA.74b) | 0 of 1
[-        ] NFC…HOSTREMOVAL:SAMTOOLS_STATS -
[84/9f2f62] NFC…AMOND_BLASTX (db6|USA.74b) | 0 of 1
[-        ] NFC…:KRAKENTOOLS_KREPORT2KRONA -
[-        ] NFC…ON_KRONA:KAIJU_KAIJU2KRONA -
[-        ] NFC…ZATION_KRONA:KRONA_CLEANUP -
[-        ] NFC…N_KRONA:KRONA_KTIMPORTTEXT -
[-        ] NFC…KRONA:MEGAN_RMA2INFO_KRONA -
[-        ] NFC…VISUALIZATION_KRONA:GUNZIP -
[-        ] NFC…ONA:KRONA_KTIMPORTTAXONOMY -
[-        ] NFC…ON_PROFILES:TAXPASTA_MERGE -
[-        ] NFC…FILES:TAXPASTA_STANDARDISE -
[-        ] NFC…CKEN_COMBINEBRACKENOUTPUTS -
Plus 7 more processes waiting for tasks…
WARN: [nf-core/taxprofiler] DIAMOND does not accept paired-end files as input. Only read 1 will be used for profiling. Running DIAMOND for sample USA.74b using only read 1.

executor >  slurm (27)
[-        ] NFC…PROFILER:TAXPROFILER:UNTAR -
[01/c7deeb] NFC…AXPROFILER:FASTQC (USA.74) | 5 of 5 ✔
[-        ] NFC…ORTREAD_FASTP:FASTP_SINGLE -
[88/88c654] NFC…ASTP:FASTP_PAIRED (USA.74) | 5 of 5 ✔
[06/9c4129] NFC…:FASTQC_PROCESSED (USA.74) | 5 of 5 ✔
[d8/a8ec5e] NFC…ERING:BBMAP_BBDUK (USA.74) | 5 of 5 ✔
[98/b030cc] NFC…AL:BOWTIE2_ALIGN (USA.74b) | 1 of 5
[e4/8aa312] NFC…L:SAMTOOLS_INDEX (USA.74b) | 0 of 1
[-        ] NFC…HOSTREMOVAL:SAMTOOLS_STATS -
[84/9f2f62] NFC…AMOND_BLASTX (db6|USA.74b) | 0 of 1
[-        ] NFC…:KRAKENTOOLS_KREPORT2KRONA -
[-        ] NFC…ON_KRONA:KAIJU_KAIJU2KRONA -
[-        ] NFC…ZATION_KRONA:KRONA_CLEANUP -
[-        ] NFC…N_KRONA:KRONA_KTIMPORTTEXT -
[-        ] NFC…KRONA:MEGAN_RMA2INFO_KRONA -
[-        ] NFC…VISUALIZATION_KRONA:GUNZIP -
[-        ] NFC…ONA:KRONA_KTIMPORTTAXONOMY -
[-        ] NFC…ON_PROFILES:TAXPASTA_MERGE -
[-        ] NFC…FILES:TAXPASTA_STANDARDISE -
[-        ] NFC…CKEN_COMBINEBRACKENOUTPUTS -
Plus 7 more processes waiting for tasks…
WARN: [nf-core/taxprofiler] DIAMOND does not accept paired-end files as input. Only read 1 will be used for profiling. Running DIAMOND for sample USA.74b using only read 1.

executor >  slurm (27)
[-        ] NFC…PROFILER:TAXPROFILER:UNTAR -
[01/c7deeb] NFC…AXPROFILER:FASTQC (USA.74) | 5 of 5 ✔
[-        ] NFC…ORTREAD_FASTP:FASTP_SINGLE -
[88/88c654] NFC…ASTP:FASTP_PAIRED (USA.74) | 5 of 5 ✔
[06/9c4129] NFC…:FASTQC_PROCESSED (USA.74) | 5 of 5 ✔
[d8/a8ec5e] NFC…ERING:BBMAP_BBDUK (USA.74) | 5 of 5 ✔
[98/b030cc] NFC…AL:BOWTIE2_ALIGN (USA.74b) | 1 of 5
[e4/8aa312] NFC…L:SAMTOOLS_INDEX (USA.74b) | 0 of 1
[-        ] NFC…HOSTREMOVAL:SAMTOOLS_STATS -
[84/9f2f62] NFC…AMOND_BLASTX (db6|USA.74b) | 0 of 1
[-        ] NFC…:KRAKENTOOLS_KREPORT2KRONA -
[-        ] NFC…ON_KRONA:KAIJU_KAIJU2KRONA -
[-        ] NFC…ZATION_KRONA:KRONA_CLEANUP -
[-        ] NFC…N_KRONA:KRONA_KTIMPORTTEXT -
[-        ] NFC…KRONA:MEGAN_RMA2INFO_KRONA -
[-        ] NFC…VISUALIZATION_KRONA:GUNZIP -
[-        ] NFC…ONA:KRONA_KTIMPORTTAXONOMY -
[-        ] NFC…ON_PROFILES:TAXPASTA_MERGE -
[-        ] NFC…FILES:TAXPASTA_STANDARDISE -
[-        ] NFC…CKEN_COMBINEBRACKENOUTPUTS -
Plus 7 more processes waiting for tasks…


executor >  slurm (28)
[-        ] NFC…PROFILER:TAXPROFILER:UNTAR -
[01/c7deeb] NFC…AXPROFILER:FASTQC (USA.74) | 5 of 5 ✔
[-        ] NFC…ORTREAD_FASTP:FASTP_SINGLE -
[88/88c654] NFC…ASTP:FASTP_PAIRED (USA.74) | 5 of 5 ✔
[06/9c4129] NFC…:FASTQC_PROCESSED (USA.74) | 5 of 5 ✔
[d8/a8ec5e] NFC…ERING:BBMAP_BBDUK (USA.74) | 5 of 5 ✔
[98/b030cc] NFC…AL:BOWTIE2_ALIGN (USA.74b) | 1 of 5
[e4/8aa312] NFC…L:SAMTOOLS_INDEX (USA.74b) | 0 of 1
[57/c81220] NFC…L:SAMTOOLS_STATS (USA.74b) | 0 of 1
[84/9f2f62] NFC…AMOND_BLASTX (db6|USA.74b) | 0 of 1
[-        ] NFC…:KRAKENTOOLS_KREPORT2KRONA -
[-        ] NFC…ON_KRONA:KAIJU_KAIJU2KRONA -
[-        ] NFC…ZATION_KRONA:KRONA_CLEANUP -
[-        ] NFC…N_KRONA:KRONA_KTIMPORTTEXT -
[-        ] NFC…KRONA:MEGAN_RMA2INFO_KRONA -
[-        ] NFC…VISUALIZATION_KRONA:GUNZIP -
[-        ] NFC…ONA:KRONA_KTIMPORTTAXONOMY -
[-        ] NFC…ON_PROFILES:TAXPASTA_MERGE -
[-        ] NFC…FILES:TAXPASTA_STANDARDISE -
[-        ] NFC…CKEN_COMBINEBRACKENOUTPUTS -
Plus 7 more processes waiting for tasks…


executor >  slurm (28)
[-        ] NFC…PROFILER:TAXPROFILER:UNTAR -
[01/c7deeb] NFC…AXPROFILER:FASTQC (USA.74) | 5 of 5 ✔
[-        ] NFC…ORTREAD_FASTP:FASTP_SINGLE -
[88/88c654] NFC…ASTP:FASTP_PAIRED (USA.74) | 5 of 5 ✔
[06/9c4129] NFC…:FASTQC_PROCESSED (USA.74) | 5 of 5 ✔
[d8/a8ec5e] NFC…ERING:BBMAP_BBDUK (USA.74) | 5 of 5 ✔
[98/b030cc] NFC…AL:BOWTIE2_ALIGN (USA.74b) | 1 of 5
[e4/8aa312] NFC…L:SAMTOOLS_INDEX (USA.74b) | 1 of 1
[57/c81220] NFC…L:SAMTOOLS_STATS (USA.74b) | 0 of 1
[84/9f2f62] NFC…AMOND_BLASTX (db6|USA.74b) | 0 of 1
[-        ] NFC…:KRAKENTOOLS_KREPORT2KRONA -
[-        ] NFC…ON_KRONA:KAIJU_KAIJU2KRONA -
[-        ] NFC…ZATION_KRONA:KRONA_CLEANUP -
[-        ] NFC…N_KRONA:KRONA_KTIMPORTTEXT -
[-        ] NFC…KRONA:MEGAN_RMA2INFO_KRONA -
[-        ] NFC…VISUALIZATION_KRONA:GUNZIP -
[-        ] NFC…ONA:KRONA_KTIMPORTTAXONOMY -
[-        ] NFC…ON_PROFILES:TAXPASTA_MERGE -
[-        ] NFC…FILES:TAXPASTA_STANDARDISE -
[-        ] NFC…CKEN_COMBINEBRACKENOUTPUTS -
Plus 7 more processes waiting for tasks…

executor >  slurm (28)
[-        ] NFC…PROFILER:TAXPROFILER:UNTAR -
[01/c7deeb] NFC…AXPROFILER:FASTQC (USA.74) | 5 of 5 ✔
[-        ] NFC…ORTREAD_FASTP:FASTP_SINGLE -
[88/88c654] NFC…ASTP:FASTP_PAIRED (USA.74) | 5 of 5 ✔
[06/9c4129] NFC…:FASTQC_PROCESSED (USA.74) | 5 of 5 ✔
[d8/a8ec5e] NFC…ERING:BBMAP_BBDUK (USA.74) | 5 of 5 ✔
[98/b030cc] NFC…AL:BOWTIE2_ALIGN (USA.74b) | 1 of 5
[e4/8aa312] NFC…L:SAMTOOLS_INDEX (USA.74b) | 1 of 1
[57/c81220] NFC…L:SAMTOOLS_STATS (USA.74b) | 0 of 1
[84/9f2f62] NFC…AMOND_BLASTX (db6|USA.74b) | 0 of 1
[-        ] NFC…:KRAKENTOOLS_KREPORT2KRONA -
[-        ] NFC…ON_KRONA:KAIJU_KAIJU2KRONA -
[-        ] NFC…ZATION_KRONA:KRONA_CLEANUP -
[-        ] NFC…N_KRONA:KRONA_KTIMPORTTEXT -
[-        ] NFC…KRONA:MEGAN_RMA2INFO_KRONA -
[-        ] NFC…VISUALIZATION_KRONA:GUNZIP -
[-        ] NFC…ONA:KRONA_KTIMPORTTAXONOMY -
[-        ] NFC…ON_PROFILES:TAXPASTA_MERGE -
[-        ] NFC…FILES:TAXPASTA_STANDARDISE -
[-        ] NFC…CKEN_COMBINEBRACKENOUTPUTS -
Plus 7 more processes waiting for tasks…

executor >  slurm (28)
[-        ] NFC…PROFILER:TAXPROFILER:UNTAR -
[01/c7deeb] NFC…AXPROFILER:FASTQC (USA.74) | 5 of 5 ✔
[-        ] NFC…ORTREAD_FASTP:FASTP_SINGLE -
[88/88c654] NFC…ASTP:FASTP_PAIRED (USA.74) | 5 of 5 ✔
[06/9c4129] NFC…:FASTQC_PROCESSED (USA.74) | 5 of 5 ✔
[d8/a8ec5e] NFC…ERING:BBMAP_BBDUK (USA.74) | 5 of 5 ✔
[98/b030cc] NFC…AL:BOWTIE2_ALIGN (USA.74b) | 1 of 5
[e4/8aa312] NFC…L:SAMTOOLS_INDEX (USA.74b) | 1 of 1
[57/c81220] NFC…L:SAMTOOLS_STATS (USA.74b) | 0 of 1
[84/9f2f62] NFC…AMOND_BLASTX (db6|USA.74b) | 0 of 1
[-        ] NFC…:KRAKENTOOLS_KREPORT2KRONA -
[-        ] NFC…ON_KRONA:KAIJU_KAIJU2KRONA -
[-        ] NFC…ZATION_KRONA:KRONA_CLEANUP -
[-        ] NFC…N_KRONA:KRONA_KTIMPORTTEXT -
[-        ] NFC…KRONA:MEGAN_RMA2INFO_KRONA -
[-        ] NFC…VISUALIZATION_KRONA:GUNZIP -
[-        ] NFC…ONA:KRONA_KTIMPORTTAXONOMY -
[-        ] NFC…ON_PROFILES:TAXPASTA_MERGE -
[-        ] NFC…FILES:TAXPASTA_STANDARDISE -
[-        ] NFC…CKEN_COMBINEBRACKENOUTPUTS -
Plus 7 more processes waiting for tasks…
WARN: [nf-core/taxprofiler] DIAMOND does not accept paired-end files as input. Only read 1 will be used for profiling. Running DIAMOND for sample USA.74a using only read 1.

executor >  slurm (30)
[-        ] NFC…PROFILER:TAXPROFILER:UNTAR -
[01/c7deeb] NFC…AXPROFILER:FASTQC (USA.74) | 5 of 5 ✔
[-        ] NFC…ORTREAD_FASTP:FASTP_SINGLE -
[88/88c654] NFC…ASTP:FASTP_PAIRED (USA.74) | 5 of 5 ✔
[06/9c4129] NFC…:FASTQC_PROCESSED (USA.74) | 5 of 5 ✔
[d8/a8ec5e] NFC…ERING:BBMAP_BBDUK (USA.74) | 5 of 5 ✔
[5a/0be427] NFC…AL:BOWTIE2_ALIGN (USA.74a) | 2 of 5
[97/92ac78] NFC…L:SAMTOOLS_INDEX (USA.74a) | 1 of 2
[57/c81220] NFC…L:SAMTOOLS_STATS (USA.74b) | 0 of 1
[62/aa6933] NFC…AMOND_BLASTX (db6|USA.74a) | 0 of 2
[-        ] NFC…:KRAKENTOOLS_KREPORT2KRONA -
[-        ] NFC…ON_KRONA:KAIJU_KAIJU2KRONA -
[-        ] NFC…ZATION_KRONA:KRONA_CLEANUP -
[-        ] NFC…N_KRONA:KRONA_KTIMPORTTEXT -
[-        ] NFC…KRONA:MEGAN_RMA2INFO_KRONA -
[-        ] NFC…VISUALIZATION_KRONA:GUNZIP -
[-        ] NFC…ONA:KRONA_KTIMPORTTAXONOMY -
[-        ] NFC…ON_PROFILES:TAXPASTA_MERGE -
[-        ] NFC…FILES:TAXPASTA_STANDARDISE -
[-        ] NFC…CKEN_COMBINEBRACKENOUTPUTS -
Plus 7 more processes waiting for tasks…
WARN: [nf-core/taxprofiler] DIAMOND does not accept paired-end files as input. Only read 1 will be used for profiling. Running DIAMOND for sample USA.74a using only read 1.

executor >  slurm (30)
[-        ] NFC…PROFILER:TAXPROFILER:UNTAR -
[01/c7deeb] NFC…AXPROFILER:FASTQC (USA.74) | 5 of 5 ✔
[-        ] NFC…ORTREAD_FASTP:FASTP_SINGLE -
[88/88c654] NFC…ASTP:FASTP_PAIRED (USA.74) | 5 of 5 ✔
[06/9c4129] NFC…:FASTQC_PROCESSED (USA.74) | 5 of 5 ✔
[d8/a8ec5e] NFC…ERING:BBMAP_BBDUK (USA.74) | 5 of 5 ✔
[5a/0be427] NFC…AL:BOWTIE2_ALIGN (USA.74a) | 2 of 5
[97/92ac78] NFC…L:SAMTOOLS_INDEX (USA.74a) | 1 of 2
[57/c81220] NFC…L:SAMTOOLS_STATS (USA.74b) | 0 of 1
[62/aa6933] NFC…AMOND_BLASTX (db6|USA.74a) | 0 of 2
[-        ] NFC…:KRAKENTOOLS_KREPORT2KRONA -
[-        ] NFC…ON_KRONA:KAIJU_KAIJU2KRONA -
[-        ] NFC…ZATION_KRONA:KRONA_CLEANUP -
[-        ] NFC…N_KRONA:KRONA_KTIMPORTTEXT -
[-        ] NFC…KRONA:MEGAN_RMA2INFO_KRONA -
[-        ] NFC…VISUALIZATION_KRONA:GUNZIP -
[-        ] NFC…ONA:KRONA_KTIMPORTTAXONOMY -
[-        ] NFC…ON_PROFILES:TAXPASTA_MERGE -
[-        ] NFC…FILES:TAXPASTA_STANDARDISE -
[-        ] NFC…CKEN_COMBINEBRACKENOUTPUTS -
Plus 7 more processes waiting for tasks…
WARN: [nf-core/taxprofiler] DIAMOND does not accept paired-end files as input. Only read 1 will be used for profiling. Running DIAMOND for sample USA.74a using only read 1.

executor >  slurm (30)
[-        ] NFC…PROFILER:TAXPROFILER:UNTAR -
[01/c7deeb] NFC…AXPROFILER:FASTQC (USA.74) | 5 of 5 ✔
[-        ] NFC…ORTREAD_FASTP:FASTP_SINGLE -
[88/88c654] NFC…ASTP:FASTP_PAIRED (USA.74) | 5 of 5 ✔
[06/9c4129] NFC…:FASTQC_PROCESSED (USA.74) | 5 of 5 ✔
[d8/a8ec5e] NFC…ERING:BBMAP_BBDUK (USA.74) | 5 of 5 ✔
[5a/0be427] NFC…AL:BOWTIE2_ALIGN (USA.74a) | 2 of 5
[97/92ac78] NFC…L:SAMTOOLS_INDEX (USA.74a) | 1 of 2
[57/c81220] NFC…L:SAMTOOLS_STATS (USA.74b) | 1 of 1
[62/aa6933] NFC…AMOND_BLASTX (db6|USA.74a) | 0 of 2
[-        ] NFC…:KRAKENTOOLS_KREPORT2KRONA -
[-        ] NFC…ON_KRONA:KAIJU_KAIJU2KRONA -
[-        ] NFC…ZATION_KRONA:KRONA_CLEANUP -
[-        ] NFC…N_KRONA:KRONA_KTIMPORTTEXT -
[-        ] NFC…KRONA:MEGAN_RMA2INFO_KRONA -
[-        ] NFC…VISUALIZATION_KRONA:GUNZIP -
[-        ] NFC…ONA:KRONA_KTIMPORTTAXONOMY -
[-        ] NFC…ON_PROFILES:TAXPASTA_MERGE -
[-        ] NFC…FILES:TAXPASTA_STANDARDISE -
[-        ] NFC…CKEN_COMBINEBRACKENOUTPUTS -
Plus 7 more processes waiting for tasks…
WARN: [nf-core/taxprofiler] DIAMOND does not accept paired-end files as input. Only read 1 will be used for profiling. Running DIAMOND for sample USA.74a using only read 1.

executor >  slurm (32)
[-        ] NFC…PROFILER:TAXPROFILER:UNTAR -
[01/c7deeb] NFC…AXPROFILER:FASTQC (USA.74) | 5 of 5 ✔
[-        ] NFC…ORTREAD_FASTP:FASTP_SINGLE -
[88/88c654] NFC…ASTP:FASTP_PAIRED (USA.74) | 5 of 5 ✔
[06/9c4129] NFC…:FASTQC_PROCESSED (USA.74) | 5 of 5 ✔
[d8/a8ec5e] NFC…ERING:BBMAP_BBDUK (USA.74) | 5 of 5 ✔
[8b/fae101] NFC…AL:BOWTIE2_ALIGN (USA.74d) | 3 of 5
[a4/5da833] NFC…L:SAMTOOLS_INDEX (USA.74d) | 1 of 3
[57/c81220] NFC…L:SAMTOOLS_STATS (USA.74b) | 1 of 1
[a9/b1cffe] NFC…AMOND_BLASTX (db6|USA.74d) | 0 of 3
[-        ] NFC…:KRAKENTOOLS_KREPORT2KRONA -
[-        ] NFC…ON_KRONA:KAIJU_KAIJU2KRONA -
[-        ] NFC…ZATION_KRONA:KRONA_CLEANUP -
[-        ] NFC…N_KRONA:KRONA_KTIMPORTTEXT -
[-        ] NFC…KRONA:MEGAN_RMA2INFO_KRONA -
[-        ] NFC…VISUALIZATION_KRONA:GUNZIP -
[-        ] NFC…ONA:KRONA_KTIMPORTTAXONOMY -
[-        ] NFC…ON_PROFILES:TAXPASTA_MERGE -
[-        ] NFC…FILES:TAXPASTA_STANDARDISE -
[-        ] NFC…CKEN_COMBINEBRACKENOUTPUTS -
Plus 7 more processes waiting for tasks…
WARN: [nf-core/taxprofiler] DIAMOND does not accept paired-end files as input. Only read 1 will be used for profiling. Running DIAMOND for sample USA.74d using only read 1.


executor >  slurm (32)
[-        ] NFC…PROFILER:TAXPROFILER:UNTAR -
[01/c7deeb] NFC…AXPROFILER:FASTQC (USA.74) | 5 of 5 ✔
[-        ] NFC…ORTREAD_FASTP:FASTP_SINGLE -
[88/88c654] NFC…ASTP:FASTP_PAIRED (USA.74) | 5 of 5 ✔
[06/9c4129] NFC…:FASTQC_PROCESSED (USA.74) | 5 of 5 ✔
[d8/a8ec5e] NFC…ERING:BBMAP_BBDUK (USA.74) | 5 of 5 ✔
[8b/fae101] NFC…AL:BOWTIE2_ALIGN (USA.74d) | 3 of 5
[97/92ac78] NFC…L:SAMTOOLS_INDEX (USA.74a) | 2 of 3
[57/c81220] NFC…L:SAMTOOLS_STATS (USA.74b) | 1 of 1
[a9/b1cffe] NFC…AMOND_BLASTX (db6|USA.74d) | 0 of 3
[-        ] NFC…:KRAKENTOOLS_KREPORT2KRONA -
[-        ] NFC…ON_KRONA:KAIJU_KAIJU2KRONA -
[-        ] NFC…ZATION_KRONA:KRONA_CLEANUP -
[-        ] NFC…N_KRONA:KRONA_KTIMPORTTEXT -
[-        ] NFC…KRONA:MEGAN_RMA2INFO_KRONA -
[-        ] NFC…VISUALIZATION_KRONA:GUNZIP -
[-        ] NFC…ONA:KRONA_KTIMPORTTAXONOMY -
[-        ] NFC…ON_PROFILES:TAXPASTA_MERGE -
[-        ] NFC…FILES:TAXPASTA_STANDARDISE -
[-        ] NFC…CKEN_COMBINEBRACKENOUTPUTS -
Plus 7 more processes waiting for tasks…
WARN: [nf-core/taxprofiler] DIAMOND does not accept paired-end files as input. Only read 1 will be used for profiling. Running DIAMOND for sample USA.74d using only read 1.


executor >  slurm (33)
[-        ] NFC…PROFILER:TAXPROFILER:UNTAR -
[01/c7deeb] NFC…AXPROFILER:FASTQC (USA.74) | 5 of 5 ✔
[-        ] NFC…ORTREAD_FASTP:FASTP_SINGLE -
[88/88c654] NFC…ASTP:FASTP_PAIRED (USA.74) | 5 of 5 ✔
[06/9c4129] NFC…:FASTQC_PROCESSED (USA.74) | 5 of 5 ✔
[d8/a8ec5e] NFC…ERING:BBMAP_BBDUK (USA.74) | 5 of 5 ✔
[8b/fae101] NFC…AL:BOWTIE2_ALIGN (USA.74d) | 3 of 5
[97/92ac78] NFC…L:SAMTOOLS_INDEX (USA.74a) | 2 of 3
[88/b00693] NFC…L:SAMTOOLS_STATS (USA.74a) | 1 of 2
[a9/b1cffe] NFC…AMOND_BLASTX (db6|USA.74d) | 0 of 3
[-        ] NFC…:KRAKENTOOLS_KREPORT2KRONA -
[-        ] NFC…ON_KRONA:KAIJU_KAIJU2KRONA -
[-        ] NFC…ZATION_KRONA:KRONA_CLEANUP -
[-        ] NFC…N_KRONA:KRONA_KTIMPORTTEXT -
[-        ] NFC…KRONA:MEGAN_RMA2INFO_KRONA -
[-        ] NFC…VISUALIZATION_KRONA:GUNZIP -
[-        ] NFC…ONA:KRONA_KTIMPORTTAXONOMY -
[-        ] NFC…ON_PROFILES:TAXPASTA_MERGE -
[-        ] NFC…FILES:TAXPASTA_STANDARDISE -
[-        ] NFC…CKEN_COMBINEBRACKENOUTPUTS -
Plus 7 more processes waiting for tasks…
WARN: [nf-core/taxprofiler] DIAMOND does not accept paired-end files as input. Only read 1 will be used for profiling. Running DIAMOND for sample USA.74d using only read 1.

executor >  slurm (33)
[-        ] NFC…PROFILER:TAXPROFILER:UNTAR -
[01/c7deeb] NFC…AXPROFILER:FASTQC (USA.74) | 5 of 5 ✔
[-        ] NFC…ORTREAD_FASTP:FASTP_SINGLE -
[88/88c654] NFC…ASTP:FASTP_PAIRED (USA.74) | 5 of 5 ✔
[06/9c4129] NFC…:FASTQC_PROCESSED (USA.74) | 5 of 5 ✔
[d8/a8ec5e] NFC…ERING:BBMAP_BBDUK (USA.74) | 5 of 5 ✔
[8b/fae101] NFC…AL:BOWTIE2_ALIGN (USA.74d) | 3 of 5
[97/92ac78] NFC…L:SAMTOOLS_INDEX (USA.74a) | 2 of 3
[88/b00693] NFC…L:SAMTOOLS_STATS (USA.74a) | 1 of 2
[a9/b1cffe] NFC…AMOND_BLASTX (db6|USA.74d) | 0 of 3
[-        ] NFC…:KRAKENTOOLS_KREPORT2KRONA -
[-        ] NFC…ON_KRONA:KAIJU_KAIJU2KRONA -
[-        ] NFC…ZATION_KRONA:KRONA_CLEANUP -
[-        ] NFC…N_KRONA:KRONA_KTIMPORTTEXT -
[-        ] NFC…KRONA:MEGAN_RMA2INFO_KRONA -
[-        ] NFC…VISUALIZATION_KRONA:GUNZIP -
[-        ] NFC…ONA:KRONA_KTIMPORTTAXONOMY -
[-        ] NFC…ON_PROFILES:TAXPASTA_MERGE -
[-        ] NFC…FILES:TAXPASTA_STANDARDISE -
[-        ] NFC…CKEN_COMBINEBRACKENOUTPUTS -
Plus 7 more processes waiting for tasks…
WARN: [nf-core/taxprofiler] DIAMOND does not accept paired-end files as input. Only read 1 will be used for profiling. Running DIAMOND for sample USA.74d using only read 1.

executor >  slurm (33)
[-        ] NFC…PROFILER:TAXPROFILER:UNTAR -
[01/c7deeb] NFC…AXPROFILER:FASTQC (USA.74) | 5 of 5 ✔
[-        ] NFC…ORTREAD_FASTP:FASTP_SINGLE -
[88/88c654] NFC…ASTP:FASTP_PAIRED (USA.74) | 5 of 5 ✔
[06/9c4129] NFC…:FASTQC_PROCESSED (USA.74) | 5 of 5 ✔
[d8/a8ec5e] NFC…ERING:BBMAP_BBDUK (USA.74) | 5 of 5 ✔
[8b/fae101] NFC…AL:BOWTIE2_ALIGN (USA.74d) | 3 of 5
[97/92ac78] NFC…L:SAMTOOLS_INDEX (USA.74a) | 2 of 3
[88/b00693] NFC…L:SAMTOOLS_STATS (USA.74a) | 1 of 2
[a9/b1cffe] NFC…AMOND_BLASTX (db6|USA.74d) | 0 of 3
[-        ] NFC…:KRAKENTOOLS_KREPORT2KRONA -
[-        ] NFC…ON_KRONA:KAIJU_KAIJU2KRONA -
[-        ] NFC…ZATION_KRONA:KRONA_CLEANUP -
[-        ] NFC…N_KRONA:KRONA_KTIMPORTTEXT -
[-        ] NFC…KRONA:MEGAN_RMA2INFO_KRONA -
[-        ] NFC…VISUALIZATION_KRONA:GUNZIP -
[-        ] NFC…ONA:KRONA_KTIMPORTTAXONOMY -
[-        ] NFC…ON_PROFILES:TAXPASTA_MERGE -
[-        ] NFC…FILES:TAXPASTA_STANDARDISE -
[-        ] NFC…CKEN_COMBINEBRACKENOUTPUTS -
Plus 7 more processes waiting for tasks…


executor >  slurm (35)
[-        ] NFC…PROFILER:TAXPROFILER:UNTAR -
[01/c7deeb] NFC…AXPROFILER:FASTQC (USA.74) | 5 of 5 ✔
[-        ] NFC…ORTREAD_FASTP:FASTP_SINGLE -
[88/88c654] NFC…ASTP:FASTP_PAIRED (USA.74) | 5 of 5 ✔
[06/9c4129] NFC…:FASTQC_PROCESSED (USA.74) | 5 of 5 ✔
[d8/a8ec5e] NFC…ERING:BBMAP_BBDUK (USA.74) | 5 of 5 ✔
[8b/fae101] NFC…AL:BOWTIE2_ALIGN (USA.74d) | 3 of 5
[21/890fcb] NFC…L:SAMTOOLS_INDEX (USA.74c) | 2 of 4
[88/b00693] NFC…L:SAMTOOLS_STATS (USA.74a) | 1 of 2
[8d/ca784c] NFC…AMOND_BLASTX (db6|USA.74c) | 0 of 4
[-        ] NFC…:KRAKENTOOLS_KREPORT2KRONA -
[-        ] NFC…ON_KRONA:KAIJU_KAIJU2KRONA -
[-        ] NFC…ZATION_KRONA:KRONA_CLEANUP -
[-        ] NFC…N_KRONA:KRONA_KTIMPORTTEXT -
[-        ] NFC…KRONA:MEGAN_RMA2INFO_KRONA -
[-        ] NFC…VISUALIZATION_KRONA:GUNZIP -
[-        ] NFC…ONA:KRONA_KTIMPORTTAXONOMY -
[-        ] NFC…ON_PROFILES:TAXPASTA_MERGE -
[-        ] NFC…FILES:TAXPASTA_STANDARDISE -
[-        ] NFC…CKEN_COMBINEBRACKENOUTPUTS -
Plus 7 more processes waiting for tasks…
WARN: [nf-core/taxprofiler] DIAMOND does not accept paired-end files as input. Only read 1 will be used for profiling. Running DIAMOND for sample USA.74c using only read 1.

executor >  slurm (35)
[-        ] NFC…PROFILER:TAXPROFILER:UNTAR -
[01/c7deeb] NFC…AXPROFILER:FASTQC (USA.74) | 5 of 5 ✔
[-        ] NFC…ORTREAD_FASTP:FASTP_SINGLE -
[88/88c654] NFC…ASTP:FASTP_PAIRED (USA.74) | 5 of 5 ✔
[06/9c4129] NFC…:FASTQC_PROCESSED (USA.74) | 5 of 5 ✔
[d8/a8ec5e] NFC…ERING:BBMAP_BBDUK (USA.74) | 5 of 5 ✔
[53/e3fb2c] NFC…AL:BOWTIE2_ALIGN (USA.74c) | 4 of 5
[21/890fcb] NFC…L:SAMTOOLS_INDEX (USA.74c) | 2 of 4
[88/b00693] NFC…L:SAMTOOLS_STATS (USA.74a) | 1 of 2
[8d/ca784c] NFC…AMOND_BLASTX (db6|USA.74c) | 0 of 4
[-        ] NFC…:KRAKENTOOLS_KREPORT2KRONA -
[-        ] NFC…ON_KRONA:KAIJU_KAIJU2KRONA -
[-        ] NFC…ZATION_KRONA:KRONA_CLEANUP -
[-        ] NFC…N_KRONA:KRONA_KTIMPORTTEXT -
[-        ] NFC…KRONA:MEGAN_RMA2INFO_KRONA -
[-        ] NFC…VISUALIZATION_KRONA:GUNZIP -
[-        ] NFC…ONA:KRONA_KTIMPORTTAXONOMY -
[-        ] NFC…ON_PROFILES:TAXPASTA_MERGE -
[-        ] NFC…FILES:TAXPASTA_STANDARDISE -
[-        ] NFC…CKEN_COMBINEBRACKENOUTPUTS -
Plus 7 more processes waiting for tasks…
WARN: [nf-core/taxprofiler] DIAMOND does not accept paired-end files as input. Only read 1 will be used for profiling. Running DIAMOND for sample USA.74c using only read 1.

executor >  slurm (35)
[-        ] NFC…PROFILER:TAXPROFILER:UNTAR -
[01/c7deeb] NFC…AXPROFILER:FASTQC (USA.74) | 5 of 5 ✔
[-        ] NFC…ORTREAD_FASTP:FASTP_SINGLE -
[88/88c654] NFC…ASTP:FASTP_PAIRED (USA.74) | 5 of 5 ✔
[06/9c4129] NFC…:FASTQC_PROCESSED (USA.74) | 5 of 5 ✔
[d8/a8ec5e] NFC…ERING:BBMAP_BBDUK (USA.74) | 5 of 5 ✔
[53/e3fb2c] NFC…AL:BOWTIE2_ALIGN (USA.74c) | 4 of 5
[21/890fcb] NFC…L:SAMTOOLS_INDEX (USA.74c) | 2 of 4
[88/b00693] NFC…L:SAMTOOLS_STATS (USA.74a) | 1 of 2
[8d/ca784c] NFC…AMOND_BLASTX (db6|USA.74c) | 0 of 4
[-        ] NFC…:KRAKENTOOLS_KREPORT2KRONA -
[-        ] NFC…ON_KRONA:KAIJU_KAIJU2KRONA -
[-        ] NFC…ZATION_KRONA:KRONA_CLEANUP -
[-        ] NFC…N_KRONA:KRONA_KTIMPORTTEXT -
[-        ] NFC…KRONA:MEGAN_RMA2INFO_KRONA -
[-        ] NFC…VISUALIZATION_KRONA:GUNZIP -
[-        ] NFC…ONA:KRONA_KTIMPORTTAXONOMY -
[-        ] NFC…ON_PROFILES:TAXPASTA_MERGE -
[-        ] NFC…FILES:TAXPASTA_STANDARDISE -
[-        ] NFC…CKEN_COMBINEBRACKENOUTPUTS -
Plus 7 more processes waiting for tasks…
WARN: [nf-core/taxprofiler] DIAMOND does not accept paired-end files as input. Only read 1 will be used for profiling. Running DIAMOND for sample USA.74c using only read 1.

executor >  slurm (35)
[-        ] NFC…PROFILER:TAXPROFILER:UNTAR -
[01/c7deeb] NFC…AXPROFILER:FASTQC (USA.74) | 5 of 5 ✔
[-        ] NFC…ORTREAD_FASTP:FASTP_SINGLE -
[88/88c654] NFC…ASTP:FASTP_PAIRED (USA.74) | 5 of 5 ✔
[06/9c4129] NFC…:FASTQC_PROCESSED (USA.74) | 5 of 5 ✔
[d8/a8ec5e] NFC…ERING:BBMAP_BBDUK (USA.74) | 5 of 5 ✔
[53/e3fb2c] NFC…AL:BOWTIE2_ALIGN (USA.74c) | 4 of 5
[21/890fcb] NFC…L:SAMTOOLS_INDEX (USA.74c) | 2 of 4
[88/b00693] NFC…L:SAMTOOLS_STATS (USA.74a) | 1 of 3
[8d/ca784c] NFC…AMOND_BLASTX (db6|USA.74c) | 0 of 4
[-        ] NFC…:KRAKENTOOLS_KREPORT2KRONA -
[-        ] NFC…ON_KRONA:KAIJU_KAIJU2KRONA -
[-        ] NFC…ZATION_KRONA:KRONA_CLEANUP -
[-        ] NFC…N_KRONA:KRONA_KTIMPORTTEXT -
[-        ] NFC…KRONA:MEGAN_RMA2INFO_KRONA -
[-        ] NFC…VISUALIZATION_KRONA:GUNZIP -
[-        ] NFC…ONA:KRONA_KTIMPORTTAXONOMY -
[-        ] NFC…ON_PROFILES:TAXPASTA_MERGE -
[-        ] NFC…FILES:TAXPASTA_STANDARDISE -
[-        ] NFC…CKEN_COMBINEBRACKENOUTPUTS -
Plus 7 more processes waiting for tasks…


executor >  slurm (36)
[-        ] NFC…PROFILER:TAXPROFILER:UNTAR -
[01/c7deeb] NFC…AXPROFILER:FASTQC (USA.74) | 5 of 5 ✔
[-        ] NFC…ORTREAD_FASTP:FASTP_SINGLE -
[88/88c654] NFC…ASTP:FASTP_PAIRED (USA.74) | 5 of 5 ✔
[06/9c4129] NFC…:FASTQC_PROCESSED (USA.74) | 5 of 5 ✔
[d8/a8ec5e] NFC…ERING:BBMAP_BBDUK (USA.74) | 5 of 5 ✔
[53/e3fb2c] NFC…AL:BOWTIE2_ALIGN (USA.74c) | 4 of 5
[a4/5da833] NFC…L:SAMTOOLS_INDEX (USA.74d) | 3 of 4
[99/b72b62] NFC…L:SAMTOOLS_STATS (USA.74d) | 1 of 3
[8d/ca784c] NFC…AMOND_BLASTX (db6|USA.74c) | 0 of 4
[-        ] NFC…:KRAKENTOOLS_KREPORT2KRONA -
[-        ] NFC…ON_KRONA:KAIJU_KAIJU2KRONA -
[-        ] NFC…ZATION_KRONA:KRONA_CLEANUP -
[-        ] NFC…N_KRONA:KRONA_KTIMPORTTEXT -
[-        ] NFC…KRONA:MEGAN_RMA2INFO_KRONA -
[-        ] NFC…VISUALIZATION_KRONA:GUNZIP -
[-        ] NFC…ONA:KRONA_KTIMPORTTAXONOMY -
[-        ] NFC…ON_PROFILES:TAXPASTA_MERGE -
[-        ] NFC…FILES:TAXPASTA_STANDARDISE -
[-        ] NFC…CKEN_COMBINEBRACKENOUTPUTS -
Plus 7 more processes waiting for tasks…


executor >  slurm (36)
[-        ] NFC…PROFILER:TAXPROFILER:UNTAR -
[01/c7deeb] NFC…AXPROFILER:FASTQC (USA.74) | 5 of 5 ✔
[-        ] NFC…ORTREAD_FASTP:FASTP_SINGLE -
[88/88c654] NFC…ASTP:FASTP_PAIRED (USA.74) | 5 of 5 ✔
[06/9c4129] NFC…:FASTQC_PROCESSED (USA.74) | 5 of 5 ✔
[d8/a8ec5e] NFC…ERING:BBMAP_BBDUK (USA.74) | 5 of 5 ✔
[53/e3fb2c] NFC…AL:BOWTIE2_ALIGN (USA.74c) | 4 of 5
[a4/5da833] NFC…L:SAMTOOLS_INDEX (USA.74d) | 3 of 4
[99/b72b62] NFC…L:SAMTOOLS_STATS (USA.74d) | 1 of 3
[8d/ca784c] NFC…AMOND_BLASTX (db6|USA.74c) | 0 of 4
[-        ] NFC…:KRAKENTOOLS_KREPORT2KRONA -
[-        ] NFC…ON_KRONA:KAIJU_KAIJU2KRONA -
[-        ] NFC…ZATION_KRONA:KRONA_CLEANUP -
[-        ] NFC…N_KRONA:KRONA_KTIMPORTTEXT -
[-        ] NFC…KRONA:MEGAN_RMA2INFO_KRONA -
[-        ] NFC…VISUALIZATION_KRONA:GUNZIP -
[-        ] NFC…ONA:KRONA_KTIMPORTTAXONOMY -
[-        ] NFC…ON_PROFILES:TAXPASTA_MERGE -
[-        ] NFC…FILES:TAXPASTA_STANDARDISE -
[-        ] NFC…CKEN_COMBINEBRACKENOUTPUTS -
Plus 7 more processes waiting for tasks…

executor >  slurm (36)
[-        ] NFC…PROFILER:TAXPROFILER:UNTAR -
[01/c7deeb] NFC…AXPROFILER:FASTQC (USA.74) | 5 of 5 ✔
[-        ] NFC…ORTREAD_FASTP:FASTP_SINGLE -
[88/88c654] NFC…ASTP:FASTP_PAIRED (USA.74) | 5 of 5 ✔
[06/9c4129] NFC…:FASTQC_PROCESSED (USA.74) | 5 of 5 ✔
[d8/a8ec5e] NFC…ERING:BBMAP_BBDUK (USA.74) | 5 of 5 ✔
[53/e3fb2c] NFC…AL:BOWTIE2_ALIGN (USA.74c) | 4 of 5
[a4/5da833] NFC…L:SAMTOOLS_INDEX (USA.74d) | 3 of 4
[88/b00693] NFC…L:SAMTOOLS_STATS (USA.74a) | 2 of 3
[8d/ca784c] NFC…AMOND_BLASTX (db6|USA.74c) | 0 of 4
[-        ] NFC…:KRAKENTOOLS_KREPORT2KRONA -
[-        ] NFC…ON_KRONA:KAIJU_KAIJU2KRONA -
[-        ] NFC…ZATION_KRONA:KRONA_CLEANUP -
[-        ] NFC…N_KRONA:KRONA_KTIMPORTTEXT -
[-        ] NFC…KRONA:MEGAN_RMA2INFO_KRONA -
[-        ] NFC…VISUALIZATION_KRONA:GUNZIP -
[-        ] NFC…ONA:KRONA_KTIMPORTTAXONOMY -
[-        ] NFC…ON_PROFILES:TAXPASTA_MERGE -
[-        ] NFC…FILES:TAXPASTA_STANDARDISE -
[-        ] NFC…CKEN_COMBINEBRACKENOUTPUTS -
Plus 7 more processes waiting for tasks…

executor >  slurm (36)
[-        ] NFC…PROFILER:TAXPROFILER:UNTAR -
[01/c7deeb] NFC…AXPROFILER:FASTQC (USA.74) | 5 of 5 ✔
[-        ] NFC…ORTREAD_FASTP:FASTP_SINGLE -
[88/88c654] NFC…ASTP:FASTP_PAIRED (USA.74) | 5 of 5 ✔
[06/9c4129] NFC…:FASTQC_PROCESSED (USA.74) | 5 of 5 ✔
[d8/a8ec5e] NFC…ERING:BBMAP_BBDUK (USA.74) | 5 of 5 ✔
[53/e3fb2c] NFC…AL:BOWTIE2_ALIGN (USA.74c) | 4 of 5
[a4/5da833] NFC…L:SAMTOOLS_INDEX (USA.74d) | 3 of 4
[99/b72b62] NFC…L:SAMTOOLS_STATS (USA.74d) | 3 of 3
[8d/ca784c] NFC…AMOND_BLASTX (db6|USA.74c) | 0 of 4
[-        ] NFC…:KRAKENTOOLS_KREPORT2KRONA -
[-        ] NFC…ON_KRONA:KAIJU_KAIJU2KRONA -
[-        ] NFC…ZATION_KRONA:KRONA_CLEANUP -
[-        ] NFC…N_KRONA:KRONA_KTIMPORTTEXT -
[-        ] NFC…KRONA:MEGAN_RMA2INFO_KRONA -
[-        ] NFC…VISUALIZATION_KRONA:GUNZIP -
[-        ] NFC…ONA:KRONA_KTIMPORTTAXONOMY -
[-        ] NFC…ON_PROFILES:TAXPASTA_MERGE -
[-        ] NFC…FILES:TAXPASTA_STANDARDISE -
[-        ] NFC…CKEN_COMBINEBRACKENOUTPUTS -
Plus 7 more processes waiting for tasks…

executor >  slurm (37)
[-        ] NFC…PROFILER:TAXPROFILER:UNTAR -
[01/c7deeb] NFC…AXPROFILER:FASTQC (USA.74) | 5 of 5 ✔
[-        ] NFC…ORTREAD_FASTP:FASTP_SINGLE -
[88/88c654] NFC…ASTP:FASTP_PAIRED (USA.74) | 5 of 5 ✔
[06/9c4129] NFC…:FASTQC_PROCESSED (USA.74) | 5 of 5 ✔
[d8/a8ec5e] NFC…ERING:BBMAP_BBDUK (USA.74) | 5 of 5 ✔
[53/e3fb2c] NFC…AL:BOWTIE2_ALIGN (USA.74c) | 4 of 5
[21/890fcb] NFC…L:SAMTOOLS_INDEX (USA.74c) | 4 of 4
[0e/517c2a] NFC…L:SAMTOOLS_STATS (USA.74c) | 3 of 4
[8d/ca784c] NFC…AMOND_BLASTX (db6|USA.74c) | 0 of 4
[-        ] NFC…:KRAKENTOOLS_KREPORT2KRONA -
[-        ] NFC…ON_KRONA:KAIJU_KAIJU2KRONA -
[-        ] NFC…ZATION_KRONA:KRONA_CLEANUP -
[-        ] NFC…N_KRONA:KRONA_KTIMPORTTEXT -
[-        ] NFC…KRONA:MEGAN_RMA2INFO_KRONA -
[-        ] NFC…VISUALIZATION_KRONA:GUNZIP -
[-        ] NFC…ONA:KRONA_KTIMPORTTAXONOMY -
[-        ] NFC…ON_PROFILES:TAXPASTA_MERGE -
[-        ] NFC…FILES:TAXPASTA_STANDARDISE -
[-        ] NFC…CKEN_COMBINEBRACKENOUTPUTS -
Plus 7 more processes waiting for tasks…

executor >  slurm (37)
[-        ] NFC…PROFILER:TAXPROFILER:UNTAR -
[01/c7deeb] NFC…AXPROFILER:FASTQC (USA.74) | 5 of 5 ✔
[-        ] NFC…ORTREAD_FASTP:FASTP_SINGLE -
[88/88c654] NFC…ASTP:FASTP_PAIRED (USA.74) | 5 of 5 ✔
[06/9c4129] NFC…:FASTQC_PROCESSED (USA.74) | 5 of 5 ✔
[d8/a8ec5e] NFC…ERING:BBMAP_BBDUK (USA.74) | 5 of 5 ✔
[53/e3fb2c] NFC…AL:BOWTIE2_ALIGN (USA.74c) | 4 of 5
[21/890fcb] NFC…L:SAMTOOLS_INDEX (USA.74c) | 4 of 4
[0e/517c2a] NFC…L:SAMTOOLS_STATS (USA.74c) | 3 of 4
[8d/ca784c] NFC…AMOND_BLASTX (db6|USA.74c) | 0 of 4
[-        ] NFC…:KRAKENTOOLS_KREPORT2KRONA -
[-        ] NFC…ON_KRONA:KAIJU_KAIJU2KRONA -
[-        ] NFC…ZATION_KRONA:KRONA_CLEANUP -
[-        ] NFC…N_KRONA:KRONA_KTIMPORTTEXT -
[-        ] NFC…KRONA:MEGAN_RMA2INFO_KRONA -
[-        ] NFC…VISUALIZATION_KRONA:GUNZIP -
[-        ] NFC…ONA:KRONA_KTIMPORTTAXONOMY -
[-        ] NFC…ON_PROFILES:TAXPASTA_MERGE -
[-        ] NFC…FILES:TAXPASTA_STANDARDISE -
[-        ] NFC…CKEN_COMBINEBRACKENOUTPUTS -
Plus 7 more processes waiting for tasks…

executor >  slurm (37)
[-        ] NFC…PROFILER:TAXPROFILER:UNTAR -
[01/c7deeb] NFC…AXPROFILER:FASTQC (USA.74) | 5 of 5 ✔
[-        ] NFC…ORTREAD_FASTP:FASTP_SINGLE -
[88/88c654] NFC…ASTP:FASTP_PAIRED (USA.74) | 5 of 5 ✔
[06/9c4129] NFC…:FASTQC_PROCESSED (USA.74) | 5 of 5 ✔
[d8/a8ec5e] NFC…ERING:BBMAP_BBDUK (USA.74) | 5 of 5 ✔
[53/e3fb2c] NFC…AL:BOWTIE2_ALIGN (USA.74c) | 4 of 5
[21/890fcb] NFC…L:SAMTOOLS_INDEX (USA.74c) | 4 of 4
[0e/517c2a] NFC…L:SAMTOOLS_STATS (USA.74c) | 4 of 4
[8d/ca784c] NFC…AMOND_BLASTX (db6|USA.74c) | 0 of 4
[-        ] NFC…:KRAKENTOOLS_KREPORT2KRONA -
[-        ] NFC…ON_KRONA:KAIJU_KAIJU2KRONA -
[-        ] NFC…ZATION_KRONA:KRONA_CLEANUP -
[-        ] NFC…N_KRONA:KRONA_KTIMPORTTEXT -
[-        ] NFC…KRONA:MEGAN_RMA2INFO_KRONA -
[-        ] NFC…VISUALIZATION_KRONA:GUNZIP -
[-        ] NFC…ONA:KRONA_KTIMPORTTAXONOMY -
[-        ] NFC…ON_PROFILES:TAXPASTA_MERGE -
[-        ] NFC…FILES:TAXPASTA_STANDARDISE -
[-        ] NFC…CKEN_COMBINEBRACKENOUTPUTS -
Plus 7 more processes waiting for tasks…

executor >  slurm (37)
[-        ] NFC…PROFILER:TAXPROFILER:UNTAR -
[01/c7deeb] NFC…AXPROFILER:FASTQC (USA.74) | 5 of 5 ✔
[-        ] NFC…ORTREAD_FASTP:FASTP_SINGLE -
[88/88c654] NFC…ASTP:FASTP_PAIRED (USA.74) | 5 of 5 ✔
[06/9c4129] NFC…:FASTQC_PROCESSED (USA.74) | 5 of 5 ✔
[d8/a8ec5e] NFC…ERING:BBMAP_BBDUK (USA.74) | 5 of 5 ✔
[7a/74d135] NFC…VAL:BOWTIE2_ALIGN (USA.74) | 5 of 5 ✔
[21/890fcb] NFC…L:SAMTOOLS_INDEX (USA.74c) | 4 of 4
[0e/517c2a] NFC…L:SAMTOOLS_STATS (USA.74c) | 4 of 4
[8d/ca784c] NFC…AMOND_BLASTX (db6|USA.74c) | 0 of 4
[-        ] NFC…:KRAKENTOOLS_KREPORT2KRONA -
[-        ] NFC…ON_KRONA:KAIJU_KAIJU2KRONA -
[-        ] NFC…ZATION_KRONA:KRONA_CLEANUP -
[-        ] NFC…N_KRONA:KRONA_KTIMPORTTEXT -
[-        ] NFC…KRONA:MEGAN_RMA2INFO_KRONA -
[-        ] NFC…VISUALIZATION_KRONA:GUNZIP -
[-        ] NFC…ONA:KRONA_KTIMPORTTAXONOMY -
[-        ] NFC…ON_PROFILES:TAXPASTA_MERGE -
[-        ] NFC…FILES:TAXPASTA_STANDARDISE -
[-        ] NFC…CKEN_COMBINEBRACKENOUTPUTS -
Plus 7 more processes waiting for tasks…
WARN: [nf-core/taxprofiler] DIAMOND does not accept paired-end files as input. Only read 1 will be used for profiling. Running DIAMOND for sample USA.74 using only read 1.

executor >  slurm (38)
[-        ] NFC…PROFILER:TAXPROFILER:UNTAR -
[01/c7deeb] NFC…AXPROFILER:FASTQC (USA.74) | 5 of 5 ✔
[-        ] NFC…ORTREAD_FASTP:FASTP_SINGLE -
[88/88c654] NFC…ASTP:FASTP_PAIRED (USA.74) | 5 of 5 ✔
[06/9c4129] NFC…:FASTQC_PROCESSED (USA.74) | 5 of 5 ✔
[d8/a8ec5e] NFC…ERING:BBMAP_BBDUK (USA.74) | 5 of 5 ✔
[7a/74d135] NFC…VAL:BOWTIE2_ALIGN (USA.74) | 5 of 5 ✔
[21/890fcb] NFC…L:SAMTOOLS_INDEX (USA.74c) | 4 of 5
[0e/517c2a] NFC…L:SAMTOOLS_STATS (USA.74c) | 4 of 4
[31/680d7b] NFC…IAMOND_BLASTX (db6|USA.74) | 0 of 5
[-        ] NFC…:KRAKENTOOLS_KREPORT2KRONA -
[-        ] NFC…ON_KRONA:KAIJU_KAIJU2KRONA -
[-        ] NFC…ZATION_KRONA:KRONA_CLEANUP -
[-        ] NFC…N_KRONA:KRONA_KTIMPORTTEXT -
[-        ] NFC…KRONA:MEGAN_RMA2INFO_KRONA -
[-        ] NFC…VISUALIZATION_KRONA:GUNZIP -
[-        ] NFC…ONA:KRONA_KTIMPORTTAXONOMY -
[-        ] NFC…ON_PROFILES:TAXPASTA_MERGE -
[-        ] NFC…FILES:TAXPASTA_STANDARDISE -
[-        ] NFC…CKEN_COMBINEBRACKENOUTPUTS -
Plus 7 more processes waiting for tasks…
WARN: [nf-core/taxprofiler] DIAMOND does not accept paired-end files as input. Only read 1 will be used for profiling. Running DIAMOND for sample USA.74 using only read 1.

executor >  slurm (39)
[-        ] NFC…PROFILER:TAXPROFILER:UNTAR -
[01/c7deeb] NFC…AXPROFILER:FASTQC (USA.74) | 5 of 5 ✔
[-        ] NFC…ORTREAD_FASTP:FASTP_SINGLE -
[88/88c654] NFC…ASTP:FASTP_PAIRED (USA.74) | 5 of 5 ✔
[06/9c4129] NFC…:FASTQC_PROCESSED (USA.74) | 5 of 5 ✔
[d8/a8ec5e] NFC…ERING:BBMAP_BBDUK (USA.74) | 5 of 5 ✔
[7a/74d135] NFC…VAL:BOWTIE2_ALIGN (USA.74) | 5 of 5 ✔
[24/e43ccf] NFC…AL:SAMTOOLS_INDEX (USA.74) | 4 of 5
[0e/517c2a] NFC…L:SAMTOOLS_STATS (USA.74c) | 4 of 4
[31/680d7b] NFC…IAMOND_BLASTX (db6|USA.74) | 0 of 5
[-        ] NFC…:KRAKENTOOLS_KREPORT2KRONA -
[-        ] NFC…ON_KRONA:KAIJU_KAIJU2KRONA -
[-        ] NFC…ZATION_KRONA:KRONA_CLEANUP -
[-        ] NFC…N_KRONA:KRONA_KTIMPORTTEXT -
[-        ] NFC…KRONA:MEGAN_RMA2INFO_KRONA -
[-        ] NFC…VISUALIZATION_KRONA:GUNZIP -
[-        ] NFC…ONA:KRONA_KTIMPORTTAXONOMY -
[-        ] NFC…ON_PROFILES:TAXPASTA_MERGE -
[-        ] NFC…FILES:TAXPASTA_STANDARDISE -
[-        ] NFC…CKEN_COMBINEBRACKENOUTPUTS -
Plus 7 more processes waiting for tasks…
WARN: [nf-core/taxprofiler] DIAMOND does not accept paired-end files as input. Only read 1 will be used for profiling. Running DIAMOND for sample USA.74 using only read 1.

executor >  slurm (39)
[-        ] NFC…PROFILER:TAXPROFILER:UNTAR -
[01/c7deeb] NFC…AXPROFILER:FASTQC (USA.74) | 5 of 5 ✔
[-        ] NFC…ORTREAD_FASTP:FASTP_SINGLE -
[88/88c654] NFC…ASTP:FASTP_PAIRED (USA.74) | 5 of 5 ✔
[06/9c4129] NFC…:FASTQC_PROCESSED (USA.74) | 5 of 5 ✔
[d8/a8ec5e] NFC…ERING:BBMAP_BBDUK (USA.74) | 5 of 5 ✔
[7a/74d135] NFC…VAL:BOWTIE2_ALIGN (USA.74) | 5 of 5 ✔
[24/e43ccf] NFC…AL:SAMTOOLS_INDEX (USA.74) | 4 of 5
[0e/517c2a] NFC…L:SAMTOOLS_STATS (USA.74c) | 4 of 4
[31/680d7b] NFC…IAMOND_BLASTX (db6|USA.74) | 0 of 5
[-        ] NFC…:KRAKENTOOLS_KREPORT2KRONA -
[-        ] NFC…ON_KRONA:KAIJU_KAIJU2KRONA -
[-        ] NFC…ZATION_KRONA:KRONA_CLEANUP -
[-        ] NFC…N_KRONA:KRONA_KTIMPORTTEXT -
[-        ] NFC…KRONA:MEGAN_RMA2INFO_KRONA -
[-        ] NFC…VISUALIZATION_KRONA:GUNZIP -
[-        ] NFC…ONA:KRONA_KTIMPORTTAXONOMY -
[-        ] NFC…ON_PROFILES:TAXPASTA_MERGE -
[-        ] NFC…FILES:TAXPASTA_STANDARDISE -
[-        ] NFC…CKEN_COMBINEBRACKENOUTPUTS -
Plus 7 more processes waiting for tasks…
WARN: [nf-core/taxprofiler] DIAMOND does not accept paired-end files as input. Only read 1 will be used for profiling. Running DIAMOND for sample USA.74 using only read 1.

executor >  slurm (39)
[-        ] NFC…PROFILER:TAXPROFILER:UNTAR -
[01/c7deeb] NFC…AXPROFILER:FASTQC (USA.74) | 5 of 5 ✔
[-        ] NFC…ORTREAD_FASTP:FASTP_SINGLE -
[88/88c654] NFC…ASTP:FASTP_PAIRED (USA.74) | 5 of 5 ✔
[06/9c4129] NFC…:FASTQC_PROCESSED (USA.74) | 5 of 5 ✔
[d8/a8ec5e] NFC…ERING:BBMAP_BBDUK (USA.74) | 5 of 5 ✔
[7a/74d135] NFC…VAL:BOWTIE2_ALIGN (USA.74) | 5 of 5 ✔
[24/e43ccf] NFC…AL:SAMTOOLS_INDEX (USA.74) | 4 of 5 ✔
[0e/517c2a] NFC…L:SAMTOOLS_STATS (USA.74c) | 4 of 5
[31/680d7b] NFC…IAMOND_BLASTX (db6|USA.74) | 0 of 5
[-        ] NFC…:KRAKENTOOLS_KREPORT2KRONA -
[-        ] NFC…ON_KRONA:KAIJU_KAIJU2KRONA -
[-        ] NFC…ZATION_KRONA:KRONA_CLEANUP -
[-        ] NFC…N_KRONA:KRONA_KTIMPORTTEXT -
[-        ] NFC…KRONA:MEGAN_RMA2INFO_KRONA -
[-        ] NFC…VISUALIZATION_KRONA:GUNZIP -
[-        ] NFC…ONA:KRONA_KTIMPORTTAXONOMY -
[-        ] NFC…ON_PROFILES:TAXPASTA_MERGE -
[-        ] NFC…FILES:TAXPASTA_STANDARDISE -
[-        ] NFC…CKEN_COMBINEBRACKENOUTPUTS -
Plus 7 more processes waiting for tasks…


executor >  slurm (40)
[-        ] NFC…PROFILER:TAXPROFILER:UNTAR -
[01/c7deeb] NFC…AXPROFILER:FASTQC (USA.74) | 5 of 5 ✔
[-        ] NFC…ORTREAD_FASTP:FASTP_SINGLE -
[88/88c654] NFC…ASTP:FASTP_PAIRED (USA.74) | 5 of 5 ✔
[06/9c4129] NFC…:FASTQC_PROCESSED (USA.74) | 5 of 5 ✔
[d8/a8ec5e] NFC…ERING:BBMAP_BBDUK (USA.74) | 5 of 5 ✔
[7a/74d135] NFC…VAL:BOWTIE2_ALIGN (USA.74) | 5 of 5 ✔
[24/e43ccf] NFC…AL:SAMTOOLS_INDEX (USA.74) | 5 of 5 ✔
[a4/2b8603] NFC…AL:SAMTOOLS_STATS (USA.74) | 4 of 5
[31/680d7b] NFC…IAMOND_BLASTX (db6|USA.74) | 0 of 5
[-        ] NFC…:KRAKENTOOLS_KREPORT2KRONA -
[-        ] NFC…ON_KRONA:KAIJU_KAIJU2KRONA -
[-        ] NFC…ZATION_KRONA:KRONA_CLEANUP -
[-        ] NFC…N_KRONA:KRONA_KTIMPORTTEXT -
[-        ] NFC…KRONA:MEGAN_RMA2INFO_KRONA -
[-        ] NFC…VISUALIZATION_KRONA:GUNZIP -
[-        ] NFC…ONA:KRONA_KTIMPORTTAXONOMY -
[-        ] NFC…ON_PROFILES:TAXPASTA_MERGE -
[-        ] NFC…FILES:TAXPASTA_STANDARDISE -
[-        ] NFC…CKEN_COMBINEBRACKENOUTPUTS -
Plus 7 more processes waiting for tasks…


executor >  slurm (40)
[-        ] NFC…PROFILER:TAXPROFILER:UNTAR -
[01/c7deeb] NFC…AXPROFILER:FASTQC (USA.74) | 5 of 5 ✔
[-        ] NFC…ORTREAD_FASTP:FASTP_SINGLE -
[88/88c654] NFC…ASTP:FASTP_PAIRED (USA.74) | 5 of 5 ✔
[06/9c4129] NFC…:FASTQC_PROCESSED (USA.74) | 5 of 5 ✔
[d8/a8ec5e] NFC…ERING:BBMAP_BBDUK (USA.74) | 5 of 5 ✔
[7a/74d135] NFC…VAL:BOWTIE2_ALIGN (USA.74) | 5 of 5 ✔
[24/e43ccf] NFC…AL:SAMTOOLS_INDEX (USA.74) | 5 of 5 ✔
[a4/2b8603] NFC…AL:SAMTOOLS_STATS (USA.74) | 4 of 5
[31/680d7b] NFC…IAMOND_BLASTX (db6|USA.74) | 0 of 5
[-        ] NFC…:KRAKENTOOLS_KREPORT2KRONA -
[-        ] NFC…ON_KRONA:KAIJU_KAIJU2KRONA -
[-        ] NFC…ZATION_KRONA:KRONA_CLEANUP -
[-        ] NFC…N_KRONA:KRONA_KTIMPORTTEXT -
[-        ] NFC…KRONA:MEGAN_RMA2INFO_KRONA -
[-        ] NFC…VISUALIZATION_KRONA:GUNZIP -
[-        ] NFC…ONA:KRONA_KTIMPORTTAXONOMY -
[-        ] NFC…ON_PROFILES:TAXPASTA_MERGE -
[-        ] NFC…FILES:TAXPASTA_STANDARDISE -
[-        ] NFC…CKEN_COMBINEBRACKENOUTPUTS -
Plus 7 more processes waiting for tasks…

executor >  slurm (40)
[-        ] NFC…PROFILER:TAXPROFILER:UNTAR -
[01/c7deeb] NFC…AXPROFILER:FASTQC (USA.74) | 5 of 5 ✔
[-        ] NFC…ORTREAD_FASTP:FASTP_SINGLE -
[88/88c654] NFC…ASTP:FASTP_PAIRED (USA.74) | 5 of 5 ✔
[06/9c4129] NFC…:FASTQC_PROCESSED (USA.74) | 5 of 5 ✔
[d8/a8ec5e] NFC…ERING:BBMAP_BBDUK (USA.74) | 5 of 5 ✔
[7a/74d135] NFC…VAL:BOWTIE2_ALIGN (USA.74) | 5 of 5 ✔
[24/e43ccf] NFC…AL:SAMTOOLS_INDEX (USA.74) | 5 of 5 ✔
[a4/2b8603] NFC…AL:SAMTOOLS_STATS (USA.74) | 5 of 5 ✔
[31/680d7b] NFC…IAMOND_BLASTX (db6|USA.74) | 0 of 5
[-        ] NFC…:KRAKENTOOLS_KREPORT2KRONA -
[-        ] NFC…ON_KRONA:KAIJU_KAIJU2KRONA -
[-        ] NFC…ZATION_KRONA:KRONA_CLEANUP -
[-        ] NFC…N_KRONA:KRONA_KTIMPORTTEXT -
[-        ] NFC…KRONA:MEGAN_RMA2INFO_KRONA -
[-        ] NFC…VISUALIZATION_KRONA:GUNZIP -
[-        ] NFC…ONA:KRONA_KTIMPORTTAXONOMY -
[-        ] NFC…ON_PROFILES:TAXPASTA_MERGE -
[-        ] NFC…FILES:TAXPASTA_STANDARDISE -
[-        ] NFC…CKEN_COMBINEBRACKENOUTPUTS -
Plus 7 more processes waiting for tasks…

executor >  slurm (40)
[-        ] NFC…PROFILER:TAXPROFILER:UNTAR -
[01/c7deeb] NFC…AXPROFILER:FASTQC (USA.74) | 5 of 5 ✔
[-        ] NFC…ORTREAD_FASTP:FASTP_SINGLE -
[88/88c654] NFC…ASTP:FASTP_PAIRED (USA.74) | 5 of 5 ✔
[06/9c4129] NFC…:FASTQC_PROCESSED (USA.74) | 5 of 5 ✔
[d8/a8ec5e] NFC…ERING:BBMAP_BBDUK (USA.74) | 5 of 5 ✔
[7a/74d135] NFC…VAL:BOWTIE2_ALIGN (USA.74) | 5 of 5 ✔
[24/e43ccf] NFC…AL:SAMTOOLS_INDEX (USA.74) | 5 of 5 ✔
[a4/2b8603] NFC…AL:SAMTOOLS_STATS (USA.74) | 5 of 5 ✔
[31/680d7b] NFC…IAMOND_BLASTX (db6|USA.74) | 0 of 5
[-        ] NFC…:KRAKENTOOLS_KREPORT2KRONA -
[-        ] NFC…ON_KRONA:KAIJU_KAIJU2KRONA -
[-        ] NFC…ZATION_KRONA:KRONA_CLEANUP -
[-        ] NFC…N_KRONA:KRONA_KTIMPORTTEXT -
[-        ] NFC…KRONA:MEGAN_RMA2INFO_KRONA -
[-        ] NFC…VISUALIZATION_KRONA:GUNZIP -
[-        ] NFC…ONA:KRONA_KTIMPORTTAXONOMY -
[-        ] NFC…ON_PROFILES:TAXPASTA_MERGE -
[-        ] NFC…FILES:TAXPASTA_STANDARDISE -
[-        ] NFC…CKEN_COMBINEBRACKENOUTPUTS -
Plus 7 more processes waiting for tasks…

executor >  slurm (40)
[-        ] NFC…PROFILER:TAXPROFILER:UNTAR -
[01/c7deeb] NFC…AXPROFILER:FASTQC (USA.74) | 5 of 5 ✔
[-        ] NFC…ORTREAD_FASTP:FASTP_SINGLE -
[88/88c654] NFC…ASTP:FASTP_PAIRED (USA.74) | 5 of 5 ✔
[06/9c4129] NFC…:FASTQC_PROCESSED (USA.74) | 5 of 5 ✔
[d8/a8ec5e] NFC…ERING:BBMAP_BBDUK (USA.74) | 5 of 5 ✔
[7a/74d135] NFC…VAL:BOWTIE2_ALIGN (USA.74) | 5 of 5 ✔
[24/e43ccf] NFC…AL:SAMTOOLS_INDEX (USA.74) | 5 of 5 ✔
[a4/2b8603] NFC…AL:SAMTOOLS_STATS (USA.74) | 5 of 5 ✔
[31/680d7b] NFC…IAMOND_BLASTX (db6|USA.74) | 0 of 5
[-        ] NFC…:KRAKENTOOLS_KREPORT2KRONA -
[-        ] NFC…ON_KRONA:KAIJU_KAIJU2KRONA -
[-        ] NFC…ZATION_KRONA:KRONA_CLEANUP -
[-        ] NFC…N_KRONA:KRONA_KTIMPORTTEXT -
[-        ] NFC…KRONA:MEGAN_RMA2INFO_KRONA -
[-        ] NFC…VISUALIZATION_KRONA:GUNZIP -
[-        ] NFC…ONA:KRONA_KTIMPORTTAXONOMY -
[-        ] NFC…ON_PROFILES:TAXPASTA_MERGE -
[-        ] NFC…FILES:TAXPASTA_STANDARDISE -
[-        ] NFC…CKEN_COMBINEBRACKENOUTPUTS -
Plus 7 more processes waiting for tasks…

executor >  slurm (40)
[-        ] NFC…PROFILER:TAXPROFILER:UNTAR -
[01/c7deeb] NFC…AXPROFILER:FASTQC (USA.74) | 5 of 5 ✔
[-        ] NFC…ORTREAD_FASTP:FASTP_SINGLE -
[88/88c654] NFC…ASTP:FASTP_PAIRED (USA.74) | 5 of 5 ✔
[06/9c4129] NFC…:FASTQC_PROCESSED (USA.74) | 5 of 5 ✔
[d8/a8ec5e] NFC…ERING:BBMAP_BBDUK (USA.74) | 5 of 5 ✔
[7a/74d135] NFC…VAL:BOWTIE2_ALIGN (USA.74) | 5 of 5 ✔
[24/e43ccf] NFC…AL:SAMTOOLS_INDEX (USA.74) | 5 of 5 ✔
[a4/2b8603] NFC…AL:SAMTOOLS_STATS (USA.74) | 5 of 5 ✔
[31/680d7b] NFC…IAMOND_BLASTX (db6|USA.74) | 0 of 5
[-        ] NFC…:KRAKENTOOLS_KREPORT2KRONA -
[-        ] NFC…ON_KRONA:KAIJU_KAIJU2KRONA -
[-        ] NFC…ZATION_KRONA:KRONA_CLEANUP -
[-        ] NFC…N_KRONA:KRONA_KTIMPORTTEXT -
[-        ] NFC…KRONA:MEGAN_RMA2INFO_KRONA -
[-        ] NFC…VISUALIZATION_KRONA:GUNZIP -
[-        ] NFC…ONA:KRONA_KTIMPORTTAXONOMY -
[-        ] NFC…ON_PROFILES:TAXPASTA_MERGE -
[-        ] NFC…FILES:TAXPASTA_STANDARDISE -
[-        ] NFC…CKEN_COMBINEBRACKENOUTPUTS -
Plus 7 more processes waiting for tasks…

executor >  slurm (40)
[-        ] NFC…PROFILER:TAXPROFILER:UNTAR -
[01/c7deeb] NFC…AXPROFILER:FASTQC (USA.74) | 5 of 5 ✔
[-        ] NFC…ORTREAD_FASTP:FASTP_SINGLE -
[88/88c654] NFC…ASTP:FASTP_PAIRED (USA.74) | 5 of 5 ✔
[06/9c4129] NFC…:FASTQC_PROCESSED (USA.74) | 5 of 5 ✔
[d8/a8ec5e] NFC…ERING:BBMAP_BBDUK (USA.74) | 5 of 5 ✔
[7a/74d135] NFC…VAL:BOWTIE2_ALIGN (USA.74) | 5 of 5 ✔
[24/e43ccf] NFC…AL:SAMTOOLS_INDEX (USA.74) | 5 of 5 ✔
[a4/2b8603] NFC…AL:SAMTOOLS_STATS (USA.74) | 5 of 5 ✔
[31/680d7b] NFC…IAMOND_BLASTX (db6|USA.74) | 0 of 5
[-        ] NFC…:KRAKENTOOLS_KREPORT2KRONA -
[-        ] NFC…ON_KRONA:KAIJU_KAIJU2KRONA -
[-        ] NFC…ZATION_KRONA:KRONA_CLEANUP -
[-        ] NFC…N_KRONA:KRONA_KTIMPORTTEXT -
[-        ] NFC…KRONA:MEGAN_RMA2INFO_KRONA -
[-        ] NFC…VISUALIZATION_KRONA:GUNZIP -
[-        ] NFC…ONA:KRONA_KTIMPORTTAXONOMY -
[-        ] NFC…ON_PROFILES:TAXPASTA_MERGE -
[-        ] NFC…FILES:TAXPASTA_STANDARDISE -
[-        ] NFC…CKEN_COMBINEBRACKENOUTPUTS -
Plus 7 more processes waiting for tasks…

executor >  slurm (40)
[-        ] NFC…PROFILER:TAXPROFILER:UNTAR -
[01/c7deeb] NFC…AXPROFILER:FASTQC (USA.74) | 5 of 5 ✔
[-        ] NFC…ORTREAD_FASTP:FASTP_SINGLE -
[88/88c654] NFC…ASTP:FASTP_PAIRED (USA.74) | 5 of 5 ✔
[06/9c4129] NFC…:FASTQC_PROCESSED (USA.74) | 5 of 5 ✔
[d8/a8ec5e] NFC…ERING:BBMAP_BBDUK (USA.74) | 5 of 5 ✔
[7a/74d135] NFC…VAL:BOWTIE2_ALIGN (USA.74) | 5 of 5 ✔
[24/e43ccf] NFC…AL:SAMTOOLS_INDEX (USA.74) | 5 of 5 ✔
[a4/2b8603] NFC…AL:SAMTOOLS_STATS (USA.74) | 5 of 5 ✔
[84/9f2f62] NFC…AMOND_BLASTX (db6|USA.74b) | 1 of 5
[-        ] NFC…:KRAKENTOOLS_KREPORT2KRONA -
[-        ] NFC…ON_KRONA:KAIJU_KAIJU2KRONA -
[-        ] NFC…ZATION_KRONA:KRONA_CLEANUP -
[-        ] NFC…N_KRONA:KRONA_KTIMPORTTEXT -
[-        ] NFC…KRONA:MEGAN_RMA2INFO_KRONA -
[-        ] NFC…VISUALIZATION_KRONA:GUNZIP -
[-        ] NFC…ONA:KRONA_KTIMPORTTAXONOMY -
[-        ] NFC…ON_PROFILES:TAXPASTA_MERGE -
[-        ] NFC…FILES:TAXPASTA_STANDARDISE -
[-        ] NFC…CKEN_COMBINEBRACKENOUTPUTS -
Plus 7 more processes waiting for tasks…

executor >  slurm (40)
[-        ] NFC…PROFILER:TAXPROFILER:UNTAR -
[01/c7deeb] NFC…AXPROFILER:FASTQC (USA.74) | 5 of 5 ✔
[-        ] NFC…ORTREAD_FASTP:FASTP_SINGLE -
[88/88c654] NFC…ASTP:FASTP_PAIRED (USA.74) | 5 of 5 ✔
[06/9c4129] NFC…:FASTQC_PROCESSED (USA.74) | 5 of 5 ✔
[d8/a8ec5e] NFC…ERING:BBMAP_BBDUK (USA.74) | 5 of 5 ✔
[7a/74d135] NFC…VAL:BOWTIE2_ALIGN (USA.74) | 5 of 5 ✔
[24/e43ccf] NFC…AL:SAMTOOLS_INDEX (USA.74) | 5 of 5 ✔
[a4/2b8603] NFC…AL:SAMTOOLS_STATS (USA.74) | 5 of 5 ✔
[62/aa6933] NFC…AMOND_BLASTX (db6|USA.74a) | 2 of 5
[-        ] NFC…:KRAKENTOOLS_KREPORT2KRONA -
[-        ] NFC…ON_KRONA:KAIJU_KAIJU2KRONA -
[-        ] NFC…ZATION_KRONA:KRONA_CLEANUP -
[-        ] NFC…N_KRONA:KRONA_KTIMPORTTEXT -
[-        ] NFC…KRONA:MEGAN_RMA2INFO_KRONA -
[-        ] NFC…VISUALIZATION_KRONA:GUNZIP -
[-        ] NFC…ONA:KRONA_KTIMPORTTAXONOMY -
[-        ] NFC…ON_PROFILES:TAXPASTA_MERGE -
[-        ] NFC…FILES:TAXPASTA_STANDARDISE -
[-        ] NFC…CKEN_COMBINEBRACKENOUTPUTS -
Plus 7 more processes waiting for tasks…

executor >  slurm (40)
[-        ] NFC…PROFILER:TAXPROFILER:UNTAR -
[01/c7deeb] NFC…AXPROFILER:FASTQC (USA.74) | 5 of 5 ✔
[-        ] NFC…ORTREAD_FASTP:FASTP_SINGLE -
[88/88c654] NFC…ASTP:FASTP_PAIRED (USA.74) | 5 of 5 ✔
[06/9c4129] NFC…:FASTQC_PROCESSED (USA.74) | 5 of 5 ✔
[d8/a8ec5e] NFC…ERING:BBMAP_BBDUK (USA.74) | 5 of 5 ✔
[7a/74d135] NFC…VAL:BOWTIE2_ALIGN (USA.74) | 5 of 5 ✔
[24/e43ccf] NFC…AL:SAMTOOLS_INDEX (USA.74) | 5 of 5 ✔
[a4/2b8603] NFC…AL:SAMTOOLS_STATS (USA.74) | 5 of 5 ✔
[a9/b1cffe] NFC…AMOND_BLASTX (db6|USA.74d) | 3 of 5
[-        ] NFC…:KRAKENTOOLS_KREPORT2KRONA -
[-        ] NFC…ON_KRONA:KAIJU_KAIJU2KRONA -
[-        ] NFC…ZATION_KRONA:KRONA_CLEANUP -
[-        ] NFC…N_KRONA:KRONA_KTIMPORTTEXT -
[-        ] NFC…KRONA:MEGAN_RMA2INFO_KRONA -
[-        ] NFC…VISUALIZATION_KRONA:GUNZIP -
[-        ] NFC…ONA:KRONA_KTIMPORTTAXONOMY -
[-        ] NFC…ON_PROFILES:TAXPASTA_MERGE -
[-        ] NFC…FILES:TAXPASTA_STANDARDISE -
[-        ] NFC…CKEN_COMBINEBRACKENOUTPUTS -
Plus 7 more processes waiting for tasks…

executor >  slurm (40)
[-        ] NFC…PROFILER:TAXPROFILER:UNTAR -
[01/c7deeb] NFC…AXPROFILER:FASTQC (USA.74) | 5 of 5 ✔
[-        ] NFC…ORTREAD_FASTP:FASTP_SINGLE -
[88/88c654] NFC…ASTP:FASTP_PAIRED (USA.74) | 5 of 5 ✔
[06/9c4129] NFC…:FASTQC_PROCESSED (USA.74) | 5 of 5 ✔
[d8/a8ec5e] NFC…ERING:BBMAP_BBDUK (USA.74) | 5 of 5 ✔
[7a/74d135] NFC…VAL:BOWTIE2_ALIGN (USA.74) | 5 of 5 ✔
[24/e43ccf] NFC…AL:SAMTOOLS_INDEX (USA.74) | 5 of 5 ✔
[a4/2b8603] NFC…AL:SAMTOOLS_STATS (USA.74) | 5 of 5 ✔
[8d/ca784c] NFC…AMOND_BLASTX (db6|USA.74c) | 4 of 5
[-        ] NFC…:KRAKENTOOLS_KREPORT2KRONA -
[-        ] NFC…ON_KRONA:KAIJU_KAIJU2KRONA -
[-        ] NFC…ZATION_KRONA:KRONA_CLEANUP -
[-        ] NFC…N_KRONA:KRONA_KTIMPORTTEXT -
[-        ] NFC…KRONA:MEGAN_RMA2INFO_KRONA -
[-        ] NFC…VISUALIZATION_KRONA:GUNZIP -
[-        ] NFC…ONA:KRONA_KTIMPORTTAXONOMY -
[-        ] NFC…ON_PROFILES:TAXPASTA_MERGE -
[-        ] NFC…FILES:TAXPASTA_STANDARDISE -
[-        ] NFC…CKEN_COMBINEBRACKENOUTPUTS -
Plus 7 more processes waiting for tasks…

executor >  slurm (40)
[-        ] NFC…PROFILER:TAXPROFILER:UNTAR -
[01/c7deeb] NFC…AXPROFILER:FASTQC (USA.74) | 5 of 5 ✔
[-        ] NFC…ORTREAD_FASTP:FASTP_SINGLE -
[88/88c654] NFC…ASTP:FASTP_PAIRED (USA.74) | 5 of 5 ✔
[06/9c4129] NFC…:FASTQC_PROCESSED (USA.74) | 5 of 5 ✔
[d8/a8ec5e] NFC…ERING:BBMAP_BBDUK (USA.74) | 5 of 5 ✔
[7a/74d135] NFC…VAL:BOWTIE2_ALIGN (USA.74) | 5 of 5 ✔
[24/e43ccf] NFC…AL:SAMTOOLS_INDEX (USA.74) | 5 of 5 ✔
[a4/2b8603] NFC…AL:SAMTOOLS_STATS (USA.74) | 5 of 5 ✔
[31/680d7b] NFC…IAMOND_BLASTX (db6|USA.74) | 5 of 5 ✔
[-        ] NFC…:KRAKENTOOLS_KREPORT2KRONA -
[-        ] NFC…ON_KRONA:KAIJU_KAIJU2KRONA -
[-        ] NFC…ZATION_KRONA:KRONA_CLEANUP -
[-        ] NFC…N_KRONA:KRONA_KTIMPORTTEXT -
[-        ] NFC…KRONA:MEGAN_RMA2INFO_KRONA -
[-        ] NFC…VISUALIZATION_KRONA:GUNZIP -
[-        ] NFC…ONA:KRONA_KTIMPORTTAXONOMY -
[-        ] NFC…ON_PROFILES:TAXPASTA_MERGE -
[-        ] NFC…FILES:TAXPASTA_STANDARDISE -
[-        ] NFC…CKEN_COMBINEBRACKENOUTPUTS -
Plus 7 more processes waiting for tasks…

executor >  slurm (41)
[-        ] NFC…PROFILER:TAXPROFILER:UNTAR -
[01/c7deeb] NFC…AXPROFILER:FASTQC (USA.74) | 5 of 5 ✔
[-        ] NFC…ORTREAD_FASTP:FASTP_SINGLE -
[88/88c654] NFC…ASTP:FASTP_PAIRED (USA.74) | 5 of 5 ✔
[06/9c4129] NFC…:FASTQC_PROCESSED (USA.74) | 5 of 5 ✔
[d8/a8ec5e] NFC…ERING:BBMAP_BBDUK (USA.74) | 5 of 5 ✔
[7a/74d135] NFC…VAL:BOWTIE2_ALIGN (USA.74) | 5 of 5 ✔
[24/e43ccf] NFC…AL:SAMTOOLS_INDEX (USA.74) | 5 of 5 ✔
[a4/2b8603] NFC…AL:SAMTOOLS_STATS (USA.74) | 5 of 5 ✔
[31/680d7b] NFC…IAMOND_BLASTX (db6|USA.74) | 5 of 5 ✔
[-        ] NFC…:KRAKENTOOLS_KREPORT2KRONA -
[-        ] NFC…ON_KRONA:KAIJU_KAIJU2KRONA -
[-        ] NFC…ZATION_KRONA:KRONA_CLEANUP -
[-        ] NFC…N_KRONA:KRONA_KTIMPORTTEXT -
[-        ] NFC…KRONA:MEGAN_RMA2INFO_KRONA -
[-        ] NFC…VISUALIZATION_KRONA:GUNZIP -
[-        ] NFC…ONA:KRONA_KTIMPORTTAXONOMY -
[f0/75ae6f] NFC…XPASTA_MERGE (diamond|db6) | 0 of 1
[-        ] NFC…FILES:TAXPASTA_STANDARDISE -
[-        ] NFC…CKEN_COMBINEBRACKENOUTPUTS -
Plus 7 more processes waiting for tasks…

executor >  slurm (41)
[-        ] NFC…PROFILER:TAXPROFILER:UNTAR -
[01/c7deeb] NFC…AXPROFILER:FASTQC (USA.74) | 5 of 5 ✔
[-        ] NFC…ORTREAD_FASTP:FASTP_SINGLE -
[88/88c654] NFC…ASTP:FASTP_PAIRED (USA.74) | 5 of 5 ✔
[06/9c4129] NFC…:FASTQC_PROCESSED (USA.74) | 5 of 5 ✔
[d8/a8ec5e] NFC…ERING:BBMAP_BBDUK (USA.74) | 5 of 5 ✔
[7a/74d135] NFC…VAL:BOWTIE2_ALIGN (USA.74) | 5 of 5 ✔
[24/e43ccf] NFC…AL:SAMTOOLS_INDEX (USA.74) | 5 of 5 ✔
[a4/2b8603] NFC…AL:SAMTOOLS_STATS (USA.74) | 5 of 5 ✔
[31/680d7b] NFC…IAMOND_BLASTX (db6|USA.74) | 5 of 5 ✔
[-        ] NFC…:KRAKENTOOLS_KREPORT2KRONA -
[-        ] NFC…ON_KRONA:KAIJU_KAIJU2KRONA -
[-        ] NFC…ZATION_KRONA:KRONA_CLEANUP -
[-        ] NFC…N_KRONA:KRONA_KTIMPORTTEXT -
[-        ] NFC…KRONA:MEGAN_RMA2INFO_KRONA -
[-        ] NFC…VISUALIZATION_KRONA:GUNZIP -
[-        ] NFC…ONA:KRONA_KTIMPORTTAXONOMY -
[f0/75ae6f] NFC…XPASTA_MERGE (diamond|db6) | 0 of 1
[-        ] NFC…FILES:TAXPASTA_STANDARDISE -
[-        ] NFC…CKEN_COMBINEBRACKENOUTPUTS -
Plus 7 more processes waiting for tasks…

executor >  slurm (41)
[-        ] NFC…PROFILER:TAXPROFILER:UNTAR -
[01/c7deeb] NFC…AXPROFILER:FASTQC (USA.74) | 5 of 5 ✔
[-        ] NFC…ORTREAD_FASTP:FASTP_SINGLE -
[88/88c654] NFC…ASTP:FASTP_PAIRED (USA.74) | 5 of 5 ✔
[06/9c4129] NFC…:FASTQC_PROCESSED (USA.74) | 5 of 5 ✔
[d8/a8ec5e] NFC…ERING:BBMAP_BBDUK (USA.74) | 5 of 5 ✔
[7a/74d135] NFC…VAL:BOWTIE2_ALIGN (USA.74) | 5 of 5 ✔
[24/e43ccf] NFC…AL:SAMTOOLS_INDEX (USA.74) | 5 of 5 ✔
[a4/2b8603] NFC…AL:SAMTOOLS_STATS (USA.74) | 5 of 5 ✔
[31/680d7b] NFC…IAMOND_BLASTX (db6|USA.74) | 5 of 5 ✔
[-        ] NFC…:KRAKENTOOLS_KREPORT2KRONA -
[-        ] NFC…ON_KRONA:KAIJU_KAIJU2KRONA -
[-        ] NFC…ZATION_KRONA:KRONA_CLEANUP -
[-        ] NFC…N_KRONA:KRONA_KTIMPORTTEXT -
[-        ] NFC…KRONA:MEGAN_RMA2INFO_KRONA -
[-        ] NFC…VISUALIZATION_KRONA:GUNZIP -
[-        ] NFC…ONA:KRONA_KTIMPORTTAXONOMY -
[f0/75ae6f] NFC…XPASTA_MERGE (diamond|db6) | 1 of 1 ✔
[-        ] NFC…FILES:TAXPASTA_STANDARDISE -
[-        ] NFC…CKEN_COMBINEBRACKENOUTPUTS -
Plus 7 more processes waiting for tasks…

executor >  slurm (41)
[-        ] NFC…PROFILER:TAXPROFILER:UNTAR -
[01/c7deeb] NFC…AXPROFILER:FASTQC (USA.74) | 5 of 5 ✔
[-        ] NFC…ORTREAD_FASTP:FASTP_SINGLE -
[88/88c654] NFC…ASTP:FASTP_PAIRED (USA.74) | 5 of 5 ✔
[06/9c4129] NFC…:FASTQC_PROCESSED (USA.74) | 5 of 5 ✔
[d8/a8ec5e] NFC…ERING:BBMAP_BBDUK (USA.74) | 5 of 5 ✔
[7a/74d135] NFC…VAL:BOWTIE2_ALIGN (USA.74) | 5 of 5 ✔
[24/e43ccf] NFC…AL:SAMTOOLS_INDEX (USA.74) | 5 of 5 ✔
[a4/2b8603] NFC…AL:SAMTOOLS_STATS (USA.74) | 5 of 5 ✔
[31/680d7b] NFC…IAMOND_BLASTX (db6|USA.74) | 5 of 5 ✔
[-        ] NFC…:KRAKENTOOLS_KREPORT2KRONA -
[-        ] NFC…ON_KRONA:KAIJU_KAIJU2KRONA -
[-        ] NFC…ZATION_KRONA:KRONA_CLEANUP -
[-        ] NFC…N_KRONA:KRONA_KTIMPORTTEXT -
[-        ] NFC…KRONA:MEGAN_RMA2INFO_KRONA -
[-        ] NFC…VISUALIZATION_KRONA:GUNZIP -
[-        ] NFC…ONA:KRONA_KTIMPORTTAXONOMY -
[f0/75ae6f] NFC…XPASTA_MERGE (diamond|db6) | 1 of 1 ✔
[-        ] NFC…FILES:TAXPASTA_STANDARDISE -
[-        ] NFC…CKEN_COMBINEBRACKENOUTPUTS -
[-        ] NFC…OFILER:TAXPROFILER:MULTIQC | 0 of 1
Plus 6 more processes waiting for tasks…

executor >  slurm (42)
[-        ] NFC…PROFILER:TAXPROFILER:UNTAR -
[01/c7deeb] NFC…AXPROFILER:FASTQC (USA.74) | 5 of 5 ✔
[-        ] NFC…ORTREAD_FASTP:FASTP_SINGLE -
[88/88c654] NFC…ASTP:FASTP_PAIRED (USA.74) | 5 of 5 ✔
[06/9c4129] NFC…:FASTQC_PROCESSED (USA.74) | 5 of 5 ✔
[d8/a8ec5e] NFC…ERING:BBMAP_BBDUK (USA.74) | 5 of 5 ✔
[7a/74d135] NFC…VAL:BOWTIE2_ALIGN (USA.74) | 5 of 5 ✔
[24/e43ccf] NFC…AL:SAMTOOLS_INDEX (USA.74) | 5 of 5 ✔
[a4/2b8603] NFC…AL:SAMTOOLS_STATS (USA.74) | 5 of 5 ✔
[31/680d7b] NFC…IAMOND_BLASTX (db6|USA.74) | 5 of 5 ✔
[-        ] NFC…:KRAKENTOOLS_KREPORT2KRONA -
[-        ] NFC…ON_KRONA:KAIJU_KAIJU2KRONA -
[-        ] NFC…ZATION_KRONA:KRONA_CLEANUP -
[-        ] NFC…N_KRONA:KRONA_KTIMPORTTEXT -
[-        ] NFC…KRONA:MEGAN_RMA2INFO_KRONA -
[-        ] NFC…VISUALIZATION_KRONA:GUNZIP -
[-        ] NFC…ONA:KRONA_KTIMPORTTAXONOMY -
[f0/75ae6f] NFC…XPASTA_MERGE (diamond|db6) | 1 of 1 ✔
[-        ] NFC…FILES:TAXPASTA_STANDARDISE -
[-        ] NFC…CKEN_COMBINEBRACKENOUTPUTS -
[03/4a4ae9] NFC…OFILER:TAXPROFILER:MULTIQC | 0 of 1
Plus 6 more processes waiting for tasks…

executor >  slurm (42)
[-        ] NFC…PROFILER:TAXPROFILER:UNTAR -
[01/c7deeb] NFC…AXPROFILER:FASTQC (USA.74) | 5 of 5 ✔
[-        ] NFC…ORTREAD_FASTP:FASTP_SINGLE -
[88/88c654] NFC…ASTP:FASTP_PAIRED (USA.74) | 5 of 5 ✔
[06/9c4129] NFC…:FASTQC_PROCESSED (USA.74) | 5 of 5 ✔
[d8/a8ec5e] NFC…ERING:BBMAP_BBDUK (USA.74) | 5 of 5 ✔
[7a/74d135] NFC…VAL:BOWTIE2_ALIGN (USA.74) | 5 of 5 ✔
[24/e43ccf] NFC…AL:SAMTOOLS_INDEX (USA.74) | 5 of 5 ✔
[a4/2b8603] NFC…AL:SAMTOOLS_STATS (USA.74) | 5 of 5 ✔
[31/680d7b] NFC…IAMOND_BLASTX (db6|USA.74) | 5 of 5 ✔
[-        ] NFC…:KRAKENTOOLS_KREPORT2KRONA -
[-        ] NFC…ON_KRONA:KAIJU_KAIJU2KRONA -
[-        ] NFC…ZATION_KRONA:KRONA_CLEANUP -
[-        ] NFC…N_KRONA:KRONA_KTIMPORTTEXT -
[-        ] NFC…KRONA:MEGAN_RMA2INFO_KRONA -
[-        ] NFC…VISUALIZATION_KRONA:GUNZIP -
[-        ] NFC…ONA:KRONA_KTIMPORTTAXONOMY -
[f0/75ae6f] NFC…XPASTA_MERGE (diamond|db6) | 1 of 1 ✔
[-        ] NFC…FILES:TAXPASTA_STANDARDISE -
[-        ] NFC…CKEN_COMBINEBRACKENOUTPUTS -
[03/4a4ae9] NFC…OFILER:TAXPROFILER:MULTIQC | 0 of 1
Plus 6 more processes waiting for tasks…

executor >  slurm (42)
[-        ] NFC…PROFILER:TAXPROFILER:UNTAR -
[01/c7deeb] NFC…AXPROFILER:FASTQC (USA.74) | 5 of 5 ✔
[-        ] NFC…ORTREAD_FASTP:FASTP_SINGLE -
[88/88c654] NFC…ASTP:FASTP_PAIRED (USA.74) | 5 of 5 ✔
[06/9c4129] NFC…:FASTQC_PROCESSED (USA.74) | 5 of 5 ✔
[d8/a8ec5e] NFC…ERING:BBMAP_BBDUK (USA.74) | 5 of 5 ✔
[7a/74d135] NFC…VAL:BOWTIE2_ALIGN (USA.74) | 5 of 5 ✔
[24/e43ccf] NFC…AL:SAMTOOLS_INDEX (USA.74) | 5 of 5 ✔
[a4/2b8603] NFC…AL:SAMTOOLS_STATS (USA.74) | 5 of 5 ✔
[31/680d7b] NFC…IAMOND_BLASTX (db6|USA.74) | 5 of 5 ✔
[-        ] NFC…:KRAKENTOOLS_KREPORT2KRONA -
[-        ] NFC…ON_KRONA:KAIJU_KAIJU2KRONA -
[-        ] NFC…ZATION_KRONA:KRONA_CLEANUP -
[-        ] NFC…N_KRONA:KRONA_KTIMPORTTEXT -
[-        ] NFC…KRONA:MEGAN_RMA2INFO_KRONA -
[-        ] NFC…VISUALIZATION_KRONA:GUNZIP -
[-        ] NFC…ONA:KRONA_KTIMPORTTAXONOMY -
[f0/75ae6f] NFC…XPASTA_MERGE (diamond|db6) | 1 of 1 ✔
[-        ] NFC…FILES:TAXPASTA_STANDARDISE -
[-        ] NFC…CKEN_COMBINEBRACKENOUTPUTS -
[03/4a4ae9] NFC…OFILER:TAXPROFILER:MULTIQC | 1 of 1 ✔
Plus 6 more processes waiting for tasks…

executor >  slurm (42)
[-        ] NFC…PROFILER:TAXPROFILER:UNTAR -
[01/c7deeb] NFC…AXPROFILER:FASTQC (USA.74) | 5 of 5 ✔
[-        ] NFC…ORTREAD_FASTP:FASTP_SINGLE -
[88/88c654] NFC…ASTP:FASTP_PAIRED (USA.74) | 5 of 5 ✔
[06/9c4129] NFC…:FASTQC_PROCESSED (USA.74) | 5 of 5 ✔
[d8/a8ec5e] NFC…ERING:BBMAP_BBDUK (USA.74) | 5 of 5 ✔
[7a/74d135] NFC…VAL:BOWTIE2_ALIGN (USA.74) | 5 of 5 ✔
[24/e43ccf] NFC…AL:SAMTOOLS_INDEX (USA.74) | 5 of 5 ✔
[a4/2b8603] NFC…AL:SAMTOOLS_STATS (USA.74) | 5 of 5 ✔
[31/680d7b] NFC…IAMOND_BLASTX (db6|USA.74) | 5 of 5 ✔
[-        ] NFC…:KRAKENTOOLS_KREPORT2KRONA -
[-        ] NFC…ON_KRONA:KAIJU_KAIJU2KRONA -
[-        ] NFC…ZATION_KRONA:KRONA_CLEANUP -
[-        ] NFC…N_KRONA:KRONA_KTIMPORTTEXT -
[-        ] NFC…KRONA:MEGAN_RMA2INFO_KRONA -
[-        ] NFC…VISUALIZATION_KRONA:GUNZIP -
[-        ] NFC…ONA:KRONA_KTIMPORTTAXONOMY -
[f0/75ae6f] NFC…XPASTA_MERGE (diamond|db6) | 1 of 1 ✔
[-        ] NFC…FILES:TAXPASTA_STANDARDISE -
[-        ] NFC…CKEN_COMBINEBRACKENOUTPUTS -
[03/4a4ae9] NFC…OFILER:TAXPROFILER:MULTIQC | 1 of 1 ✔
Plus 6 more processes waiting for tasks…
-[nf-core/taxprofiler] Pipeline completed successfully-

executor >  slurm (42)
[-        ] NFC…PROFILER:TAXPROFILER:UNTAR -
[01/c7deeb] NFC…AXPROFILER:FASTQC (USA.74) | 5 of 5 ✔
[-        ] NFC…ORTREAD_FASTP:FASTP_SINGLE -
[88/88c654] NFC…ASTP:FASTP_PAIRED (USA.74) | 5 of 5 ✔
[06/9c4129] NFC…:FASTQC_PROCESSED (USA.74) | 5 of 5 ✔
[d8/a8ec5e] NFC…ERING:BBMAP_BBDUK (USA.74) | 5 of 5 ✔
[7a/74d135] NFC…VAL:BOWTIE2_ALIGN (USA.74) | 5 of 5 ✔
[24/e43ccf] NFC…AL:SAMTOOLS_INDEX (USA.74) | 5 of 5 ✔
[a4/2b8603] NFC…AL:SAMTOOLS_STATS (USA.74) | 5 of 5 ✔
[31/680d7b] NFC…IAMOND_BLASTX (db6|USA.74) | 5 of 5 ✔
[-        ] NFC…:KRAKENTOOLS_KREPORT2KRONA -
[-        ] NFC…ON_KRONA:KAIJU_KAIJU2KRONA -
[-        ] NFC…ZATION_KRONA:KRONA_CLEANUP -
[-        ] NFC…N_KRONA:KRONA_KTIMPORTTEXT -
[-        ] NFC…KRONA:MEGAN_RMA2INFO_KRONA -
[-        ] NFC…VISUALIZATION_KRONA:GUNZIP -
[-        ] NFC…ONA:KRONA_KTIMPORTTAXONOMY -
[f0/75ae6f] NFC…XPASTA_MERGE (diamond|db6) | 1 of 1 ✔
[-        ] NFC…FILES:TAXPASTA_STANDARDISE -
[-        ] NFC…CKEN_COMBINEBRACKENOUTPUTS -
[03/4a4ae9] NFC…OFILER:TAXPROFILER:MULTIQC | 1 of 1 ✔
Plus 6 more processes waiting for tasks…
-[nf-core/taxprofiler] Pipeline completed successfully-
Completed at: 01-Jan-2026 07:56:09
Duration    : 1d 21h 57m 47s
CPU hours   : 1'625.8
Succeeded   : 42


